                                                          Cloudy 17.03
                                                         www.nublado.org

                       **************************************17Jun01**************************************
                       *                                                                                 *
                       * title CIV QSO                                                                   *
                       * set punch prefix "CIV_QSO"                                                      *
                       * radius = 21.500 23.500                                                          *
                       * iterate to convergence                                                          *
                       * sphere                                                                          *
                       * init "dlaw_HI_exp.ini"                                                          *
                       * dlaw table                                                                      *
                       * table SED "QSO.sed"                                                             *
                       * no line transfer                                                                *
                       * nuL(nu) = 40.0 at 1 Ryd                                                         *
                       * stop temperature off                                                            *
                       * metals 10.0                                                                     *
                       * save last radius ".rad"                                                         *
                       * save last continuum ".cont"                                                     *
                       * save last physical conditions ".phy"                                            *
                       * save last overview ".ovr"                                                       *
                       * save last heating ".heat"                                                       *
                       * save last cooling ".cool"                                                       *
                       * save last optical depth ".opd"                                                  *
                       * save last element hydrogen ".ele_H"                                             *
                       * save last element helium ".ele_He"                                              *
                       * save last element carbon ".ele_C"                                               *
                       * save last element nitrogen ".ele_N"                                             *
                       * save last element oxygen ".ele_O"                                               *
                       * save last element argon ".ele_Ar"                                               *
                       * save last element neon ".ele_Ne"                                                *
                       * save last element sulphur ".ele_S"                                              *
                       * save last element chlorin ".ele_Cl"                                             *
                       * save last element iron ".ele_Fe"                                                *
                       * save last element silicon ".ele_Si"                                             *
                       * save last lines emissivity  ".emis"                                             *
                       *                                                                                 *
                       ***********************************************************************************



 NOTE NO LINE TRANSER set but fine opacities still computed.
 NOTE Turning off fine opacities.


 NOTE
 NOTE The simulation is going into neutral gas but cosmic rays are not included.
 NOTE Ion-molecule chemistry will not occur without a source of ionization.
 NOTE The chemistry network may collapse deep in molecular regions.
 NOTE Consider adding galactic background cosmic rays with the COSMIC RAYS BACKGROUND command.
 NOTE You may be making a BIG mistake.
 NOTE



 NOTE Setcon: continuum has zero intensity starting at  3.0447e-09 Ryd.
  3800 cells in the incident continuum have zero intensity.  Problems???

           8228CellPeak1.00E+00   Lo 3.04e-09=  29.98m   Hi-Con:7.13E+06 Ryd   E(hi):7.35E+06Ryd     E(hi):     100.00 MeV
           L(nu>1ryd):  40.1904   Average nu:2.632E+00   L( X-ray):  39.4171   L(BalC):  40.1154     Q(Balmer C):  51.0776
           Q(1.0-1.8):  50.2340   Q(1.8-4.0):  49.8640   Q(4.0-20):  49.3799   Q(20--):  48.2166     Ion pht flx:2.150E+06
           L(gam ray):  38.5061   Q(gam ray):  44.9900   L(Infred):  40.3499   Alf(ox):  -1.5331     Total lumin:  40.7070
           log L/Lsun:   7.1240   Abs bol mg: -13.0674   Abs V mag: -10.6281   Bol cor:  -2.4394     nuFnu(Bbet):  39.9467
           U(1.0----):2.982E-06   U(4.0----):2.829E-07   T(En-Den):1.156E+00   T(Comp):2.661E+06     nuJnu(912A):7.958E-05
           Occ(FarIR):0.000E+00   Occ(H n=6):3.303E-15   Occ(1Ryd):3.672E-21   Occ(4R):5.387E-24     Occ (Nu-hi):0.000E+00
           Tbr(FarIR):0.000E+00   Tbr(H n=6):1.447E-11   Tbr(1Ryd):5.795E-16   Tbr(4R):3.407E-18     Tbr (Nu-hi):0.000E+00
  
                                                  Gas Phase Chemical Composition
        H :  0.0000  He: -1.0000  Li: -7.6904  Be: -9.5800  B : -8.2097  C : -2.6108  N : -3.0701  O : -2.3098  F : -6.5200
        Ne: -3.0000  Na: -4.6696  Mg: -3.4597  Al: -4.5302  Si: -3.4597  P : -5.4949  S : -3.7352  Cl: -5.7190  Ar: -4.6003
        K : -5.8794  Ca: -4.6402  Sc: -7.8297  Ti: -5.9788  V : -7.0000  Cr: -5.3298  Mn: -5.5406  Fe: -3.5498  Co: -6.0799
                                               Ni: -4.7496  Cu: -6.7905  Zn: -6.4001
 
 ####  1  Te:2.302E+02 Hden:2.405E+01 Ne:4.652E+00 R:3.162E+21 R-R0:4.601E+12 dR:9.202E+12 NTR: 11 Htot:7.870E-22 T912: 1.00e+08###
 Hydrogen      8.18e-01 1.82e-01 H+o/Hden 1.00e+00 1.08e-09 H-    H2 1.32e-06 2.73e-10 H2+ HeH+ 2.55e-08 Ho+ ColD 1.81e+14 4.03e+13
 Helium        9.13e-01 8.64e-02 9.66e-05 HeI 2s3S 8.13e-09 Comp H,C 2.23e-30 1.93e-34 Fill Fac 1.00e+00 Gam1/tot 1.00e+00
 He singlet n  9.13e-01 4.98e-16 1.21e-22 3.60e-22 7.86e-23 1.48e-21 He tripl 8.13e-09 7.58e-20 1.38e-21 1.38e-20 4.13e-21
 Pressure      NgasTgas 7.22e+03 P(total) 9.97e-13 P( gas ) 9.97e-13 P(Radtn) 0.00e+00 Rad accl 2.36e-09 ForceMul 3.60e+06
 Texc(La)      2.55e+03 T(I con) 1.16e+00 T(D con) 1.16e-01 T(U tot) 1.16e+00 nT (c+d) 3.07e+05 Prad/Gas 0.00e+00 Pmag/Gas 0.00e+00
 Molecules     CH/Ctot: 1.51e-08 CH+/Ctot 3.51e-10 CO/Ctot: 2.58e-09 CO+/Ctot 1.57e-12 H2O/Otot 4.18e-17 OH/Ototl 4.50e-09
 Lithium       6.56e-01 3.44e-01 4.10e-06 0.00e+00 Berylliu 8.08e-01 1.90e-01 2.24e-03 0.00e+00 0.00e+00 sec ion: 2.02e-15
 Boron         4.16e-01 5.83e-01 1.07e-03 2.05e-05 0.00e+00 0.00e+00
 Carbon        5.77e-01 4.17e-01 6.06e-03 0.00e+00 0.00e+00 0.00e+00 0.00e+00 H2O+/O   4.19e-16 OH+/Otot 2.49e-08 Hex(tot) 0.00e+00
 Nitrogen      8.00e-01 2.00e-01 4.12e-05 0.00e+00 0.00e+00 0.00e+00 0.00e+00 0.00e+00 O2/Ototl 2.68e-12 O2+/Otot 1.77e-12
 Oxygen        9.09e-01 9.09e-02 2.16e-05 0.00e+00 0.00e+00 0.00e+00 0.00e+00 0.00e+00 0.00e+00
 Fluorine      7.28e-01 2.66e-01 5.98e-03 0.00e+00 0.00e+00 0.00e+00 0.00e+00 0.00e+00 0.00e+00 0.00e+00
 Neon          7.76e-01 2.22e-01 2.65e-03 0.00e+00 0.00e+00 0.00e+00 0.00e+00 0.00e+00 0.00e+00 0.00e+00 0.00e+00
 Sodium        3.22e-01 6.72e-01 6.69e-03 0.00e+00 0.00e+00 0.00e+00 0.00e+00 0.00e+00 0.00e+00 0.00e+00 0.00e+00 0.00e+00
 Magnesium     3.95e-01 5.96e-01 9.63e-03 0.00e+00 0.00e+00 0.00e+00 0.00e+00 0.00e+00 0.00e+00 0.00e+00 0.00e+00 0.00e+00 0.00e+00
 Aluminium  0  1.26e-03 9.92e-01 5.97e-03 1.25e-03 0.00e+00 0.00e+00 0.00e+00 0.00e+00 0.00e+00 0.00e+00 0.00e+00 0.00e+00 0.00e+00
 Silicon    0  2.27e-01 7.73e-01 1.62e-05 1.70e-05 0.00e+00 0.00e+00 0.00e+00 0.00e+00 0.00e+00 0.00e+00 0.00e+00 0.00e+00 0.00e+00
 Phosphorus 0  1.12e-02 9.85e-01 4.07e-03 3.22e-05 0.00e+00 0.00e+00 0.00e+00 0.00e+00 0.00e+00 0.00e+00 0.00e+00 0.00e+00 0.00e+00
 Sulphur    0  1.80e-01 8.15e-01 4.97e-03 0.00e+00 0.00e+00 0.00e+00 0.00e+00 0.00e+00 0.00e+00 0.00e+00 0.00e+00 0.00e+00 0.00e+00
 Chlorine   0  1.72e-02 9.73e-01 1.01e-02 1.10e-06 0.00e+00 0.00e+00 0.00e+00 0.00e+00 0.00e+00 0.00e+00 0.00e+00 0.00e+00 0.00e+00
 Argon      0  3.53e-01 6.07e-01 4.01e-02 0.00e+00 0.00e+00 0.00e+00 0.00e+00 0.00e+00 0.00e+00 0.00e+00 0.00e+00 0.00e+00 0.00e+00
 Potassium  0  4.69e-01 5.26e-01 5.03e-03 7.55e-07 0.00e+00 0.00e+00 0.00e+00 0.00e+00 0.00e+00 0.00e+00 0.00e+00 0.00e+00 0.00e+00
 Calcium    0  5.93e-01 3.96e-01 1.07e-02 8.98e-05 0.00e+00 0.00e+00 0.00e+00 0.00e+00 0.00e+00 0.00e+00 0.00e+00 0.00e+00 0.00e+00
 Scandium   0  4.88e-01 4.74e-01 3.71e-02 8.08e-04 3.37e-06 0.00e+00 0.00e+00 0.00e+00 0.00e+00 0.00e+00 0.00e+00 0.00e+00 0.00e+00
 Titanium   0  1.44e-03 9.86e-01 1.30e-02 2.09e-05 9.00e-06 0.00e+00 0.00e+00 0.00e+00 0.00e+00 0.00e+00 0.00e+00 0.00e+00 0.00e+00
 Vanadium   0  5.77e-01 4.07e-01 1.57e-02 1.94e-06 3.39e-06 0.00e+00 0.00e+00 0.00e+00 0.00e+00 0.00e+00 0.00e+00 0.00e+00 0.00e+00
 Chromium   0  3.41e-01 6.51e-01 7.54e-03 1.14e-06 0.00e+00 0.00e+00 0.00e+00 0.00e+00 0.00e+00 0.00e+00 0.00e+00 0.00e+00 0.00e+00
 Manganese  0  1.60e-03 9.96e-01 2.12e-03 1.60e-06 2.50e-06 0.00e+00 0.00e+00 0.00e+00 0.00e+00 0.00e+00 0.00e+00 0.00e+00 0.00e+00
 Iron       0  9.09e-04 9.99e-01 4.79e-04 2.77e-05 0.00e+00 0.00e+00 0.00e+00 0.00e+00 0.00e+00 0.00e+00 0.00e+00 0.00e+00 0.00e+00
 Cobalt     0  7.02e-01 2.97e-01 5.05e-04 2.03e-06 2.74e-06 0.00e+00 0.00e+00 0.00e+00 0.00e+00 0.00e+00 0.00e+00 0.00e+00 0.00e+00
 Nickel     0  1.99e-03 9.96e-01 1.65e-03 6.10e-07 1.05e-06 0.00e+00 0.00e+00 0.00e+00 0.00e+00 0.00e+00 0.00e+00 0.00e+00 0.00e+00
 Copper     0  4.89e-01 4.30e-01 8.09e-02 3.36e-06 0.00e+00 0.00e+00 0.00e+00 0.00e+00 0.00e+00 0.00e+00 0.00e+00 0.00e+00 0.00e+00
 Zinc       0  7.24e-01 2.52e-01 2.31e-02 6.05e-04 1.06e-05 0.00e+00 0.00e+00 0.00e+00 0.00e+00 0.00e+00 0.00e+00 0.00e+00 0.00e+00
 PROBLEM DISASTER - the kinetic temperature appears to be below the lower limit of the code, 2.800e+00K.  It does not bracket thermal balance.
 This calculation is aborting.
 Sorry.

 This is often due to mixing luminosity/intensity commands, having an unphysical SED, or too high a flux of cosmic rays.
 To find the problem, try setting a constant temperature (and STOP ZONE 1), rerun the model, and check the output to find what is happening.

 ####330  Te:2.800E+00 Hden:2.402E+01 Ne:5.919E-03 R:3.344E+21 R-R0:1.821E+20 dR:3.658E+18 NTR:  5 Htot:2.321E-27 T912: 1.00e+08###
 Hydrogen      9.67e-01 9.22e-08 H+o/Hden 9.67e-01 1.49e-12 H-    H2 1.67e-02 6.59e-12 H2+ HeH+ 8.32e-14 Ho+ ColD 4.24e+21 3.21e+17
 Helium        1.00e+00 1.03e-07 1.60e-13 HeI 2s3S 3.25e-16 Comp H,C 2.42e-33 2.63e-39 Fill Fac 1.00e+00 Gam1/tot 5.86e-03
 He singlet n  1.00e+00 1.47e-22 3.20e-28 4.98e-29 2.42e-28 6.96e-29 He tripl 3.25e-16 3.10e-27 5.09e-29 5.21e-28 1.88e-28
 Pressure      NgasTgas 7.36e+01 P(total) 1.02e-14 P( gas ) 1.02e-14 P(Radtn) 0.00e+00 Rad accl 2.79e-14 ForceMul 3.77e+04
 Texc(La)      2.60e+03 T(I con) 9.87e-01 T(D con) 8.87e-01 T(U tot) 1.12e+00 nT (c+d) 4.53e+05 Prad/Gas 0.00e+00 Pmag/Gas 0.00e+00
 Molecules     CH/Ctot: 6.45e-06 CH+/Ctot 3.60e-09 CO/Ctot: 6.64e-02 CO+/Ctot 6.93e-11 H2O/Otot 6.07e-11 OH/Ototl 1.18e-05
 Lithium       2.64e-02 9.74e-01 2.61e-10 0.00e+00 Berylliu 9.99e-01 1.09e-03 1.60e-07 0.00e+00 0.00e+00 sec ion: 3.22e-18
 Boron         9.93e-01 6.94e-03 1.49e-09 0.00e+00 0.00e+00 0.00e+00
 Carbon        9.34e-01 3.65e-06 2.08e-08 0.00e+00 0.00e+00 0.00e+00 0.00e+00 H2O+/O   7.46e-12 OH+/Otot 4.13e-10 Hex(tot) 0.00e+00
 Nitrogen      1.00e+00 8.36e-07 3.49e-10 0.00e+00 0.00e+00 0.00e+00 0.00e+00 0.00e+00 O2/Ototl 9.19e-10 O2+/Otot 1.13e-12
 Oxygen        9.67e-01 7.90e-10 2.24e-10 0.00e+00 0.00e+00 0.00e+00 0.00e+00 0.00e+00 0.00e+00
 Fluorine      1.00e+00 8.40e-06 2.89e-06 0.00e+00 0.00e+00 0.00e+00 0.00e+00 0.00e+00 0.00e+00 0.00e+00
 Neon          1.00e+00 3.75e-05 4.36e-06 0.00e+00 0.00e+00 0.00e+00 0.00e+00 0.00e+00 0.00e+00 0.00e+00 0.00e+00
 Sodium        8.03e-01 1.97e-01 7.39e-06 0.00e+00 0.00e+00 0.00e+00 0.00e+00 0.00e+00 0.00e+00 0.00e+00 0.00e+00 0.00e+00
 Magnesium     5.27e-01 4.73e-01 5.11e-06 0.00e+00 0.00e+00 0.00e+00 0.00e+00 0.00e+00 0.00e+00 0.00e+00 0.00e+00 0.00e+00 0.00e+00
 Aluminium  0  1.92e-03 9.98e-01 1.20e-05 5.05e-06 0.00e+00 0.00e+00 0.00e+00 0.00e+00 0.00e+00 0.00e+00 0.00e+00 0.00e+00 0.00e+00
 Silicon    0  9.96e-01 3.57e-03 2.29e-10 0.00e+00 0.00e+00 0.00e+00 0.00e+00 0.00e+00 0.00e+00 0.00e+00 0.00e+00 0.00e+00 0.00e+00
 Phosphorus 0  9.98e-01 2.40e-03 8.16e-06 0.00e+00 0.00e+00 0.00e+00 0.00e+00 0.00e+00 0.00e+00 0.00e+00 0.00e+00 0.00e+00 0.00e+00
 Sulphur    0  1.00e+00 1.47e-05 2.37e-08 0.00e+00 0.00e+00 0.00e+00 0.00e+00 0.00e+00 0.00e+00 0.00e+00 0.00e+00 0.00e+00 0.00e+00
 Chlorine   0  1.00e+00 5.54e-06 3.61e-06 0.00e+00 0.00e+00 0.00e+00 0.00e+00 0.00e+00 0.00e+00 0.00e+00 0.00e+00 0.00e+00 0.00e+00
 Argon      0  1.00e+00 5.45e-08 4.71e-08 0.00e+00 0.00e+00 0.00e+00 0.00e+00 0.00e+00 0.00e+00 0.00e+00 0.00e+00 0.00e+00 0.00e+00
 Potassium  0  1.06e-01 8.94e-01 8.75e-06 0.00e+00 0.00e+00 0.00e+00 0.00e+00 0.00e+00 0.00e+00 0.00e+00 0.00e+00 0.00e+00 0.00e+00
 Calcium    0  1.29e-01 8.71e-01 1.23e-05 0.00e+00 0.00e+00 0.00e+00 0.00e+00 0.00e+00 0.00e+00 0.00e+00 0.00e+00 0.00e+00 0.00e+00
 Scandium   0  9.41e-01 5.89e-02 4.23e-06 0.00e+00 0.00e+00 0.00e+00 0.00e+00 0.00e+00 0.00e+00 0.00e+00 0.00e+00 0.00e+00 0.00e+00
 Titanium   0  8.77e-01 1.23e-01 6.04e-07 0.00e+00 0.00e+00 0.00e+00 0.00e+00 0.00e+00 0.00e+00 0.00e+00 0.00e+00 0.00e+00 0.00e+00
 Vanadium   0  7.62e-01 2.38e-01 1.05e-06 0.00e+00 0.00e+00 0.00e+00 0.00e+00 0.00e+00 0.00e+00 0.00e+00 0.00e+00 0.00e+00 0.00e+00
 Chromium   0  9.36e-01 6.39e-02 2.44e-08 0.00e+00 0.00e+00 0.00e+00 0.00e+00 0.00e+00 0.00e+00 0.00e+00 0.00e+00 0.00e+00 0.00e+00
 Manganese  0  7.32e-01 2.68e-01 8.33e-09 0.00e+00 0.00e+00 0.00e+00 0.00e+00 0.00e+00 0.00e+00 0.00e+00 0.00e+00 0.00e+00 0.00e+00
 Iron       0  9.43e-01 5.70e-02 1.81e-09 0.00e+00 0.00e+00 0.00e+00 0.00e+00 0.00e+00 0.00e+00 0.00e+00 0.00e+00 0.00e+00 0.00e+00
 Cobalt     0  9.54e-01 4.62e-02 4.31e-09 0.00e+00 0.00e+00 0.00e+00 0.00e+00 0.00e+00 0.00e+00 0.00e+00 0.00e+00 0.00e+00 0.00e+00
 Nickel     0  5.35e-01 4.65e-01 5.67e-09 0.00e+00 0.00e+00 0.00e+00 0.00e+00 0.00e+00 0.00e+00 0.00e+00 0.00e+00 0.00e+00 0.00e+00
 Copper     0  8.24e-01 1.76e-01 5.43e-05 0.00e+00 0.00e+00 0.00e+00 0.00e+00 0.00e+00 0.00e+00 0.00e+00 0.00e+00 0.00e+00 0.00e+00
 Zinc       0  9.99e-01 4.66e-04 5.90e-05 4.25e-05 4.81e-06 0.00e+00 0.00e+00 0.00e+00 0.00e+00 0.00e+00 0.00e+00 0.00e+00 0.00e+00
   CIV QSO  
 W-Calculation stopped because calculation aborted. Iteration  1 of 10
   The geometry is plane-parallel.
 W-Calculation stopped because calculation aborted.
 W-This was not intended.
 W-The calculation aborted.  Something REALLY went wrong!
 C-Continuum zero at some energies.
  !Background cosmic rays are not included - is this physical?  It affects the chemistry.
  !Ionization rate fell below background cosmic ray ionization rate.  Should this be added too?
  !   Use the COSMIC RAY BACKGROUND command.
  !Some input lines contained underscores, these were changed to spaces.
  !Suprathermal collisional ionization of H reached 99.41% of the local H ionization rate.
  !Charge transfer H => H+ reached 255.4% of the local H ionization rate.
  !AGE: Cloud age was not set.  Longest timescale was 5.12e+16 s = 1.62e+09 years.
  !The excitation temp of Lya exceeded the electron temp, largest value was 3.35e+03K (gas temp there was 9.04e+00K, zone 163)
  !Incident radiation field energy density is less than 2.7K.  Add background with CMB command.
  !The CMB was not included.  This is added with the CMB command.
  !The intensity of the incident radiation field is less than 10 times the Habing diffuse ISM field.  Is this OK?
  !   Consider adding diffuse ISM emission with TABLE ISM command.
  !The optical depth in the H I 21 cm line is 3.02e+02
  !The CO density varied by 22.8% between two zones
   Te-ne bounds of Case B lookup table exceeded, H I Case B line intensities set to zero.
   Te-ne bounds of Case B lookup table exceeded, He II Case B line intensities set to zero.
   Charge transfer heating reached 1.15% of the local heating.
   The density is too low to l-mix the lowest H  I collapsed level.  More resolved levels are needed for accurate line ratios.
   The density is too low to l-mix the lowest He I collapsed level.  More resolved levels are needed for accurate line ratios.
   Grains were not present but might survive in this environment (energy density temperature was 1.16e+00K)
   Cloud thicker than smallest Jeans length=1.10e+19cm; stability problems? (smallest Jeans mass=2.20e+01Mo)
   The continuum optical depth at the lowest energy considered (3.045e-09 Ryd) was 2.167e+00.
   The optical depth to Rayleigh scattering at 1300A is 2.85e-02
   The fraction of H in H2 reached 3.34% at some point in the cloud.
   The fraction of C in CO reached 6.64% at some point in the cloud.

                       *********************************> Cloudy 17.03 <**********************************
                       * title CIV QSO                                                                   *
                       * set punch prefix "CIV_QSO"                                                      *
                       * radius = 21.500 23.500                                                          *
                       * iterate to convergence                                                          *
                       * sphere                                                                          *
                       * init "dlaw_HI_exp.ini"                                                          *
                       * table SED "QSO.sed"                                                             *
                       * no line transfer                                                                *
                       * nuL(nu) = 40.0 at 1 Ryd                                                         *
                       * stop temperature off                                                            *
                       * metals 10.0                                                                     *
                       * save last radius ".rad"                                                         *
                       * save last continuum ".cont"                                                     *
                       * save last physical conditions ".phy"                                            *
                       * save last overview ".ovr"                                                       *
                       * save last heating ".heat"                                                       *
                       * save last cooling ".cool"                                                       *
                       * save last optical depth ".opd"                                                  *
                       * save last element hydrogen ".ele_H"                                             *
                       * save last element helium ".ele_He"                                              *
                       * save last element carbon ".ele_C"                                               *
                       * save last element nitrogen ".ele_N"                                             *
                       * save last element oxygen ".ele_O"                                               *
                       * save last element argon ".ele_Ar"                                               *
                       * save last element neon ".ele_Ne"                                                *
                       * save last element sulphur ".ele_S"                                              *
                       * save last element chlorin ".ele_Cl"                                             *
                       * save last element iron ".ele_Fe"                                                *
                       * save last element silicon ".ele_Si"                                             *
                       * save last lines emissivity  ".emis"                                             *
                       * H  1  1215.67A                                                                  *
                       * H  1  1025.72A                                                                  *
                       * H  1  4861.33A                                                                  *
                       * H  1  6562.81A                                                                  *
                       * O  6  1031.91A                                                                  *
                       * O  6  1037.62A                                                                  *
                       * He 2  949.31A                                                                   *
                       * He 2  972.108A                                                                  *
                       * He 2  1025.27A                                                                  *
                       * He 2  1640.43A                                                                  *
                       * He 2  4859A                                                                     *
                       * He 2  4339A                                                                     *
                       * He 2  6527A                                                                     *
                       * He 2  6560A                                                                     *
                       * C  4  1550.78                                                                   *
                       * O  3  5006.84A                                                                  *
                       * N  5  1238.82                                                                   *
                       * N  5  1242.80                                                                   *
                       * c  4  1548.19                                                                   *
                       * c  4  1550.78                                                                   *
                       * mg 2  2795.53                                                                   *
                       * mg 2  2802.71                                                                   *
                       * end of lines                                                                    *
                       *********************************> Log(U): -5.53 <*********************************
  
                       >>>>>>>>>> Warning!
                       >>>>>>>>>> Warning!
                       >>>>>>>>>> Warning!  Warnings exist, this calculation has serious problems.
                       >>>>>>>>>> Warning!
                       >>>>>>>>>> Warning!
  
                       >>>>>>>>>> The calculation stopped for unintended reasons.

                     Emission Line Spectrum.  Special Density Lw Model.  Closed geometry.  Iteration 1 of 10.
                                    Luminosity (erg/s) emitted by a shell with full coverage.


                                                   Intrinsic line intensities
general properties.............................      He 1                2.27752m   35.502    0.0037      He 1                2610.71A   35.836    0.0081
Inci                      0    40.707  600.5527      He 1                2.27752m   35.025    0.0012      He 1                3355.42A   35.092    0.0015
TotH                      0    39.866   86.6596      He 1                2.27778m   35.232    0.0020      He 1                3297.33A   34.997    0.0012
TotC                      0    39.866   86.6836      He 1                3.20640m   34.942    0.0010      He 1                3136.75A   35.347    0.0026
BFH1                      0    39.495   36.8292      He 1                3.27715m   35.149    0.0017      He 1                7065.22A   36.251    0.0210
BFHe                      0    39.121   15.5831      He 1                3.27968m   35.220    0.0020      He 1                5875.64A   37.216    0.1939
TotM                      0    39.460   33.9738      He 1                3.28001m   35.134    0.0016      He 1                4713.03A   35.513    0.0038
Cbnd                      0    35.142    0.0016      He 1                4.46460m   35.705    0.0060      He 1                4471.49A   36.769    0.0693
CT H                      0    37.348    0.2630      He 1                5.83132m   35.533    0.0040      He 1                4120.82A   35.048    0.0013
H FB                      0    36.772    0.0698      He 1                7.38026m   35.382    0.0028      He 1                4026.20A   36.437    0.0322
HFBc                      0    36.772    0.0698      He 1                9.11143m   35.246    0.0021      He 1                3819.61A   36.174    0.0176
He 1h                     0    35.023    0.0012      He 1                11.0248m   35.123    0.0016      He 1                3704.76A   36.214    0.0193
COc                       0    36.984    0.1137      He 1                13.1205m   35.011    0.0012      He 1                3634.08A   36.108    0.0151
^13COc                    0    35.533    0.0040      He 1                61.5933m   35.485    0.0036      He 1                3587.16A   36.015    0.0122
C  1c                     0    39.289   22.9157      grains.........................................      He 1                3554.34A   35.934    0.0101
C  2c                     0    39.525   39.5236      H-like iso-sequence............................      He 1                3530.43A   35.860    0.0085
Fe 2c                     0    38.395    2.9252      LA X                1215.67A   38.777    7.0552      He 1                3512.47A   35.794    0.0073
Ne 2c                     0    36.328    0.0251      Dest                1215.67A   38.779    7.0807      He 1                3498.61A   35.734    0.0064
Ne 3c                     0    35.065    0.0014      Q(H)                4861.33A   38.108    1.5131      He 1                3487.70A   35.679    0.0056
O  1c                     0    38.086    1.4388      Q(H)                1215.67A   39.645   52.0527      He 1                3478.94A   35.629    0.0050
O  3c                     0    34.935    0.0010      CaBo                4861.33A   38.095    1.4680      He 1                3471.80A   35.583    0.0045
P  2c                     0    37.605    0.4750      CaBo                1640.00A   36.512    0.0384      He 1                3465.91A   35.541    0.0041
S  1c                     0    36.043    0.0130      CaBo                4685.64A   36.132    0.0160      He 1                3460.99A   35.503    0.0038
S  3c                     0    36.536    0.0405      H  1                2431.34A   38.555    4.2323      He 1                3456.84A   35.469    0.0035
Si 1c                     0    37.112    0.1525      H  1                1215.67A   39.519   38.9823      He 1                3453.30A   35.441    0.0033
Si 2c                     0    39.177   17.7166      H  1                1025.72A   38.774    7.0135      He 1                3450.26A   35.418    0.0031
Cl 2c                     0    35.595    0.0046      H  1                972.537A   38.333    2.5408      He 1                3447.63A   35.405    0.0030
N  2c                     0    38.015    1.2220      H  1                949.743A   38.020    1.2346      He 1                3445.34A   35.404    0.0030
continua.......................................      H  1                937.804A   37.776    0.7046      He 1                3443.33A   35.429    0.0032
Bac                 3646.00A   40.514  385.1534      H  1                930.748A   37.577    0.4452      He 1                3441.56A   35.514    0.0039
nFnu                3645.00A   40.517  387.8196      H  1                926.226A   37.408    0.3019      He 1                3439.99A   36.424    0.0313
nFnu                3647.00A   38.354    2.6662      H  1                923.150A   37.262    0.2156      He 1                7281.35A   35.473    0.0035
cout                3646.00A   40.514  385.1534      H  1                920.963A   37.133    0.1602      He 1                6678.15A   36.670    0.0552
thin                3646.00A   40.514  385.1532      H  1                919.351A   37.811    0.7629      He 1                5047.64A   35.019    0.0012
Inci                4860.00A   39.947  104.3276      H  1                918.129A   37.744    0.6541      He 1                4921.93A   36.202    0.0188
Inci                1215.00A   40.436  321.8800      H  1                917.181A   37.683    0.5687      He 1                4387.93A   35.864    0.0086
Ba C                      0    38.296    2.3289      H  1                916.429A   37.628    0.5004      He 1                4143.76A   35.604    0.0047
PA C                      0    37.944    1.0366      H  1                915.824A   37.577    0.4451      He 1                4009.05A   35.577    0.0045
FIR                 83.0000m   39.710   60.4225      H  1                915.329A   37.531    0.4001      He 1                3926.41A   35.469    0.0035
TIR                 1800.00m   39.250   20.9855      H  1                914.919A   37.489    0.3632      He 1                3871.69A   35.375    0.0028
NIRa                2.85000m   40.299  234.5913      H  1                914.576A   37.451    0.3332      He 1                3833.48A   35.293    0.0023
NIRb                3.00000m   39.855   84.3880      H  1                914.286A   37.419    0.3093      He 1                3805.69A   35.219    0.0020
MIRa                15.0000m   39.909   95.6366      H  1                914.039A   37.393    0.2913      He 1                3784.82A   35.152    0.0017
MIRb                22.5000m   40.057  134.3574      H  1                913.826A   37.375    0.2798      He 1                3768.74A   35.092    0.0015
NMIR                21.7500m   40.299  234.5913      H  1                913.641A   37.371    0.2770      He 1                3756.08A   35.036    0.0013
TFIR                611.250m   39.731   63.5393      H  1                913.480A   37.391    0.2900      He 1                3745.92A   34.986    0.0011
TALL                10000.0A   40.595  463.8474      H  1                913.339A   37.471    0.3487      He 1                3737.65A   34.939    0.0010
F12                 12.0000m   39.467   34.5635      H  1                913.215A   38.366    2.7380      He 1                3700.80A   35.779    0.0071
F25                 25.0000m   39.307   23.9176      H  1                6562.81A   38.441    3.2576      He 1                4.29459m   35.051    0.0013
F60                 60.0000m   39.133   16.0037      H  1                4861.33A   37.928    1.0000      He 1                1.25274m   35.138    0.0016
F100                100.000m   37.933    1.0098      H  1                4340.46A   37.575    0.4428      He 1                9463.57A   35.057    0.0013
MIPS                24.0000m   39.059   13.5104      H  1                4101.73A   37.310    0.2405      He 1                1.70027m   35.619    0.0049
MIPS                70.0000m   38.645    5.2062      H  1                3970.07A   37.098    0.1478      He 1                1.19692m   35.440    0.0032
MIPS                160.000m   39.527   39.6981      H  1                3889.05A   36.922    0.0986      He 1                1.03113m   35.234    0.0020
IRAC                3.60000m   39.072   13.9292      H  1                3835.38A   36.772    0.0697      He 1                9515.06A   35.327    0.0025
IRAC                4.50000m   39.112   15.2483      H  1                3797.89A   36.641    0.0516      He 1                9062.39A   35.236    0.0020
IRAC                5.80000m   39.142   16.3379      H  1                3770.63A   36.947    0.1044      He 1                8776.14A   35.154    0.0017
IRAC                8.00000m   39.299   23.4602      H  1                3750.15A   36.881    0.0896      He 1                8582.23A   35.079    0.0014
SPR1                250.000m   35.044    0.0013      H  1                3734.36A   36.820    0.0779      He 1                8444.19A   35.008    0.0012
SPR2                350.000m   38.238    2.0404      H  1                3721.93A   36.765    0.0686      He 1                8342.14A   34.946    0.0010
PAC1                70.0000m   38.719    6.1760      H  1                3711.97A   36.714    0.0610      He 1                7944.61A   35.590    0.0046
PAC2                100.000m   38.043    1.3021      H  1                3703.85A   36.668    0.0549      He 1                1.86854m   36.342    0.0259
PAC3                160.000m   39.527   39.6999      H  1                3697.15A   36.626    0.0498      He 1                1.27849m   35.999    0.0118
PAH                 3.30000m   38.220    1.9550      H  1                3691.55A   36.588    0.0457      He 1                1.09130m   35.721    0.0062
PAHC                3.23000m   37.929    1.0003      H  1                3686.83A   36.556    0.0424      He 1                1.00275m   35.397    0.0029
PAHC                3.37000m   37.904    0.9445      H  1                3682.80A   36.530    0.0400      He 1                9526.01A   35.282    0.0023
PAH                 6.20000m   38.659    5.3750      H  1                3679.35A   36.513    0.0384      He 1                9210.23A   35.184    0.0018
PAHC                5.65000m   38.697    5.8699      H  1                3676.36A   36.508    0.0380      He 1                8996.90A   35.099    0.0015
PAH                 7.90000m   38.848    8.3087      H  1                3673.75A   36.528    0.0398      He 1                8845.32A   35.019    0.0012
PAHC                6.90000m   38.911    9.6059      H  1                3671.47A   36.608    0.0479      He 1                8733.40A   34.951    0.0011
PAH                 11.3000m   38.260    2.1471      H  1                3669.46A   37.503    0.3758      He 1                8298.68A   35.570    0.0044
PAHC                10.9000m   38.283    2.2604      H  1                1.87510m   37.719    0.6172      He 1                1.86972m   35.864    0.0086
PAH                 11.8000m   38.474    3.5112      H  1                1.28180m   37.350    0.2642      He 1                1.27905m   35.522    0.0039
PAHC                12.6500m   38.448    3.3091      H  1                1.09380m   37.061    0.1358      He 1                1.09171m   35.243    0.0021
PAH                 13.3000m   38.474    3.5092      H  1                1.00493m   36.833    0.0802      He 1                8301.03A   35.085    0.0014
PAHC                14.1000m   38.442    3.2646      H  1                9545.93A   36.644    0.0520      He 1                1.90894m   35.168    0.0017
Bcon                3640.00A   39.891   91.6624      H  1                9228.97A   36.485    0.0360      He 1                1.29684m   34.966    0.0011
Pcon                5000.00A   39.670   55.1294      H  1                9014.87A   36.346    0.0262      He 1                8373.61A   35.023    0.0012
O3bn                5007.00A   38.098    1.4774      H  1                8862.74A   36.432    0.0319      He 1                1.44234m   34.986    0.0011
SX                  25.0000A   37.041    0.1296      H  1                8750.43A   36.366    0.0274      He 1                4.03664m   35.252    0.0021
HX                  4.70000A   38.747    6.5863      H  1                8664.98A   36.305    0.0238      He 1                2.61850m   35.117    0.0015
HFFc                      0    36.139    0.0162      H  1                8598.35A   36.250    0.0210      He 1                1.49127m   35.114    0.0015
H FF                      0    36.036    0.0128      H  1                8545.34A   36.200    0.0187      He 1                4.04791m   35.640    0.0052
HeFF                      0    34.970    0.0011      H  1                8502.44A   36.154    0.0168      He 1                2.62338m   35.367    0.0027
MeFB                      0    36.046    0.0131      H  1                8467.21A   36.112    0.0153      He 1                1.49291m   34.988    0.0011
MeFF                      0    35.056    0.0013      H  1                8437.91A   36.075    0.0140      He 1                4.04793m   35.163    0.0017
ToFF                      0    36.112    0.0152      H  1                8413.28A   36.042    0.0130      He 1                7.45411m   35.021    0.0012
nFnu                122.400m   35.611    0.0048      H  1                8392.35A   36.017    0.0122      Ca B                2945.10A   36.911    0.0960
nFnu                60.8322m   36.123    0.0157      H  1                8374.43A   35.999    0.0118      Ca B                3187.74A   37.231    0.2008
nInu                60.8322m   39.185   18.0534      H  1                8358.96A   35.995    0.0117      Ca B                3613.64A   36.342    0.0259
nFnu                41.2152m   36.676    0.0560      H  1                8345.51A   36.015    0.0122      Ca B                3888.63A   37.638    0.5128
nInu                41.2152m   39.408   30.1846      H  1                8333.74A   36.095    0.0147      Ca B                3964.73A   36.653    0.0530
nFnu                30.8695m   36.652    0.0529      H  1                8323.38A   36.990    0.1152      Ca B                4026.20A   37.019    0.1232
nInu                30.8695m   39.520   39.0792      H  1                4.05113m   37.151    0.1671      Ca B                4120.82A   35.812    0.0077
nFnu                24.7829m   36.664    0.0544      H  1                2.62513m   36.884    0.0902      Ca B                4387.93A   36.447    0.0330
nInu                24.7829m   39.580   44.7972      H  1                2.16551m   36.648    0.0524      Ca B                4437.55A   35.457    0.0034
nFnu                24.2998m   36.639    0.0513      H  1                1.94454m   36.450    0.0332      Ca B                4471.49A   37.356    0.2679
nInu                24.2998m   39.588   45.7021      H  1                1.81740m   36.283    0.0226      Ca B                4713.03A   36.237    0.0203
nFnu                22.8302m   36.754    0.0669      H  1                1.73620m   36.138    0.0162      Ca B                4921.93A   36.792    0.0731
nInu                22.8302m   39.606   47.5426      H  1                1.68064m   36.062    0.0136      Ca B                5015.68A   37.062    0.1359
nFnu                21.4199m   36.649    0.0525      H  1                1.64071m   35.997    0.0117      Ca B                5047.64A   35.842    0.0082
nInu                21.4199m   39.619   49.0719      H  1                1.61092m   35.937    0.0102      Ca B                5875.64A   37.835    0.8063
nFnu                21.1235m   36.625    0.0498      H  1                1.58804m   35.882    0.0090      Ca B                6678.15A   37.292    0.2312
nInu                21.1235m   39.623   49.4826      H  1                1.57006m   35.832    0.0080      Ca B                7065.22A   36.916    0.0972
nFnu                19.6199m   36.742    0.0651      H  1                1.55563m   35.786    0.0072      Ca B                7281.35A   36.413    0.0305
nInu                19.6199m   39.629   50.1621      H  1                1.54388m   35.744    0.0065      Ca B                9463.57A   35.653    0.0053
nFnu                17.6534m   36.892    0.0921      H  1                1.53417m   35.707    0.0060      Ca B                1.08303m   37.979    1.1234
nInu                17.6534m   39.651   52.8214      H  1                1.52604m   35.675    0.0056      Ca B                1.10131m   35.244    0.0021
nFnu                17.3700m   36.837    0.0810      H  1                1.51917m   35.649    0.0053      Ca B                1.19692m   36.023    0.0124
nInu                17.3700m   39.655   53.2634      H  1                1.51331m   35.632    0.0051      Ca B                1.25274m   35.737    0.0064
nFnu                15.6901m   36.619    0.0490      H  1                1.50827m   35.628    0.0050      Ca B                1.27849m   36.601    0.0471
nInu                15.6901m   39.667   54.8105      H  1                1.50389m   35.648    0.0052      Ca B                1.27905m   36.124    0.0157
nFnu                14.6036m   36.834    0.0804      H  1                1.50008m   35.728    0.0063      Ca B                1.28461m   35.106    0.0015
nInu                14.6036m   39.682   56.7628      H  1                1.49672m   36.623    0.0495      Ca B                1.29684m   35.549    0.0042
nFnu                12.4300m   36.902    0.0942      H  1                7.45777m   36.671    0.0553      Ca B                1.29849m   35.197    0.0019
nInu                12.4300m   39.698   58.8204      H  1                4.65247m   36.478    0.0355      Ca B                1.50837m   35.378    0.0028
nFnu                11.4000m   36.666    0.0547      H  1                3.73951m   36.286    0.0228      Ca B                1.70027m   36.206    0.0189
nInu                11.4000m   39.707   60.0267      H  1                3.29607m   36.116    0.0154      Ca B                1.86854m   37.001    0.1181
nFnu                10.4600m   36.995    0.1166      H  1                3.03835m   35.969    0.0110      Ca B                1.86972m   36.523    0.0393
nInu                10.4600m   39.717   61.4001      H  1                2.87219m   35.773    0.0070      Ca B                1.90894m   35.758    0.0067
nFnu                9.48002m   36.682    0.0566      H  1                2.75749m   35.709    0.0060      Ca B                1.95430m   35.502    0.0038
nInu                9.48002m   39.727   62.8306      H  1                2.67438m   35.649    0.0053      Ca B                2.05813m   37.159    0.1702
nFnu                9.32488m   36.629    0.0501      H  1                2.61191m   35.595    0.0046      Ca B                2.11180m   35.421    0.0031
nInu                9.32488m   39.730   63.3532      H  1                2.56361m   35.545    0.0041      Ca B                2.11303m   35.052    0.0013
nFnu                8.21035m   36.907    0.0953      H  1                2.52538m   35.499    0.0037      Ca B                2.16080m   35.514    0.0039
nInu                8.21035m   39.737   64.2938      H  1                2.49455m   35.458    0.0034      Ca B                2.16170m   35.038    0.0013
nFnu                7.58000m   36.598    0.0467      H  1                2.46929m   35.421    0.0031      Pho+                3889.00A   37.709    0.6037
nInu                7.58000m   39.745   65.5606      H  1                2.44831m   35.389    0.0029      extra Lyman....................................
nFnu                7.05026m   37.274    0.2215      H  1                2.43068m   35.363    0.0027      database lines.................................
nInu                7.05026m   39.747   65.7918      H  1                2.41571m   35.346    0.0026      CO                  2600.05m   36.923    0.0987
nFnu                4.11370m   37.314    0.2430      H  1                2.40288m   35.341    0.0026      CO                  1300.05m   36.100    0.0149
nInu                4.11370m   39.745   65.5440      H  1                2.39180m   35.362    0.0027      ^13CO               2719.67m   35.464    0.0034
nFnu                2.32440m   35.976    0.0112      H  1                2.38215m   35.442    0.0033      C  1                370.269m   38.238    2.0399
nInu                2.32440m   39.661   54.0470      H  1                2.37371m   36.337    0.0256      C  1                609.590m   39.248   20.8758
nFnu                1.64313m   38.152    1.6745      H  1                12.3684m   36.252    0.0211      C  2                157.636m   39.525   39.5236
nInu                1.64313m   39.506   37.8008      H  1                7.50038m   36.115    0.0154      Fe 2                25.9811m   38.382    2.8442
nFnu                1.48022m   36.538    0.0407      H  1                5.90655m   35.958    0.0107      Fe 2                35.3394m   36.803    0.0750
nInu                1.48022m   39.473   35.0805      H  1                5.12722m   35.814    0.0077      Fe 2                51.2865m   35.667    0.0055
nFnu                1.43649m   38.804    7.5149      H  1                4.67119m   35.535    0.0040      Ne 2                12.8101m   36.328    0.0251
nInu                1.43649m   39.467   34.5581      H  1                4.37522m   35.471    0.0035      Ne 3                15.5509m   35.059    0.0014
nFnu                1.11867m   36.821    0.0780      H  1                4.16962m   35.413    0.0030      O  1                63.1679m   38.065    1.3687
nInu                1.11867m   39.461   34.0463      H  1                4.01974m   35.359    0.0027      O  1                145.495m   36.775    0.0702
nFnu                8329.68A   37.146    0.1648      H  1                3.90645m   35.309    0.0024      P  2                60.6263m   37.561    0.4296
nInu                8329.68A   39.525   39.4898      H  1                3.81838m   35.264    0.0022      P  2                32.8620m   36.586    0.0455
nFnu                8078.61A   39.086   14.3690      H  1                3.74834m   35.222    0.0020      S  1                25.2421m   36.028    0.0126
nInu                8078.61A   39.528   39.7534      H  1                3.69159m   35.185    0.0018      S  3                33.4704m   36.530    0.0399
nFnu                6209.66A   37.460    0.3399      H  1                3.64490m   35.154    0.0017      Si 1                68.4548m   36.691    0.0579
nInu                6209.66A   39.589   45.8004      H  1                3.60595m   35.128    0.0016      Si 1                129.641m   36.904    0.0946
nFnu                4885.36A   37.707    0.6003      H  1                3.57310m   35.111    0.0015      Si 2                34.8046m   39.177   17.7166
nInu                4885.36A   39.850   83.5642      H  1                3.54510m   35.107    0.0015      Cl 2                14.3639m   35.589    0.0046
nFnu                3704.34A   37.981    1.1292      H  1                3.52103m   35.127    0.0016      N  2                205.244m   37.844    0.8231
nInu                3704.34A   39.767   68.9189      H  1                3.50018m   35.207    0.0019      N  2                121.767m   37.529    0.3990
nFnu                3587.67A   39.242   20.6001      H  1                3.48198m   36.102    0.0149      level 1 lines..................................
nInu                3587.67A   39.783   71.5763      H  1                19.0565m   35.881    0.0090      FeKa                1.78000A   36.054    0.0133
nFnu                2430.05A   38.370    2.7634      H  1                11.3055m   35.785    0.0072      FeKC                1.75000A   36.054    0.0133
nInu                2430.05A   39.906   94.8992      H  1                8.75760m   35.659    0.0054      recombination..................................
nFnu                2392.03A   38.382    2.8423      H  1                7.50599m   35.331    0.0025      C  1                1.06950m   37.279    0.2240
nInu                2392.03A   39.890   91.4254      H  1                6.77008m   35.269    0.0022      C  1                9088.00A   36.462    0.0342
nFnu                2071.34A   38.496    3.6943      H  1                6.29014m   35.211    0.0019      C  1                9658.00A   35.884    0.0090
nInu                2071.34A   39.901   93.7706      H  1                5.95517m   35.158    0.0017      C  1                1657.00A   38.221    1.9608
nFnu                2052.68A   38.529    3.9817      H  1                5.70985m   35.109    0.0015      C  1                6828.00A   35.385    0.0029
nInu                2052.68A   39.891   91.7834      H  1                5.52363m   35.064    0.0014      C  2                9903.00A   35.358    0.0027
nFnu                1793.44A   38.585    4.5390      H  1                5.37826m   35.023    0.0012      C  2                4267.00A   35.805    0.0075
nInu                1793.44A   39.902   94.0364      H  1                5.26220m   34.986    0.0011      C  2                1761.00A   35.150    0.0017
nFnu                1585.12A   38.392    2.9108      H  1                5.16782m   34.954    0.0011      C  2                1335.00A   35.814    0.0077
nInu                1585.12A   39.703   59.4527      H  1                5.08989m   34.929    0.0010      N  1                1.01170m   34.980    0.0011
RRC............................................      H  1                4.88165m   35.008    0.0012      N  1                8692.00A   35.217    0.0019
H  1                911.753A   38.924    9.8962      H  1                4.84633m   35.904    0.0094      N  1                1200.00A   36.241    0.0205
H  1                3645.98A   37.725    0.6255      H  1                27.7955m   35.547    0.0042      O  1                7773.00A   35.749    0.0066
H  1                3645.98A   38.162    1.7124      H  1                16.2045m   35.484    0.0036      O  1                9264.00A   35.537    0.0041
H  1                8203.53A   36.902    0.0940      H  1                12.3837m   35.149    0.0017      O  1                1357.00A   36.558    0.0427
H  1                8203.53A   37.392    0.2905      H  1                10.5005m   35.091    0.0015      level2 lines...................................
H  1                8203.53A   37.451    0.3331      H  1                9.38937m   35.035    0.0013      hyperfine structure............................
H  1                1.45841m   36.326    0.0250      H  1                8.66206m   34.983    0.0011      inner shell....................................
H  1                1.45841m   36.825    0.0789      H  1                8.15259m   34.934    0.0010      C  2                44.7920A   35.454    0.0034
H  1                1.45841m   37.001    0.1182      H  1                6.49914m   35.731    0.0063      C  3                1907.45A   36.544    0.0413
H  1                1.45841m   36.867    0.0868      H  1                38.8589m   35.247    0.0021      C  4                527.592A   36.338    0.0257
H  1                2.27876m   35.884    0.0090      H  1                22.3342m   34.981    0.0011      N  2                31.9136A   35.288    0.0023
H  1                2.27876m   36.385    0.0286      H  1                16.8759m   34.929    0.0010      N  2                31.9136A   34.987    0.0011
H  1                2.27876m   36.598    0.0467      H  1                8.48253m   35.579    0.0045      N  3                1746.26A   35.722    0.0062
H  1                2.27876m   36.622    0.0493      H  1                10.8512m   35.442    0.0033      N  3                558.487A   35.916    0.0097
H  1                2.27876m   36.350    0.0264      H  1                13.6771m   35.318    0.0025      O  2                23.6476A   35.972    0.0110
H  1                3.28142m   35.527    0.0040      H  1                17.0552m   35.205    0.0019      O  2                23.6476A   35.972    0.0110
H  1                3.28142m   36.026    0.0125      H  1                21.1135m   35.100    0.0015      O  3                1653.12A   35.971    0.0110
H  1                3.28142m   36.255    0.0212      H  1                26.0278m   35.003    0.0012      O  3                1653.12A   35.971    0.0110
H  1                3.28142m   36.341    0.0258      He 2                607.567A   36.101    0.0149      O  2                832.109A   35.079    0.0014
H  1                3.28142m   36.253    0.0211      He 2                303.784A   37.014    0.1217      O  2                832.109A   35.079    0.0014
H  1                3.28142m   35.874    0.0088      He 2                256.317A   36.273    0.0221      Ne 2                14.6139A   35.406    0.0030
H  1                4.46637m   35.227    0.0020      He 2                243.027A   35.834    0.0080      Ne 2                14.6104A   35.704    0.0060
H  1                4.46637m   35.725    0.0063      He 2                237.331A   35.523    0.0039      Ne 3                490.056A   35.258    0.0021
H  1                4.46637m   35.961    0.0108      He 2                234.347A   35.282    0.0023      Ne 3                490.056A   35.559    0.0043
H  1                4.46637m   36.077    0.0141      He 2                232.584A   35.085    0.0014      Na 2                427.532A   35.909    0.0096
H  1                4.46637m   36.069    0.0138      He 2                229.736A   35.409    0.0030      Na 2                429.011A   35.908    0.0095
H  1                4.46637m   35.892    0.0092      He 2                229.431A   35.347    0.0026      Mg 3                246.489A   35.016    0.0012
H  1                4.46637m   35.425    0.0031      He 2                229.194A   35.292    0.0023      Mg 3                247.968A   35.297    0.0023
H  1                5.83363m   34.970    0.0011      He 2                229.006A   35.243    0.0021      Mg 3                9.78025A   35.131    0.0016
H  1                5.83363m   35.466    0.0034      He 2                228.855A   35.199    0.0019      Mg 3                9.77870A   35.430    0.0032
H  1                5.83363m   35.705    0.0060      He 2                228.731A   35.159    0.0017      Mg 4                189.578A   35.084    0.0014
H  1                5.83363m   35.838    0.0081      He 2                228.629A   35.124    0.0016      Mg 4                190.452A   35.383    0.0028
H  1                5.83363m   35.873    0.0088      He 2                228.543A   35.094    0.0015      Mg 3                246.489A   37.561    0.4293
H  1                5.83363m   35.789    0.0072      He 2                228.471A   35.070    0.0014      Mg 3                247.968A   37.559    0.4268
H  1                5.83363m   35.537    0.0041      He 2                228.409A   35.053    0.0013      Al 4                165.312A   35.293    0.0023
H  1                5.83363m   34.994    0.0012      He 2                228.356A   35.046    0.0013      Al 4                166.199A   35.574    0.0044
H  1                7.38319m   35.239    0.0020      He 2                228.309A   35.053    0.0013      Si 2                7.12553A   34.933    0.0010
H  1                7.38319m   35.480    0.0036      He 2                228.269A   35.087    0.0014      Si 3                1878.55A   35.180    0.0018
H  1                7.38319m   35.623    0.0049      He 2                228.234A   35.186    0.0018      Si 3                1878.55A   35.521    0.0039
H  1                7.38319m   35.684    0.0057      He 2                228.203A   36.120    0.0155      Si 3                7.12553A   35.140    0.0016
H  1                7.38319m   35.651    0.0053      He 2                1640.43A   36.021    0.0124      Si 3                7.12553A   35.442    0.0033
H  1                7.38319m   35.501    0.0037      He 2                1215.13A   35.499    0.0037      Si 5                120.490A   35.503    0.0038
H  1                7.38319m   35.184    0.0018      He 2                1084.94A   35.142    0.0016      Si 4                124.607A   34.989    0.0012
H  1                9.11505m   35.038    0.0013      He 2                917.221A   35.257    0.0021      Si 4                720.838A   35.957    0.0107
H  1                9.11505m   35.279    0.0022      He 2                4685.64A   35.308    0.0024      Si 3                130.372A   35.540    0.0041
H  1                9.11505m   35.428    0.0032      He 2                3203.04A   34.931    0.0010      Si 4                720.838A   36.885    0.0905
H  1                9.11505m   35.506    0.0038      He-like iso-sequence...........................      Si 3                1878.55A   34.968    0.0011
H  1                9.11505m   35.506    0.0038      He 1                1202.81A   37.147    0.1654      S  2                5.36449A   35.014    0.0012
H  1                9.11505m   35.416    0.0031      He 1                584.334A   38.153    1.6752      S  2                5.36449A   35.315    0.0024
H  1                9.11505m   35.208    0.0019      He 1                537.030A   37.509    0.3808      S  3                5.36449A   34.968    0.0011
H  1                11.0292m   36.120    0.0155      He 1                522.213A   37.105    0.1502      S  5                1203.73A   35.385    0.0029
H  1                13.1257m   36.008    0.0120      He 1                515.617A   36.812    0.0765      S  5                362.527A   35.360    0.0027
H  1                15.4044m   35.905    0.0095      He 1                512.099A   36.570    0.0438      S  4                1408.91A   35.694    0.0058
H  1                17.8655m   35.809    0.0076      He 1                625.563A   38.735    6.4034      S  4                607.766A   36.013    0.0122
H  1                20.5089m   35.720    0.0062      He 1                510.018A   37.412    0.3047      S  4                1408.91A   36.016    0.0122
H  1                23.3345m   35.637    0.0051      He 1                508.657A   37.307    0.2391      S  4                607.766A   35.594    0.0046
H  1                26.3425m   35.558    0.0043      He 1                507.727A   37.216    0.1938      Ca 4                312.303A   35.352    0.0027
H  1                29.5328m   35.484    0.0036      He 1                507.065A   37.135    0.1609      Ca 4                315.481A   35.180    0.0018
H  1                32.9053m   35.415    0.0031      He 1                506.576A   37.063    0.1364      Ca 4                315.481A   35.472    0.0035
H  1                36.4602m   35.348    0.0026      He 1                506.204A   36.997    0.1171      Ca 3                467.865A   35.602    0.0047
H  1                40.1974m   35.285    0.0023      He 1                505.916A   36.937    0.1020      Ca 3                475.035A   35.596    0.0046
H  1                44.1168m   35.225    0.0020      He 1                505.687A   36.882    0.0899      Fe 2                1.93983A   35.128    0.0016
H  1                48.2186m   35.168    0.0017      He 1                505.502A   36.832    0.0800      Fe 2                1.93583A   35.430    0.0032
H  1                52.5027m   35.113    0.0015      He 1                505.352A   36.786    0.0720      Fe 2                17.2921A   34.997    0.0012
H  1                56.9691m   36.505    0.0377      He 1                505.227A   36.744    0.0653      Fe 3                1.93493A   35.304    0.0024
He 2                227.838A   36.504    0.0377      He 1                505.122A   36.706    0.0599      Fe 3                1.93137A   35.606    0.0048
He 2                911.351A   34.940    0.0010      He 1                505.033A   36.672    0.0554      Fe 3                16.7682A   35.752    0.0067
He 2                911.351A   35.379    0.0028      He 1                504.958A   36.644    0.0519      Fe 3                17.0683A   35.126    0.0016
He 2                2049.88A   34.950    0.0010      He 1                504.893A   36.621    0.0493      Fe 3                17.0683A   35.603    0.0047
He 1                504.259A   38.173    1.7565      He 1                504.836A   36.608    0.0478      molecules......................................
He 1                2599.69A   36.614    0.0485      He 1                504.787A   36.607    0.0477      H2dH                      0    35.823    0.0078
He 1                3120.85A   36.124    0.0157      He 1                504.744A   36.632    0.0505      H2 v                      0    36.549    0.0417
He 1                3421.00A   36.242    0.0206      He 1                504.706A   36.717    0.0615      H-FF                      0    34.931    0.0010
He 1                3420.88A   36.719    0.0617      He 1                504.672A   37.627    0.4991      H-CT                6562.81A   35.377    0.0028
He 1                3420.88A   36.941    0.1029      TOTL                1.08303m   37.371    0.2772      HEH+                      0    35.416    0.0031
He 1                3678.70A   36.550    0.0419      He 1                1.08303m   37.371    0.2772      blends.........................................
He 1                6632.16A   35.562    0.0043      He 1                3888.63A   37.040    0.1294      Ca2R                3933.00A   35.788    0.0072
He 1                7435.20A   35.190    0.0018      He 1                3187.74A   36.632    0.0506      Blnd                1657.00A   38.221    1.9608
He 1                7843.44A   36.368    0.0275      He 1                2945.10A   36.314    0.0243      C 1R                1656.00A   38.221    1.9608
He 1                8188.36A   36.342    0.0259      He 1                2829.08A   36.049    0.0132      Blnd                1335.00A   35.814    0.0077
He 1                8190.64A   35.856    0.0085      He 1                2760.44A   35.588    0.0046      C 2R                1335.00A   35.814    0.0077
He 1                8261.30A   35.800    0.0074      He 1                2721.00A   35.493    0.0037      Blnd                5199.00A   35.746    0.0066
He 1                1.40934m   35.772    0.0070      He 1                2694.61A   35.409    0.0030      N 1R                5199.00A   35.629    0.0050
He 1                1.45602m   35.893    0.0092      He 1                2676.05A   35.332    0.0025      N 1C                5199.00A   35.120    0.0016
He 1                1.45643m   35.404    0.0030      He 1                2662.47A   35.256    0.0021      O 2H                3727.00A   37.268    0.2188
He 1                1.45759m   35.748    0.0066      He 1                2652.24A   35.194    0.0018      Blnd                3727.00A   37.268    0.2188
He 1                1.45759m   35.271    0.0022      He 1                2644.33A   35.136    0.0016      O 2H                7325.00A   36.645    0.0521
He 1                1.46631m   35.244    0.0021      He 1                2638.09A   35.083    0.0014      Blnd                1666.00A   35.886    0.0091
He 1                2.21672m   35.312    0.0024      He 1                2633.08A   35.034    0.0013      O 3A                1665.00A   35.886    0.0091
He 1                2.27546m   35.490    0.0036      He 1                2628.99A   34.990    0.0012
He 1                2.27605m   35.001    0.0012      He 1                2625.61A   34.949    0.0010

                                                    Emergent line intensities
 Caution: emergent intensities are not reliable on the first iteration.
general properties.............................      H  1                1.51331m   35.632    0.0051      He 1                2662.47A   35.256    0.0021
continua.......................................      H  1                1.50827m   35.628    0.0050      He 1                2652.24A   35.194    0.0018
FIR                 83.0000m   39.710   60.4226      H  1                1.50389m   35.648    0.0052      He 1                2644.33A   35.136    0.0016
TIR                 1800.00m   39.250   20.9855      H  1                1.50008m   35.728    0.0063      He 1                2638.09A   35.083    0.0014
NIRa                2.85000m   40.299  234.5913      H  1                1.49672m   36.623    0.0495      He 1                2633.08A   35.034    0.0013
NIRb                3.00000m   39.855   84.3881      H  1                7.45777m   36.671    0.0553      He 1                2628.99A   34.990    0.0012
MIRa                15.0000m   39.909   95.6366      H  1                4.65247m   36.478    0.0355      He 1                2625.61A   34.949    0.0010
MIRb                22.5000m   40.057  134.3575      H  1                3.73951m   36.286    0.0228      He 1                2610.71A   35.836    0.0081
NMIR                21.7500m   40.299  234.5913      H  1                3.29607m   36.116    0.0154      He 1                3355.42A   35.092    0.0015
TFIR                611.250m   39.731   63.5393      H  1                3.03835m   35.969    0.0110      He 1                3297.33A   34.997    0.0012
TALL                10000.0A   40.595  463.8433      H  1                2.87219m   35.773    0.0070      He 1                3136.75A   35.347    0.0026
F12                 12.0000m   39.467   34.5635      H  1                2.75749m   35.709    0.0060      He 1                7065.22A   36.251    0.0210
F25                 25.0000m   39.307   23.9176      H  1                2.67438m   35.649    0.0053      He 1                5875.64A   37.216    0.1939
F60                 60.0000m   39.133   16.0037      H  1                2.61191m   35.595    0.0046      He 1                4713.03A   35.513    0.0038
F100                100.000m   37.933    1.0098      H  1                2.56361m   35.545    0.0041      He 1                4471.49A   36.769    0.0693
MIPS                24.0000m   39.059   13.5104      H  1                2.52538m   35.499    0.0037      He 1                4120.82A   35.048    0.0013
MIPS                70.0000m   38.645    5.2062      H  1                2.49455m   35.458    0.0034      He 1                4026.20A   36.437    0.0322
MIPS                160.000m   39.527   39.6981      H  1                2.46929m   35.421    0.0031      He 1                3819.61A   36.174    0.0176
IRAC                3.60000m   39.072   13.9292      H  1                2.44831m   35.389    0.0029      He 1                3704.76A   36.214    0.0193
IRAC                4.50000m   39.112   15.2483      H  1                2.43068m   35.363    0.0027      He 1                3634.08A   36.108    0.0151
IRAC                5.80000m   39.142   16.3379      H  1                2.41571m   35.346    0.0026      He 1                3587.16A   36.015    0.0122
IRAC                8.00000m   39.299   23.4602      H  1                2.40288m   35.341    0.0026      He 1                3554.34A   35.934    0.0101
SPR1                250.000m   35.044    0.0013      H  1                2.39180m   35.362    0.0027      He 1                3530.43A   35.860    0.0085
SPR2                350.000m   38.238    2.0404      H  1                2.38215m   35.442    0.0033      He 1                3512.47A   35.794    0.0073
PAC1                70.0000m   38.719    6.1760      H  1                2.37371m   36.337    0.0256      He 1                3498.61A   35.734    0.0064
PAC2                100.000m   38.043    1.3021      H  1                12.3684m   36.252    0.0211      He 1                3487.70A   35.679    0.0056
PAC3                160.000m   39.527   39.7000      H  1                7.50038m   36.115    0.0154      He 1                3478.94A   35.629    0.0050
PAH                 3.30000m   38.220    1.9550      H  1                5.90655m   35.958    0.0107      He 1                3471.80A   35.583    0.0045
PAHC                3.23000m   37.929    1.0003      H  1                5.12722m   35.814    0.0077      He 1                3465.91A   35.541    0.0041
PAHC                3.37000m   37.904    0.9445      H  1                4.67119m   35.535    0.0040      He 1                3460.99A   35.503    0.0038
PAH                 6.20000m   38.659    5.3750      H  1                4.37522m   35.471    0.0035      He 1                3456.84A   35.469    0.0035
PAHC                5.65000m   38.697    5.8699      H  1                4.16962m   35.413    0.0030      He 1                3453.30A   35.441    0.0033
PAH                 7.90000m   38.848    8.3087      H  1                4.01974m   35.359    0.0027      He 1                3450.26A   35.418    0.0031
PAHC                6.90000m   38.911    9.6060      H  1                3.90645m   35.309    0.0024      He 1                3447.63A   35.405    0.0030
PAH                 11.3000m   38.260    2.1471      H  1                3.81838m   35.264    0.0022      He 1                3445.34A   35.404    0.0030
PAHC                10.9000m   38.283    2.2604      H  1                3.74834m   35.222    0.0020      He 1                3443.33A   35.429    0.0032
PAH                 11.8000m   38.474    3.5112      H  1                3.69159m   35.185    0.0018      He 1                3441.56A   35.514    0.0039
PAHC                12.6500m   38.448    3.3091      H  1                3.64490m   35.154    0.0017      He 1                3439.99A   36.424    0.0313
PAH                 13.3000m   38.474    3.5092      H  1                3.60595m   35.128    0.0016      He 1                7281.35A   35.473    0.0035
PAHC                14.1000m   38.442    3.2646      H  1                3.57310m   35.111    0.0015      He 1                6678.15A   36.670    0.0552
Bcon                3640.00A   39.847   82.9008      H  1                3.54510m   35.107    0.0015      He 1                5047.64A   35.019    0.0012
Pcon                5000.00A   39.670   55.1290      H  1                3.52103m   35.127    0.0016      He 1                4921.93A   36.202    0.0188
O3bn                5007.00A   38.098    1.4774      H  1                3.50018m   35.207    0.0019      He 1                4387.93A   35.864    0.0086
SX                  25.0000A   36.740    0.0648      H  1                3.48198m   36.102    0.0149      He 1                4143.76A   35.604    0.0047
HX                  4.70000A   38.631    5.0367      H  1                19.0565m   35.881    0.0090      He 1                4009.05A   35.577    0.0045
RRC............................................      H  1                11.3055m   35.785    0.0072      He 1                3926.41A   35.469    0.0035
grains.........................................      H  1                8.75760m   35.659    0.0054      He 1                3871.69A   35.375    0.0028
H-like iso-sequence............................      H  1                7.50599m   35.331    0.0025      He 1                3833.48A   35.293    0.0023
H  1                1215.67A   39.495   36.8989      H  1                6.77008m   35.269    0.0022      He 1                3805.69A   35.219    0.0020
H  1                1025.72A   38.721    6.2024      H  1                6.29014m   35.211    0.0019      He 1                3784.82A   35.152    0.0017
H  1                972.537A   38.282    2.2568      H  1                5.95517m   35.158    0.0017      He 1                3768.74A   35.092    0.0015
H  1                949.743A   37.970    1.1000      H  1                5.70985m   35.109    0.0015      He 1                3756.08A   35.036    0.0013
H  1                937.804A   37.727    0.6293      H  1                5.52363m   35.064    0.0014      He 1                3745.92A   34.986    0.0011
H  1                930.748A   37.529    0.3985      H  1                5.37826m   35.023    0.0012      He 1                3737.65A   34.939    0.0010
H  1                926.226A   37.361    0.2707      H  1                5.26220m   34.986    0.0011      He 1                3700.80A   35.779    0.0071
H  1                923.150A   37.216    0.1937      H  1                5.16782m   34.954    0.0011      He 1                4.29459m   35.051    0.0013
H  1                920.963A   37.087    0.1441      H  1                5.08989m   34.929    0.0010      He 1                1.25274m   35.138    0.0016
H  1                919.351A   37.783    0.7159      H  1                4.88165m   35.008    0.0012      He 1                9463.57A   35.057    0.0013
H  1                918.129A   37.716    0.6138      H  1                4.84633m   35.904    0.0094      He 1                1.70027m   35.619    0.0049
H  1                917.181A   37.656    0.5336      H  1                27.7955m   35.547    0.0042      He 1                1.19692m   35.440    0.0032
H  1                916.429A   37.600    0.4694      H  1                16.2045m   35.484    0.0036      He 1                1.03113m   35.234    0.0020
H  1                915.824A   37.549    0.4174      H  1                12.3837m   35.149    0.0017      He 1                9515.06A   35.327    0.0025
H  1                915.329A   37.502    0.3750      H  1                10.5005m   35.091    0.0015      He 1                9062.39A   35.236    0.0020
H  1                914.919A   37.460    0.3403      H  1                9.38937m   35.035    0.0013      He 1                8776.14A   35.154    0.0017
H  1                914.576A   37.423    0.3120      H  1                8.66206m   34.983    0.0011      He 1                8582.23A   35.079    0.0014
H  1                914.286A   37.390    0.2895      H  1                8.15259m   34.934    0.0010      He 1                8444.19A   35.008    0.0012
H  1                914.039A   37.364    0.2724      H  1                6.49914m   35.731    0.0063      He 1                8342.14A   34.946    0.0010
H  1                913.826A   37.346    0.2614      H  1                38.8589m   35.247    0.0021      He 1                7944.61A   35.590    0.0046
H  1                913.641A   37.341    0.2585      H  1                22.3342m   34.981    0.0011      He 1                1.86854m   36.342    0.0259
H  1                913.480A   37.360    0.2702      H  1                16.8759m   34.929    0.0010      He 1                1.27849m   35.999    0.0118
H  1                913.339A   37.439    0.3243      H  1                8.48253m   35.579    0.0045      He 1                1.09130m   35.721    0.0062
H  1                913.215A   38.332    2.5344      H  1                10.8512m   35.442    0.0033      He 1                1.00275m   35.397    0.0029
H  1                6562.81A   38.441    3.2576      H  1                13.6771m   35.318    0.0025      He 1                9526.01A   35.282    0.0023
H  1                4861.33A   37.928    1.0000      H  1                17.0552m   35.205    0.0019      He 1                9210.23A   35.184    0.0018
H  1                4340.46A   37.575    0.4428      H  1                21.1135m   35.100    0.0015      He 1                8996.90A   35.099    0.0015
H  1                4101.73A   37.310    0.2405      H  1                26.0278m   35.003    0.0012      He 1                8845.32A   35.019    0.0012
H  1                3970.07A   37.098    0.1478      He 2                303.784A   36.811    0.0763      He 1                8733.40A   34.951    0.0011
H  1                3889.05A   36.922    0.0986      He 2                256.317A   36.095    0.0147      He 1                8298.68A   35.570    0.0044
H  1                3835.38A   36.772    0.0697      He 2                243.027A   35.663    0.0054      He 1                1.86972m   35.864    0.0086
H  1                3797.89A   36.641    0.0516      He 2                237.331A   35.356    0.0027      He 1                1.27905m   35.522    0.0039
H  1                3770.63A   36.947    0.1044      He 2                234.347A   35.117    0.0015      He 1                1.09171m   35.243    0.0021
H  1                3750.15A   36.881    0.0896      He 2                229.736A   35.247    0.0021      He 1                8301.03A   35.085    0.0014
H  1                3734.36A   36.820    0.0779      He 2                229.431A   35.185    0.0018      He 1                1.90894m   35.168    0.0017
H  1                3721.93A   36.765    0.0686      He 2                229.194A   35.131    0.0016      He 1                1.29684m   34.966    0.0011
H  1                3711.97A   36.714    0.0610      He 2                229.006A   35.081    0.0014      He 1                8373.61A   35.023    0.0012
H  1                3703.85A   36.668    0.0549      He 2                228.855A   35.036    0.0013      He 1                1.44234m   34.986    0.0011
H  1                3697.15A   36.626    0.0498      He 2                228.731A   34.997    0.0012      He 1                4.03664m   35.252    0.0021
H  1                3691.55A   36.588    0.0457      He 2                228.629A   34.962    0.0011      He 1                2.61850m   35.117    0.0015
H  1                3686.83A   36.556    0.0424      He 2                228.543A   34.931    0.0010      He 1                1.49127m   35.114    0.0015
H  1                3682.80A   36.530    0.0400      He 2                228.234A   35.020    0.0012      He 1                4.04791m   35.640    0.0052
H  1                3679.35A   36.513    0.0384      He 2                228.203A   35.952    0.0106      He 1                2.62338m   35.367    0.0027
H  1                3676.36A   36.508    0.0380      He 2                1640.43A   36.021    0.0124      He 1                1.49291m   34.988    0.0011
H  1                3673.75A   36.528    0.0398      He 2                1215.13A   35.494    0.0037      He 1                4.04793m   35.163    0.0017
H  1                3671.47A   36.608    0.0479      He 2                1084.94A   35.107    0.0015      He 1                7.45411m   35.021    0.0012
H  1                3669.46A   37.503    0.3758      He 2                917.221A   35.224    0.0020      extra Lyman....................................
H  1                1.87510m   37.719    0.6172      He 2                4685.64A   35.308    0.0024      database lines.................................
H  1                1.28180m   37.350    0.2642      He 2                3203.04A   34.931    0.0010      CO                  2600.05m   36.923    0.0987
H  1                1.09380m   37.061    0.1358      He-like iso-sequence...........................      CO                  1300.05m   36.100    0.0149
H  1                1.00493m   36.833    0.0802      He 1                584.334A   37.293    0.2313      ^13CO               2719.67m   35.464    0.0034
H  1                9545.93A   36.644    0.0520      He 1                537.030A   36.712    0.0608      C  1                370.269m   38.238    2.0399
H  1                9228.97A   36.485    0.0360      He 1                522.213A   36.328    0.0251      C  1                609.590m   39.248   20.8758
H  1                9014.87A   36.346    0.0262      He 1                515.617A   36.048    0.0132      C  2                157.636m   39.525   39.5236
H  1                8862.74A   36.432    0.0319      He 1                512.099A   35.812    0.0076      Fe 2                25.9811m   38.382    2.8442
H  1                8750.43A   36.366    0.0274      He 1                625.563A   37.881    0.8963      Fe 2                35.3394m   36.803    0.0750
H  1                8664.98A   36.305    0.0238      He 1                510.018A   36.724    0.0624      Fe 2                51.2865m   35.667    0.0055
H  1                8598.35A   36.250    0.0210      He 1                508.657A   36.619    0.0490      Ne 2                12.8101m   36.328    0.0251
H  1                8545.34A   36.200    0.0187      He 1                507.727A   36.526    0.0396      Ne 3                15.5509m   35.059    0.0014
H  1                8502.44A   36.154    0.0168      He 1                507.065A   36.446    0.0329      O  1                63.1679m   38.065    1.3687
H  1                8467.21A   36.112    0.0153      He 1                506.576A   36.373    0.0278      O  1                145.495m   36.775    0.0702
H  1                8437.91A   36.075    0.0140      He 1                506.204A   36.305    0.0238      P  2                60.6263m   37.561    0.4296
H  1                8413.28A   36.042    0.0130      He 1                505.916A   36.245    0.0207      P  2                32.8620m   36.586    0.0455
H  1                8392.35A   36.017    0.0122      He 1                505.687A   36.188    0.0182      S  1                25.2421m   36.028    0.0126
H  1                8374.43A   35.999    0.0118      He 1                505.502A   36.136    0.0161      S  3                33.4704m   36.530    0.0399
H  1                8358.96A   35.995    0.0117      He 1                505.352A   36.087    0.0144      Si 1                68.4548m   36.691    0.0579
H  1                8345.51A   36.015    0.0122      He 1                505.227A   36.043    0.0130      Si 1                129.641m   36.904    0.0946
H  1                8333.74A   36.095    0.0147      He 1                505.122A   36.002    0.0119      Si 2                34.8046m   39.177   17.7166
H  1                8323.38A   36.990    0.1152      He 1                505.033A   35.966    0.0109      Cl 2                14.3639m   35.589    0.0046
H  1                4.05113m   37.151    0.1671      He 1                504.958A   35.934    0.0101      N  2                205.244m   37.844    0.8231
H  1                2.62513m   36.884    0.0902      He 1                504.893A   35.908    0.0095      N  2                121.767m   37.529    0.3990
H  1                2.16551m   36.648    0.0524      He 1                504.836A   35.891    0.0092      level 1 lines..................................
H  1                1.94454m   36.450    0.0332      He 1                504.787A   35.886    0.0091      recombination..................................
H  1                1.81740m   36.283    0.0226      He 1                504.744A   35.904    0.0095      level2 lines...................................
H  1                1.73620m   36.138    0.0162      He 1                504.706A   35.982    0.0113      hyperfine structure............................
H  1                1.68064m   36.062    0.0136      He 1                504.672A   36.874    0.0883      inner shell....................................
H  1                1.64071m   35.997    0.0117      He 1                1.08303m   37.371    0.2772      molecules......................................
H  1                1.61092m   35.937    0.0102      He 1                3888.63A   37.040    0.1294      blends.........................................
H  1                1.58804m   35.882    0.0090      He 1                3187.74A   36.632    0.0506      Ca2R                3933.00A   35.788    0.0072
H  1                1.57006m   35.832    0.0080      He 1                2945.10A   36.314    0.0243      Blnd                1657.00A   38.219    1.9538
H  1                1.55563m   35.786    0.0072      He 1                2829.08A   36.049    0.0132      C 1R                1656.00A   38.219    1.9538
H  1                1.54388m   35.744    0.0065      He 1                2760.44A   35.588    0.0046      Blnd                1335.00A   35.797    0.0074
H  1                1.53417m   35.707    0.0060      He 1                2721.00A   35.493    0.0037      C 2R                1335.00A   35.797    0.0074
H  1                1.52604m   35.675    0.0056      He 1                2694.61A   35.409    0.0030      N 1R                5199.00A   35.629    0.0050
H  1                1.51917m   35.649    0.0053      He 1                2676.05A   35.332    0.0025



 CIV QSO  
 Cooling:  C  1c                     0 :0.264 C  2c                     0 :0.456 Si 2c                     0 :0.204  
 Heating:  BFH1                      0 :0.425 BFHe                      0 :0.180 TotM                      0 :0.392  

 These are some of the most important databases used by Cloudy:
 Many recombination coefficients were taken from http://amdpp.phys.strath.ac.uk/tamoc/RR/ and http://amdpp.phys.strath.ac.uk/tamoc/DR/
      and are based on the following papers:
        Badnell N. R., et al., A&A 406, 1151 (2003) [http://adsabs.harvard.edu/abs/2003A%26A...406.1151B]
        Badnell N. R., ApJS 167, 334 (2006) [http://adsabs.harvard.edu/abs/2006ApJS..167..334B]
 Much of the molecular emission data is from LAMDA as accessed on June 30, 2015. This database is described in:
        Schoeier F.L., et al., A&A 432, 369 (2005) [http://adsabs.harvard.edu/abs/2005A%26A...432..369S]
      This database is in part based on the work of the following groups:
        JPL: Pickett H. M. et al., JQSRT, 60, 883 (1998). [http://adsabs.harvard.edu/abs/1998JQSRT..60..883P]
        CDMS: Mueller H. S. et al., A&A 370, L49 (2001). [http://adsabs.harvard.edu/abs/2001A%26A...370L..49M]
              Mueller H. S. et al., J. Mol. Struct. 742, 215 (2005). [http://adsabs.harvard.edu/abs/2005JMoSt.742..215M]
 Some of the ionic emission data is from version 7.1.4 of CHIANTI. CHIANTI is a collaborative project involving the NRL (USA), the
      Universities of Florence (Italy) and Cambridge (UK), and George Mason University (USA). These papers describe Chianti:
        Dere K. P., et al., A&AS, 125, 149 (1997) [http://adsabs.harvard.edu/abs/1997A%26AS..125..149D]
        Landi E., et al., ApJ, 744, 99 (2012) [http://adsabs.harvard.edu/abs/2012ApJ...744...99L]
 Much of the H_2 data is from this web site: http://molat.obspm.fr/index.php?page=pages/Molecules/H2/H2can94.php. These data are
      described in:
        Abgrall H. et al., Can. J. Phys., 72, 856 (1994) [http://adsabs.harvard.edu/abs/1994CaJPh..72..856A]
        Wrathmall S. A. & Flower D. R., J. Phys. B, 40, 3221 (2007) [http://adsabs.harvard.edu/abs/2007JPhB...40.3221W]
 The Case A and Case B recombination predictions for one-electron systems are from
	Storey, P.J. & Hummer, D.G., 1995, MNRAS 272, 41 http://adsabs.harvard.edu/abs/1995MNRAS.272...41S
 The He I recombination predictions are from
	Porter, R. L.; Ferland, G. J.; Storey, P. J.; Detisch, M. J., 2012, MNRAS, 425, 28p http://adsabs.harvard.edu/abs/2012MNRAS.425L..28P
		http://adsabs.harvard.edu/abs/2013MNRAS.433L..89P

 If you find some process or data set to be particularly critical to a result, please follow the trail of references back to the
 original source and cite that.  This will support and encourage atomic, molecular, and chemical physicists to continue their
 valuable work.

 IONIZE PARMET:  U(1-) -5.5255  U(4-): -6.5483  U(sp): -5.52  Q(ion):   46.925  L(ion) 39.179    Q(low): 54.010    L(low) 40.686
 ENERGY BUDGET:  Heat:  39.866  Coolg:  39.866  Error:  0.0%  Rec Lin:  38.834  F-F  H  0.000    P(rad/tot)max     0.00E+00    R(F Con):1.737e+05

     Col(Heff):      2.896E+22  snd travl time  9.50E+15 sec  Te-low: 2.83E+00  Te-hi: 2.30E+02  G0TH85: 4.40E-02  G0DB96:4.11E-02
  Emiss Measure    n(e)n(p) dl       4.141E+17  n(e)n(He+)dl         3.799E+16  En(e)n(He++) dl         7.331E+13  ne nC+:2.79E+16
 He/Ha:1.43E-01  =   1.43*true  Lthin:2.09E+03  itr/zn: 6.58  H2 itr/zn:  0.00  File Opacity: F  MassTot 1.52e+42  (gm)
   Temps(21 cm)   T(21cm/Ly a)  1.31E+01        T(<nH/Tkin>)  5.98E+00          T(<nH/Tspin>)    1.95E+01          TB21cm:1.95E+01
                   N(H0/Tspin)  2.17E+20        N(OH/Tkin)    2.65E+13          B(21cm)          0.00E+00
   <a>:2.69E-12  erdeFe6.2E+28  Tcompt3.32E+14  Tthr6.49E+12  <Tden>: 7.45E+00  <dens>:6.23E-23  <MolWgt>1.45E+00
     Mean Jeans  l(cm)1.78E+19  M(sun)9.36E+01  smallest:     len(cm):1.10E+19  M(sun):2.20E+01  a_ox tran: -1.75
 Rion:3.162E+21  Dist:0.00E+00  Diam:0.000E+00
 Hatom level 70  HatomType: add  HInducImp  F  He tot level: 63  He2 level:   70  ExecTime   116.1
 ConvrgError(%)  <eden>  0.056  MaxEden  0.333  <H-C>   0.08  Max(H-C)    0.46  <Press>   0.000  MaxPrs er  0.000
  Continuity(%)  chng Te   4.1  elec den   6.6  n(H2)    5.4  n(CO)       22.8

                                                        Averaged Quantities
             Te      Te(Ne)   Te(NeNp)  Te(NeHe+)Te(NeHe2+) Te(NeO+)  Te(NeO2+)  Te(H2)     N(H)     Ne(O2+)   Ne(Np)
 Radius:  7.45e+00  1.82e+01  1.84e+02  1.63e+02  1.51e+02  1.95e+02  1.93e+02  5.77e+00  2.40e+01  9.26e-01  1.29e+00
   Area:  7.40e+00  1.80e+01  1.84e+02  1.63e+02  1.51e+02  1.95e+02  1.93e+02  5.75e+00  2.40e+01  9.22e-01  1.29e+00
 Volume:  7.35e+00  1.78e+01  1.84e+02  1.63e+02  1.51e+02  1.95e+02  1.93e+02  5.73e+00  2.40e+01  9.17e-01  1.29e+00
 
 Peimbert T(OIIIr)0.00E+00 T(Bac)1.24E+02 T(Hth)0.00E+00 t2(Hstrc) 4.94e-02 T(O3-BAC)0.00E+00 t2(O3-BC) 0.00e+00 t2(O3str) 4.13e-02

 Contin Optical Depths: COMP: 2.75e-06    H-: 1.30e-06 R(1300): 2.85e-02  H2+: 5.15e-07  Bra:1.38E-06
                          Pa: 1.38e-06    Ba: 2.69e-06      Hb: 4.38e-06   La: 4.51e+01     1r:5.005E+07  1.8:1.18E+07 4.:1.716E+06

 Old, new H  1 continuum optical depths:
     1 1.00e+08     2 0.00e+00     3 0.00e+00     4 0.00e+00     5 0.00e+00     6 0.00e+00     7 0.00e+00     8 0.00e+00
     9 0.00e+00    10 0.00e+00    11 0.00e+00    12 0.00e+00    13 0.00e+00    14 0.00e+00    15 0.00e+00    16 0.00e+00
    17 0.00e+00    18 0.00e+00    19 0.00e+00    20 0.00e+00    21 0.00e+00    22 0.00e+00    23 0.00e+00    24 0.00e+00
    25 0.00e+00    26 0.00e+00    27 0.00e+00    28 0.00e+00    29 0.00e+00    30 0.00e+00    31 0.00e+00    32 0.00e+00
    33 0.00e+00    34 0.00e+00    35 0.00e+00    36 0.00e+00    37 0.00e+00    38 0.00e+00    39 0.00e+00    40 0.00e+00
    41 0.00e+00    42 0.00e+00    43 0.00e+00    44 0.00e+00    45 0.00e+00    46 0.00e+00    47 0.00e+00    48 0.00e+00
    49 0.00e+00    50 0.00e+00    51 0.00e+00    52 0.00e+00    53 0.00e+00    54 0.00e+00
     1 5.01e+07     2 3.31e-07     3 6.50e-07     4 6.50e-07     5 6.50e-07     6 1.69e-07     7 1.69e-07     8 1.69e-07
     9 1.69e-07    10 8.97e-17    11 8.97e-17    12 8.97e-17    13 8.97e-17    14 8.97e-17    15 2.32e-16    16 2.32e-16
    17 2.32e-16    18 2.32e-16    19 2.32e-16    20 2.32e-16    21 5.18e-16    22 5.18e-16    23 5.18e-16    24 5.18e-16
    25 5.18e-16    26 5.18e-16    27 5.18e-16    28 1.04e-15    29 1.04e-15    30 1.04e-15    31 1.04e-15    32 1.04e-15
    33 1.04e-15    34 1.04e-15    35 1.04e-15    36 1.95e-15    37 1.95e-15    38 1.95e-15    39 1.95e-15    40 1.95e-15
    41 1.95e-15    42 1.95e-15    43 1.95e-15    44 1.95e-15    45 3.41e-15    46 3.41e-15    47 3.41e-15    48 3.41e-15
    49 3.41e-15    50 3.41e-15    51 3.41e-15    52 3.41e-15    53 3.41e-15    54 3.41e-15

 Old, new H  1 mean line optical depths:
  2- 1 1.60e+20  3- 2 8.53e-07  4- 3 0.00e+00  5- 4 0.00e+00  6- 5 0.00e+00  7- 6 0.00e+00  8- 7 0.00e+00
  9- 8 0.00e+00 10- 9 0.00e+00 11-10 0.00e+00 12-11 0.00e+00 13-12 0.00e+00 14-13 0.00e+00 15-14 0.00e+00 16-15 0.00e+00
 17-16 0.00e+00 18-17 0.00e+00 19-18 0.00e+00 20-19 0.00e+00 21-20 0.00e+00 22-21 0.00e+00 23-22 0.00e+00 24-23 0.00e+00
 25-24 0.00e+00
  2- 1 1.82e+10  3- 2 3.57e-05  4- 3 1.18e-13  5- 4 1.68e-13  6- 5 2.79e-13  7- 6 4.67e-13  8- 7 7.62e-13
  9- 8 1.20e-12 10- 9 4.56e-12 11-10 2.91e-10 12-11 1.11e-14 13-12 9.86e-15 14-13 5.35e-15 15-14 7.30e-17 16-15 0.00e+00
 17-16 0.00e+00 18-17 0.00e+00 19-18 0.00e+00 20-19 0.00e+00 21-20 0.00e+00 22-21 0.00e+00 23-22 0.00e+00 24-23 0.00e+00
 25-24 0.00e+00

 Old, new He 2 continuum optical depths:
     1 3.43e+06     2 9.96e+07     3 0.00e+00     4 0.00e+00     5 0.00e+00     6 0.00e+00     7 0.00e+00     8 0.00e+00
     9 0.00e+00    10 0.00e+00    11 0.00e+00    12 0.00e+00    13 0.00e+00    14 0.00e+00    15 0.00e+00    16 0.00e+00
    17 0.00e+00    18 0.00e+00    19 0.00e+00    20 0.00e+00    21 0.00e+00    22 0.00e+00    23 0.00e+00    24 0.00e+00
    25 0.00e+00    26 0.00e+00    27 0.00e+00    28 0.00e+00    29 0.00e+00    30 0.00e+00    31 0.00e+00    32 0.00e+00
    33 0.00e+00    34 0.00e+00    35 0.00e+00    36 0.00e+00    37 0.00e+00    38 0.00e+00    39 0.00e+00    40 0.00e+00
    41 0.00e+00    42 0.00e+00    43 0.00e+00    44 0.00e+00    45 0.00e+00    46 0.00e+00    47 0.00e+00    48 0.00e+00
    49 0.00e+00    50 0.00e+00    51 0.00e+00    52 0.00e+00    53 0.00e+00    54 0.00e+00
     1 1.72e+06     2 4.98e+07     3 8.94e-03     4 8.94e-03     5 8.94e-03     6 3.31e-07     7 3.31e-07     8 3.31e-07
     9 3.31e-07    10 5.26e-07    11 5.26e-07    12 5.26e-07    13 5.26e-07    14 5.26e-07    15 6.50e-07    16 6.50e-07
    17 6.50e-07    18 6.50e-07    19 6.50e-07    20 6.50e-07    21 5.50e-07    22 5.50e-07    23 5.50e-07    24 5.50e-07
    25 5.50e-07    26 5.50e-07    27 5.50e-07    28 1.69e-07    29 1.69e-07    30 1.69e-07    31 1.69e-07    32 1.69e-07
    33 1.69e-07    34 1.69e-07    35 1.69e-07    36 5.17e-17    37 5.17e-17    38 5.17e-17    39 5.17e-17    40 5.17e-17
    41 5.17e-17    42 5.17e-17    43 5.17e-17    44 5.17e-17    45 8.97e-17    46 8.97e-17    47 8.97e-17    48 8.97e-17
    49 8.97e-17    50 8.97e-17    51 8.97e-17    52 8.97e-17    53 8.97e-17    54 8.97e-17

 Old, new He 2 mean line optical depths:
  2- 1 1.60e+19  3- 2 8.53e-08  4- 3 0.00e+00  5- 4 0.00e+00  6- 5 0.00e+00  7- 6 0.00e+00  8- 7 0.00e+00
  9- 8 0.00e+00 10- 9 0.00e+00 11-10 0.00e+00 12-11 0.00e+00 13-12 0.00e+00 14-13 0.00e+00 15-14 0.00e+00 16-15 0.00e+00
 17-16 0.00e+00 18-17 0.00e+00 19-18 0.00e+00 20-19 0.00e+00 21-20 0.00e+00 22-21 0.00e+00 23-22 0.00e+00 24-23 0.00e+00
 25-24 0.00e+00
  2- 1 4.06e+04  3- 2 7.82e-13  4- 3 3.44e-18  5- 4 5.05e-18  6- 5 8.60e-18  7- 6 1.46e-17  8- 7 2.40e-17
  9- 8 3.81e-17 10- 9 9.54e-17 11-10 1.01e-14 12-11 0.00e+00 13-12 0.00e+00 14-13 0.00e+00 15-14 0.00e+00 16-15 0.00e+00
 17-16 0.00e+00 18-17 0.00e+00 19-18 0.00e+00 20-19 0.00e+00 21-20 0.00e+00 22-21 0.00e+00 23-22 0.00e+00 24-23 0.00e+00
 25-24 0.00e+00

 Old He Is optical depths:    1 2.36e+07    2 0.00e+00    3 0.00e+00    4 0.00e+00    5 0.00e+00
 New He Is optical depths:    1 1.18e+07    2 4.38e-05    3 2.74e-07    4 3.07e-07    5 3.07e-07
          Old He Is Lines:  584 0.00e+00 3889 0.00e+00 5016 0.00e+00 5876 0.00e+00
          New He Is Lines:  584 1.18e+09 3889 1.10e-03 5016 1.10e-03 5876 1.10e-03
CIV QSO  

---------------Convergence statistics---------------
      2.55 mean iterations/state convergence
      2.84 mean cx acceleration loops/iteration
      1.09 mean iso convergence loops/ion solve
         1 mean steps/chemistry solve
         1 mean step length searches/chemistry step
----------------------------------------------------

 Cloudy ends: 330 zones, 1 iteration, ABORT DISASTER PROBLEM, 3 warnings, 1 caution. (single thread) ExecTime(s) 116.08
 [Stop in cdMain at maincl.cpp:496, something went wrong]
