                                                          Cloudy 17.03
                                                         www.nublado.org

                       **************************************17Jun01**************************************
                       *                                                                                 *
                       * title CIV QSO                                                                   *
                       * set punch prefix "CIV_QSO"                                                      *
                       * radius = 21.500 23.500                                                          *
                       * iterate to convergence                                                          *
                       * sphere                                                                          *
                       * init "dlaw_HI_exp.ini"                                                          *
                       * dlaw table                                                                      *
                       * table SED "QSO.sed"                                                             *
                       * no line transfer                                                                *
                       * nuL(nu) = 40.5 at 1 Ryd                                                         *
                       * stop temperature off                                                            *
                       * metals 0.1                                                                      *
                       * save last radius ".rad"                                                         *
                       * save last continuum ".cont"                                                     *
                       * save last physical conditions ".phy"                                            *
                       * save last overview ".ovr"                                                       *
                       * save last heating ".heat"                                                       *
                       * save last cooling ".cool"                                                       *
                       * save last optical depth ".opd"                                                  *
                       * save last element hydrogen ".ele_H"                                             *
                       * save last element helium ".ele_He"                                              *
                       * save last element carbon ".ele_C"                                               *
                       * save last element nitrogen ".ele_N"                                             *
                       * save last element oxygen ".ele_O"                                               *
                       * save last element argon ".ele_Ar"                                               *
                       * save last element neon ".ele_Ne"                                                *
                       * save last element sulphur ".ele_S"                                              *
                       * save last element chlorin ".ele_Cl"                                             *
                       * save last element iron ".ele_Fe"                                                *
                       * save last element silicon ".ele_Si"                                             *
                       * save last lines emissivity  ".emis"                                             *
                       *                                                                                 *
                       ***********************************************************************************



 NOTE NO LINE TRANSER set but fine opacities still computed.
 NOTE Turning off fine opacities.


 NOTE
 NOTE The simulation is going into neutral gas but cosmic rays are not included.
 NOTE Ion-molecule chemistry will not occur without a source of ionization.
 NOTE The chemistry network may collapse deep in molecular regions.
 NOTE Consider adding galactic background cosmic rays with the COSMIC RAYS BACKGROUND command.
 NOTE You may be making a BIG mistake.
 NOTE



 NOTE Setcon: continuum has zero intensity starting at  3.0447e-09 Ryd.
  3800 cells in the incident continuum have zero intensity.  Problems???

           8228CellPeak1.00E+00   Lo 3.04e-09=  29.98m   Hi-Con:7.13E+06 Ryd   E(hi):7.35E+06Ryd     E(hi):     100.00 MeV
           L(nu>1ryd):  40.6904   Average nu:2.632E+00   L( X-ray):  39.9171   L(BalC):  40.6154     Q(Balmer C):  51.5776
           Q(1.0-1.8):  50.7340   Q(1.8-4.0):  50.3640   Q(4.0-20):  49.8799   Q(20--):  48.7166     Ion pht flx:6.798E+06
           L(gam ray):  39.0061   Q(gam ray):  45.4900   L(Infred):  40.8499   Alf(ox):  -1.5331     Total lumin:  41.2070
           log L/Lsun:   7.6240   Abs bol mg: -14.3174   Abs V mag: -11.8781   Bol cor:  -2.4394     nuFnu(Bbet):  40.4467
           U(1.0----):3.018E-05   U(4.0----):2.863E-06   T(En-Den):1.542E+00   T(Comp):2.661E+06     nuJnu(912A):2.516E-04
           Occ(FarIR):0.000E+00   Occ(H n=6):1.045E-14   Occ(1Ryd):1.161E-20   Occ(4R):1.703E-23     Occ (Nu-hi):0.000E+00
           Tbr(FarIR):0.000E+00   Tbr(H n=6):4.575E-11   Tbr(1Ryd):1.833E-15   Tbr(4R):1.078E-17     Tbr (Nu-hi):0.000E+00
  
                                                  Gas Phase Chemical Composition
        H :  0.0000  He: -1.0000  Li: -9.6904  Be:-11.5800  B :-10.2097  C : -4.6108  N : -5.0701  O : -4.3098  F : -8.5200
        Ne: -5.0000  Na: -6.6696  Mg: -5.4597  Al: -6.5302  Si: -5.4597  P : -7.4949  S : -5.7352  Cl: -7.7190  Ar: -6.6003
        K : -7.8794  Ca: -6.6402  Sc: -9.8297  Ti: -7.9788  V : -9.0000  Cr: -7.3298  Mn: -7.5406  Fe: -5.5498  Co: -8.0799
                                               Ni: -6.7496  Cu: -8.7905  Zn: -8.4001
 
 ####  1  Te:1.061E+04 Hden:7.515E+00 Ne:7.012E+00 R:3.162E+21 R-R0:1.086E+14 dR:2.172E+14 NTR: 10 Htot:1.410E-22 T912: 1.00e+08###
 Hydrogen      1.45e-01 8.55e-01 H+o/Hden 1.00e+00 9.68e-09 H-    H2 1.08e-09 6.93e-10 H2+ HeH+ 1.12e-08 Ho+ ColD 2.37e+14 1.40e+15
 Helium        2.41e-01 7.39e-01 1.97e-02 HeI 2s3S 7.63e-09 Comp H,C 1.06e-29 4.24e-32 Fill Fac 1.00e+00 Gam1/tot 9.99e-01
 He singlet n  2.41e-01 6.86e-16 9.83e-23 5.03e-22 7.42e-23 9.29e-22 He tripl 7.63e-09 6.66e-20 1.72e-21 1.42e-20 2.65e-21
 Pressure      NgasTgas 1.62e+05 P(total) 2.24e-11 P( gas ) 2.24e-11 P(Radtn) 0.00e+00 Rad accl 2.41e-09 ForceMul 2.13e+05
 Texc(La)      2.66e+03 T(I con) 1.54e+00 T(D con) 1.87e-01 T(U tot) 1.54e+00 nT (c+d) 4.18e+05 Prad/Gas 0.00e+00 Pmag/Gas 0.00e+00
 Molecules     CH/Ctot: 2.80e-10 CH+/Ctot 8.36e-11 CO/Ctot: 3.20e-13 CO+/Ctot 3.11e-15 H2O/Otot 2.59e-19 OH/Ototl 1.12e-09
 Lithium       2.58e-03 9.97e-01 1.06e-04 0.00e+00 Berylliu 6.58e-01 2.43e-01 9.89e-02 1.54e-04 0.00e+00 sec ion: 4.13e-16
 Boron         3.42e-02 9.27e-01 3.67e-02 1.89e-03 0.00e+00 0.00e+00
 Carbon        4.47e-02 8.23e-01 1.32e-01 2.68e-05 0.00e+00 0.00e+00 0.00e+00 H2O+/O   4.96e-20 OH+/Otot 6.29e-10 Hex(tot) 0.00e+00
 Nitrogen      8.31e-02 9.10e-01 7.27e-03 3.38e-06 0.00e+00 0.00e+00 0.00e+00 0.00e+00 O2/Ototl 1.09e-14 O2+/Otot 2.59e-15
 Oxygen        1.72e-01 8.22e-01 6.12e-03 2.33e-06 0.00e+00 0.00e+00 0.00e+00 0.00e+00 0.00e+00
 Fluorine      3.82e-02 7.40e-01 2.22e-01 3.37e-05 0.00e+00 0.00e+00 0.00e+00 0.00e+00 0.00e+00 0.00e+00
 Neon          3.92e-02 6.46e-01 3.14e-01 8.99e-05 0.00e+00 0.00e+00 0.00e+00 0.00e+00 0.00e+00 0.00e+00 0.00e+00
 Sodium        2.81e-04 6.57e-01 3.42e-01 1.95e-04 0.00e+00 0.00e+00 0.00e+00 0.00e+00 0.00e+00 0.00e+00 0.00e+00 0.00e+00
 Magnesium     3.82e-02 6.14e-01 3.47e-01 7.16e-05 0.00e+00 0.00e+00 0.00e+00 0.00e+00 0.00e+00 0.00e+00 0.00e+00 0.00e+00 0.00e+00
 Aluminium  0  7.83e-04 9.16e-01 3.21e-02 5.15e-02 2.82e-05 0.00e+00 0.00e+00 0.00e+00 0.00e+00 0.00e+00 0.00e+00 0.00e+00 0.00e+00
 Silicon    0  5.08e-03 8.94e-01 1.01e-01 7.81e-04 7.91e-06 0.00e+00 0.00e+00 0.00e+00 0.00e+00 0.00e+00 0.00e+00 0.00e+00 0.00e+00
 Phosphorus 0  1.34e-03 9.53e-01 4.42e-02 1.11e-03 4.67e-06 0.00e+00 0.00e+00 0.00e+00 0.00e+00 0.00e+00 0.00e+00 0.00e+00 0.00e+00
 Sulphur    0  1.40e-02 8.27e-01 1.59e-01 1.13e-04 4.24e-06 0.00e+00 0.00e+00 0.00e+00 0.00e+00 0.00e+00 0.00e+00 0.00e+00 0.00e+00
 Chlorine   0  1.15e-03 8.20e-01 1.79e-01 1.33e-04 2.68e-06 0.00e+00 0.00e+00 0.00e+00 0.00e+00 0.00e+00 0.00e+00 0.00e+00 0.00e+00
 Argon      0  1.44e-02 3.52e-01 6.33e-01 1.35e-04 5.18e-06 0.00e+00 0.00e+00 0.00e+00 0.00e+00 0.00e+00 0.00e+00 0.00e+00 0.00e+00
 Potassium  0  8.93e-05 8.77e-01 1.23e-01 4.06e-05 5.11e-05 0.00e+00 0.00e+00 0.00e+00 0.00e+00 0.00e+00 0.00e+00 0.00e+00 0.00e+00
 Calcium    0  2.26e-03 6.37e-01 3.59e-01 1.52e-03 5.26e-06 0.00e+00 0.00e+00 0.00e+00 0.00e+00 0.00e+00 0.00e+00 0.00e+00 0.00e+00
 Scandium   0  5.83e-04 3.27e-01 5.32e-01 1.41e-01 2.77e-04 0.00e+00 0.00e+00 0.00e+00 0.00e+00 0.00e+00 0.00e+00 0.00e+00 0.00e+00
 Titanium   0  8.98e-05 6.14e-01 3.81e-01 4.67e-03 5.13e-04 0.00e+00 0.00e+00 0.00e+00 0.00e+00 0.00e+00 0.00e+00 0.00e+00 0.00e+00
 Vanadium   0  1.76e-03 3.89e-01 6.07e-01 1.18e-03 9.36e-04 0.00e+00 0.00e+00 0.00e+00 0.00e+00 0.00e+00 0.00e+00 0.00e+00 0.00e+00
 Chromium   0  1.98e-03 3.25e-01 6.72e-01 5.82e-04 1.91e-04 0.00e+00 0.00e+00 0.00e+00 0.00e+00 0.00e+00 0.00e+00 0.00e+00 0.00e+00
 Manganese  0  7.71e-05 4.79e-01 5.20e-01 3.81e-04 2.78e-04 2.60e-06 0.00e+00 0.00e+00 0.00e+00 0.00e+00 0.00e+00 0.00e+00 0.00e+00
 Iron       0  1.38e-04 6.28e-01 3.70e-01 1.36e-03 2.12e-05 1.57e-06 0.00e+00 0.00e+00 0.00e+00 0.00e+00 0.00e+00 0.00e+00 0.00e+00
 Cobalt     0  3.27e-02 9.46e-01 2.07e-02 1.33e-04 5.09e-05 0.00e+00 0.00e+00 0.00e+00 0.00e+00 0.00e+00 0.00e+00 0.00e+00 0.00e+00
 Nickel     0  2.42e-04 9.85e-01 1.51e-02 3.62e-05 1.09e-05 0.00e+00 0.00e+00 0.00e+00 0.00e+00 0.00e+00 0.00e+00 0.00e+00 0.00e+00
 Copper     0  2.16e-02 4.98e-01 4.80e-01 4.90e-04 6.73e-06 1.03e-06 0.00e+00 0.00e+00 0.00e+00 0.00e+00 0.00e+00 0.00e+00 0.00e+00
 Zinc       0  5.50e-02 4.14e-01 4.65e-01 6.37e-02 2.40e-03 1.82e-06 0.00e+00 0.00e+00 0.00e+00 0.00e+00 0.00e+00 0.00e+00 0.00e+00


 PROBLEM DISASTER - the kinetic temperature, 2.784e+00K, is below the lower limit of the code, 2.800e+00K.
 Consider setting a lowest temperature with the SET TEMPERATURE FLOOR command.
 This calculation is aborting.
 Sorry.

 This is often due to mixing luminosity/intensity commands, having an unphysical SED, or too high a flux of cosmic rays.
 To find the problem, try setting a constant temperature (and STOP ZONE 1), rerun the model, and check the output to find what is happening.




 PROBLEM DISASTER
 An assert has been thrown, this is bad.
 Failed: !conv.lgFirstSweepThisZone
 It happened in the file rt_tau_inc.cpp at line number 50
 This is iteration 1, nzone 518, fzone 518.00, lgSearch=F.



           vvvvvvvvvvvvvvvvvvvvvvvvvvvvvvvvvvvvvvvvv 
          > PROBLEM DISASTER PROBLEM DISASTER.      <
          > Sorry, something bad has happened.      <
          > Please post this on the Cloudy web site <
          > discussion board at www.nublado.org     <
          > Please send all following information:  <
           ^^^^^^^^^^^^^^^^^^^^^^^^^^^^^^^^^^^^^^^^^ 


 Cloudy version number is 17.03
 Cloudy compiled on Aug 20 2025 in OS Linux (AMD64) using the g++ 110400 compiler. Mode I32LP64, denormalized float: F double: F.

    0 warnings,  0 cautions,  0 temperature failures.  Messages follow.
 Input commands follow:
c ======================
title CIV QSO
set punch prefix "CIV_QSO"
radius = 21.500 23.500
iterate to convergence
sphere
init "dlaw_HI_exp.ini"
table SED "QSO.sed"
no line transfer
nuL(nu) = 40.5 at 1 Ryd
stop temperature off
metals 0.1
save last radius ".rad"
save last continuum ".cont"
save last physical conditions ".phy"
save last overview ".ovr"
save last heating ".heat"
save last cooling ".cool"
save last optical depth ".opd"
save last element hydrogen ".ele_H"
save last element helium ".ele_He"
save last element carbon ".ele_C"
save last element nitrogen ".ele_N"
save last element oxygen ".ele_O"
save last element argon ".ele_Ar"
save last element neon ".ele_Ne"
save last element sulphur ".ele_S"
save last element chlorin ".ele_Cl"
save last element iron ".ele_Fe"
save last element silicon ".ele_Si"
save last lines emissivity  ".emis"
H  1  1215.67A
H  1  1025.72A
H  1  4861.33A
H  1  6562.81A
O  6  1031.91A
O  6  1037.62A
He 2  949.31A
He 2  972.108A
He 2  1025.27A
He 2  1640.43A
He 2  4859A
He 2  4339A
He 2  6527A
He 2  6560A
C  4  1550.78
O  3  5006.84A
N  5  1238.82
N  5  1242.80
c  4  1548.19
c  4  1550.78
mg 2  2795.53
mg 2  2802.71
end of lines
c ======================
 This input stream included one or more init files.
 If these files are not part of the standard Cloudy distribution
 then I will need a copy of them too.
