                                                          Cloudy 17.03
                                                         www.nublado.org

                       **************************************17Jun01**************************************
                       *                                                                                 *
                       * title CIV QSO                                                                   *
                       * set punch prefix "CIV_QSO"                                                      *
                       * radius = 21.500 23.500                                                          *
                       * iterate to convergence                                                          *
                       * sphere                                                                          *
                       * init "dlaw_HI_exp.ini"                                                          *
                       * dlaw table                                                                      *
                       * table SED "QSO.sed"                                                             *
                       * nuL(nu) = 40.0 at 1 Ryd                                                         *
                       * stop temperature off                                                            *
                       * metals 0.01                                                                     *
                       * save last radius ".rad"                                                         *
                       * save last continuum ".cont"                                                     *
                       * save last physical conditions ".phy"                                            *
                       * save last overview ".ovr"                                                       *
                       * save last heating ".heat"                                                       *
                       * save last cooling ".cool"                                                       *
                       * save last optical depth ".opd"                                                  *
                       * save last element hydrogen ".ele_H"                                             *
                       * save last element helium ".ele_He"                                              *
                       * save last element carbon ".ele_C"                                               *
                       * save last element nitrogen ".ele_N"                                             *
                       * save last element oxygen ".ele_O"                                               *
                       * save last element argon ".ele_Ar"                                               *
                       * save last element neon ".ele_Ne"                                                *
                       * save last element sulphur ".ele_S"                                              *
                       * save last element chlorin ".ele_Cl"                                             *
                       * save last element iron ".ele_Fe"                                                *
                       * save last element silicon ".ele_Si"                                             *
                       * save last lines emissivity  ".emis"                                             *
                       *                                                                                 *
                       ***********************************************************************************




 NOTE
 NOTE The simulation is going into neutral gas but cosmic rays are not included.
 NOTE Ion-molecule chemistry will not occur without a source of ionization.
 NOTE The chemistry network may collapse deep in molecular regions.
 NOTE Consider adding galactic background cosmic rays with the COSMIC RAYS BACKGROUND command.
 NOTE You may be making a BIG mistake.
 NOTE



 NOTE Setcon: continuum has zero intensity starting at  3.0447e-09 Ryd.
  3800 cells in the incident continuum have zero intensity.  Problems???

           8228CellPeak1.00E+00   Lo 3.04e-09=  29.98m   Hi-Con:7.13E+06 Ryd   E(hi):7.35E+06Ryd     E(hi):     100.00 MeV
           L(nu>1ryd):  40.1904   Average nu:2.632E+00   L( X-ray):  39.4171   L(BalC):  40.1154     Q(Balmer C):  51.0776
           Q(1.0-1.8):  50.2340   Q(1.8-4.0):  49.8640   Q(4.0-20):  49.3799   Q(20--):  48.2166     Ion pht flx:2.150E+06
           L(gam ray):  38.5061   Q(gam ray):  44.9900   L(Infred):  40.3499   Alf(ox):  -1.5331     Total lumin:  40.7070
           log L/Lsun:   7.1240   Abs bol mg: -13.0674   Abs V mag: -10.6281   Bol cor:  -2.4394     nuFnu(Bbet):  39.9467
           U(1.0----):9.542E-07   U(4.0----):9.053E-08   T(En-Den):1.156E+00   T(Comp):2.661E+06     nuJnu(912A):7.958E-05
           Occ(FarIR):0.000E+00   Occ(H n=6):3.303E-15   Occ(1Ryd):3.672E-21   Occ(4R):5.387E-24     Occ (Nu-hi):0.000E+00
           Tbr(FarIR):0.000E+00   Tbr(H n=6):1.447E-11   Tbr(1Ryd):5.795E-16   Tbr(4R):3.407E-18     Tbr (Nu-hi):0.000E+00
  
                                                  Gas Phase Chemical Composition
        H :  0.0000  He: -1.0000  Li:-10.6904  Be:-12.5800  B :-11.2097  C : -5.6108  N : -6.0701  O : -5.3098  F : -9.5200
        Ne: -6.0000  Na: -7.6696  Mg: -6.4597  Al: -7.5302  Si: -6.4597  P : -8.4949  S : -6.7352  Cl: -8.7190  Ar: -7.6003
        K : -8.8794  Ca: -7.6402  Sc:-10.8297  Ti: -8.9788  V :-10.0000  Cr: -8.3298  Mn: -8.5406  Fe: -6.5498  Co: -9.0799
                                               Ni: -7.7496  Cu: -9.7905  Zn: -9.4001
 
 ####  1  Te:8.962E+03 Hden:7.515E+01 Ne:2.505E+01 R:3.162E+21 R-R0:2.295E+12 dR:4.591E+12 NTR: 14 Htot:1.937E-21 T912: 1.00e+08###
 Hydrogen      6.85e-01 3.15e-01 H+o/Hden 1.00e+00 4.57e-08 H-    H2 7.21e-08 4.24e-09 H2+ HeH+ 3.19e-08 Ho+ ColD 2.36e+14 1.09e+14
 Helium        8.13e-01 1.87e-01 3.91e-04 HeI 2s3S 8.19e-09 Comp H,C 1.20e-29 4.04e-32 Fill Fac 1.00e+00 Gam1/tot 9.99e-01
 He singlet n  8.13e-01 1.12e-15 8.57e-22 6.12e-22 7.20e-22 1.09e-21 He tripl 8.19e-09 7.38e-20 1.78e-21 1.51e-20 3.09e-21
 Pressure      NgasTgas 9.65e+05 P(total) 1.33e-10 P( gas ) 1.33e-10 P(Radtn) 0.00e+00 Rad accl 4.26e-09 ForceMul 3.33e+06
 Texc(La)      2.59e+03 T(I con) 1.16e+00 T(D con) 1.46e-01 T(U tot) 1.16e+00 nT (c+d) 3.15e+05 Prad/Gas 0.00e+00 Pmag/Gas 0.00e+00
 Molecules     CH/Ctot: 3.12e-08 CH+/Ctot 2.60e-09 CO/Ctot: 1.73e-11 CO+/Ctot 4.18e-14 H2O/Otot 1.28e-15 OH/Ototl 1.20e-07
 Lithium       9.00e-03 9.91e-01 7.83e-07 0.00e+00 Berylliu 9.42e-01 5.52e-02 2.77e-03 0.00e+00 0.00e+00 sec ion: 8.07e-16
 Boron         2.80e-01 7.20e-01 6.30e-04 6.71e-05 0.00e+00 0.00e+00
 Carbon        3.90e-01 6.04e-01 6.14e-03 0.00e+00 0.00e+00 0.00e+00 0.00e+00 H2O+/O   3.13e-16 OH+/Otot 5.11e-08 Hex(tot) 0.00e+00
 Nitrogen      6.19e-01 3.81e-01 2.46e-05 0.00e+00 0.00e+00 0.00e+00 0.00e+00 0.00e+00 O2/Ototl 4.21e-14 O2+/Otot 3.54e-14
 Oxygen        7.31e-01 2.69e-01 1.52e-05 0.00e+00 0.00e+00 0.00e+00 0.00e+00 0.00e+00 0.00e+00
 Fluorine      3.99e-01 5.87e-01 1.41e-02 0.00e+00 0.00e+00 0.00e+00 0.00e+00 0.00e+00 0.00e+00 0.00e+00
 Neon          4.40e-01 5.40e-01 2.05e-02 0.00e+00 0.00e+00 0.00e+00 0.00e+00 0.00e+00 0.00e+00 0.00e+00 0.00e+00
 Sodium        1.42e-03 9.61e-01 3.79e-02 0.00e+00 0.00e+00 0.00e+00 0.00e+00 0.00e+00 0.00e+00 0.00e+00 0.00e+00 0.00e+00
 Magnesium     4.52e-02 9.05e-01 4.99e-02 0.00e+00 0.00e+00 0.00e+00 0.00e+00 0.00e+00 0.00e+00 0.00e+00 0.00e+00 0.00e+00 0.00e+00
 Aluminium  0  5.58e-04 9.91e-01 4.27e-03 4.08e-03 0.00e+00 0.00e+00 0.00e+00 0.00e+00 0.00e+00 0.00e+00 0.00e+00 0.00e+00 0.00e+00
 Silicon    0  9.64e-03 9.85e-01 5.13e-03 6.35e-06 0.00e+00 0.00e+00 0.00e+00 0.00e+00 0.00e+00 0.00e+00 0.00e+00 0.00e+00 0.00e+00
 Phosphorus 0  1.50e-03 9.96e-01 2.86e-03 1.83e-05 0.00e+00 0.00e+00 0.00e+00 0.00e+00 0.00e+00 0.00e+00 0.00e+00 0.00e+00 0.00e+00
 Sulphur    0  1.66e-01 8.22e-01 1.28e-02 0.00e+00 0.00e+00 0.00e+00 0.00e+00 0.00e+00 0.00e+00 0.00e+00 0.00e+00 0.00e+00 0.00e+00
 Chlorine   0  1.53e-03 9.81e-01 1.78e-02 0.00e+00 0.00e+00 0.00e+00 0.00e+00 0.00e+00 0.00e+00 0.00e+00 0.00e+00 0.00e+00 0.00e+00
 Argon      0  2.93e-01 5.98e-01 1.09e-01 0.00e+00 0.00e+00 0.00e+00 0.00e+00 0.00e+00 0.00e+00 0.00e+00 0.00e+00 0.00e+00 0.00e+00
 Potassium  0  2.98e-04 9.88e-01 1.16e-02 1.17e-07 2.10e-06 0.00e+00 0.00e+00 0.00e+00 0.00e+00 0.00e+00 0.00e+00 0.00e+00 0.00e+00
 Calcium    0  1.29e-02 9.45e-01 4.20e-02 6.79e-06 0.00e+00 0.00e+00 0.00e+00 0.00e+00 0.00e+00 0.00e+00 0.00e+00 0.00e+00 0.00e+00
 Scandium   0  6.26e-03 8.67e-01 1.26e-01 1.47e-03 1.07e-06 0.00e+00 0.00e+00 0.00e+00 0.00e+00 0.00e+00 0.00e+00 0.00e+00 0.00e+00
 Titanium   0  1.38e-04 9.53e-01 4.73e-02 1.10e-05 1.79e-05 0.00e+00 0.00e+00 0.00e+00 0.00e+00 0.00e+00 0.00e+00 0.00e+00 0.00e+00
 Vanadium   0  1.76e-02 8.72e-01 1.10e-01 2.27e-06 4.37e-06 0.00e+00 0.00e+00 0.00e+00 0.00e+00 0.00e+00 0.00e+00 0.00e+00 0.00e+00
 Chromium   0  2.68e-02 8.92e-01 8.14e-02 7.76e-07 0.00e+00 0.00e+00 0.00e+00 0.00e+00 0.00e+00 0.00e+00 0.00e+00 0.00e+00 0.00e+00
 Manganese  0  1.50e-04 9.46e-01 5.34e-02 4.72e-07 1.08e-06 0.00e+00 0.00e+00 0.00e+00 0.00e+00 0.00e+00 0.00e+00 0.00e+00 0.00e+00
 Iron       0  1.39e-04 9.73e-01 2.64e-02 1.28e-06 0.00e+00 0.00e+00 0.00e+00 0.00e+00 0.00e+00 0.00e+00 0.00e+00 0.00e+00 0.00e+00
 Cobalt     0  1.81e-01 8.19e-01 2.46e-04 0.00e+00 0.00e+00 0.00e+00 0.00e+00 0.00e+00 0.00e+00 0.00e+00 0.00e+00 0.00e+00 0.00e+00
 Nickel     0  2.49e-04 1.00e+00 1.09e-04 0.00e+00 0.00e+00 0.00e+00 0.00e+00 0.00e+00 0.00e+00 0.00e+00 0.00e+00 0.00e+00 0.00e+00
 Copper     0  2.65e-01 7.24e-01 1.15e-02 0.00e+00 0.00e+00 0.00e+00 0.00e+00 0.00e+00 0.00e+00 0.00e+00 0.00e+00 0.00e+00 0.00e+00
 Zinc       0  5.61e-01 3.99e-01 4.05e-02 3.26e-04 5.71e-06 0.00e+00 0.00e+00 0.00e+00 0.00e+00 0.00e+00 0.00e+00 0.00e+00 0.00e+00


 PROBLEM DISASTER - the kinetic temperature, 2.797e+00K, is below the lower limit of the code, 2.800e+00K.
 Consider setting a lowest temperature with the SET TEMPERATURE FLOOR command.
 This calculation is aborting.
 Sorry.

 This is often due to mixing luminosity/intensity commands, having an unphysical SED, or too high a flux of cosmic rays.
 To find the problem, try setting a constant temperature (and STOP ZONE 1), rerun the model, and check the output to find what is happening.




 PROBLEM DISASTER
 An assert has been thrown, this is bad.
 Failed: !conv.lgFirstSweepThisZone
 It happened in the file rt_tau_inc.cpp at line number 50
 This is iteration 1, nzone 726, fzone 726.00, lgSearch=F.
 >>> 
 >>> 
 >>> Cosmic rays are not included and the gas is molecular.  THIS IS KNOWN TO BE UNSTABLE.  Add cosmic rays and try again.
 >>> 
 >>>

