                                                          Cloudy 17.03
                                                         www.nublado.org

                       **************************************17Jun01**************************************
                       *                                                                                 *
                       * title CIV QSO                                                                   *
                       * set punch prefix "CIV_QSO"                                                      *
                       * radius = 21.500 23.500                                                          *
                       * iterate to convergence                                                          *
                       * sphere                                                                          *
                       * init "dlaw_HI_exp.ini"                                                          *
                       * dlaw table                                                                      *
                       * table SED "QSO.sed"                                                             *
                       * nuL(nu) = 41.0 at 1 Ryd                                                         *
                       * stop temperature off                                                            *
                       * metals 0.001                                                                    *
                       * save last radius ".rad"                                                         *
                       * save last continuum ".cont"                                                     *
                       * save last physical conditions ".phy"                                            *
                       * save last overview ".ovr"                                                       *
                       * save last heating ".heat"                                                       *
                       * save last cooling ".cool"                                                       *
                       * save last optical depth ".opd"                                                  *
                       * save last element hydrogen ".ele_H"                                             *
                       * save last element helium ".ele_He"                                              *
                       * save last element carbon ".ele_C"                                               *
                       * save last element nitrogen ".ele_N"                                             *
                       * save last element oxygen ".ele_O"                                               *
                       * save last element argon ".ele_Ar"                                               *
                       * save last element neon ".ele_Ne"                                                *
                       * save last element sulphur ".ele_S"                                              *
                       * save last element chlorin ".ele_Cl"                                             *
                       * save last element iron ".ele_Fe"                                                *
                       * save last element silicon ".ele_Si"                                             *
                       * save last lines emissivity  ".emis"                                             *
                       *                                                                                 *
                       ***********************************************************************************




 NOTE
 NOTE The simulation is going into neutral gas but cosmic rays are not included.
 NOTE Ion-molecule chemistry will not occur without a source of ionization.
 NOTE The chemistry network may collapse deep in molecular regions.
 NOTE Consider adding galactic background cosmic rays with the COSMIC RAYS BACKGROUND command.
 NOTE You may be making a BIG mistake.
 NOTE



 NOTE Setcon: continuum has zero intensity starting at  3.0447e-09 Ryd.
  3800 cells in the incident continuum have zero intensity.  Problems???

           8228CellPeak1.00E+00   Lo 3.04e-09=  29.98m   Hi-Con:7.13E+06 Ryd   E(hi):7.35E+06Ryd     E(hi):     100.00 MeV
           L(nu>1ryd):  41.1904   Average nu:2.632E+00   L( X-ray):  40.4171   L(BalC):  41.1154     Q(Balmer C):  52.0776
           Q(1.0-1.8):  51.2340   Q(1.8-4.0):  50.8640   Q(4.0-20):  50.3799   Q(20--):  49.2166     Ion pht flx:2.150E+07
           L(gam ray):  39.5061   Q(gam ray):  45.9900   L(Infred):  41.3499   Alf(ox):  -1.5331     Total lumin:  41.7070
           log L/Lsun:   8.1240   Abs bol mg: -15.5674   Abs V mag: -13.1281   Bol cor:  -2.4394     nuFnu(Bbet):  40.9467
           U(1.0----):2.982E-05   U(4.0----):2.829E-06   T(En-Den):2.056E+00   T(Comp):2.661E+06     nuJnu(912A):7.958E-04
           Occ(FarIR):0.000E+00   Occ(H n=6):3.303E-14   Occ(1Ryd):3.672E-20   Occ(4R):5.387E-23     Occ (Nu-hi):0.000E+00
           Tbr(FarIR):0.000E+00   Tbr(H n=6):1.447E-10   Tbr(1Ryd):5.795E-15   Tbr(4R):3.407E-17     Tbr (Nu-hi):0.000E+00
  
                                                  Gas Phase Chemical Composition
        H :  0.0000  He: -1.0000  Li:-11.6904  Be:-13.5800  B :-12.2097  C : -6.6108  N : -7.0701  O : -6.3098  F :-10.5200
        Ne: -7.0000  Na: -8.6696  Mg: -7.4597  Al: -8.5302  Si: -7.4597  P : -9.4948  S : -7.7352  Cl: -9.7190  Ar: -8.6003
        K : -9.8794  Ca: -8.6402  Sc:-11.8297  Ti: -9.9788  V :-11.0000  Cr: -9.3298  Mn: -9.5406  Fe: -7.5498  Co:-10.0799
                                               Ni: -8.7496  Cu:-10.7905  Zn:-10.4001
 
 ####  1  Te:1.110E+04 Hden:2.405E+01 Ne:2.250E+01 R:3.162E+21 R-R0:3.450E+13 dR:6.899E+13 NTR: 10 Htot:1.403E-21 T912: 1.00e+08###
 Hydrogen      1.43e-01 8.57e-01 H+o/Hden 1.00e+00 9.48e-09 H-    H2 2.67e-10 6.40e-10 H2+ HeH+ 1.10e-08 Ho+ ColD 2.37e+14 1.42e+15
 Helium        2.38e-01 7.41e-01 2.01e-02 HeI 2s3S 2.48e-08 Comp H,C 1.08e-28 4.50e-31 Fill Fac 1.00e+00 Gam1/tot 9.98e-01
 He singlet n  2.38e-01 3.43e-15 2.36e-21 1.93e-21 2.06e-21 3.16e-21 He tripl 2.48e-08 2.23e-19 5.63e-21 4.60e-20 8.96e-21
 Pressure      NgasTgas 5.43e+05 P(total) 7.50e-11 P( gas ) 7.50e-11 P(Radtn) 0.00e+00 Rad accl 9.79e-09 ForceMul 2.73e+05
 Texc(La)      2.74e+03 T(I con) 2.06e+00 T(D con) 2.66e-01 T(U tot) 2.06e+00 nT (c+d) 5.61e+05 Prad/Gas 0.00e+00 Pmag/Gas 0.00e+00
 Molecules     CH/Ctot: 2.68e-10 CH+/Ctot 8.17e-11 CO/Ctot: 2.42e-15 CO+/Ctot 2.64e-17 H2O/Otot 1.50e-19 OH/Ototl 8.53e-10
 Lithium       1.92e-03 9.98e-01 1.04e-04 0.00e+00 Berylliu 6.53e-01 2.43e-01 1.04e-01 1.65e-04 0.00e+00 sec ion: 1.28e-15
 Boron         3.42e-02 9.30e-01 3.42e-02 1.91e-03 0.00e+00 0.00e+00
 Carbon        4.46e-02 8.22e-01 1.34e-01 2.75e-05 0.00e+00 0.00e+00 0.00e+00 H2O+/O   2.52e-20 OH+/Otot 3.59e-10 Hex(tot) 0.00e+00
 Nitrogen      8.11e-02 9.12e-01 7.38e-03 3.31e-06 0.00e+00 0.00e+00 0.00e+00 0.00e+00 O2/Ototl 1.13e-16 O2+/Otot 2.33e-17
 Oxygen        1.69e-01 8.25e-01 6.02e-03 2.29e-06 0.00e+00 0.00e+00 0.00e+00 0.00e+00 0.00e+00
 Fluorine      3.74e-02 7.39e-01 2.24e-01 3.36e-05 0.00e+00 0.00e+00 0.00e+00 0.00e+00 0.00e+00 0.00e+00
 Neon          3.81e-02 6.44e-01 3.18e-01 8.92e-05 0.00e+00 0.00e+00 0.00e+00 0.00e+00 0.00e+00 0.00e+00 0.00e+00
 Sodium        2.05e-04 6.52e-01 3.47e-01 1.90e-04 0.00e+00 0.00e+00 0.00e+00 0.00e+00 0.00e+00 0.00e+00 0.00e+00 0.00e+00
 Magnesium     3.44e-02 5.56e-01 4.10e-01 8.07e-05 0.00e+00 0.00e+00 0.00e+00 0.00e+00 0.00e+00 0.00e+00 0.00e+00 0.00e+00 0.00e+00
 Aluminium  0  8.73e-04 9.11e-01 3.47e-02 5.31e-02 2.84e-05 0.00e+00 0.00e+00 0.00e+00 0.00e+00 0.00e+00 0.00e+00 0.00e+00 0.00e+00
 Silicon    0  4.97e-03 8.80e-01 1.14e-01 8.18e-04 8.47e-06 0.00e+00 0.00e+00 0.00e+00 0.00e+00 0.00e+00 0.00e+00 0.00e+00 0.00e+00
 Phosphorus 0  1.32e-03 9.54e-01 4.39e-02 1.12e-03 4.61e-06 0.00e+00 0.00e+00 0.00e+00 0.00e+00 0.00e+00 0.00e+00 0.00e+00 0.00e+00
 Sulphur    0  1.38e-02 8.26e-01 1.61e-01 1.14e-04 4.27e-06 0.00e+00 0.00e+00 0.00e+00 0.00e+00 0.00e+00 0.00e+00 0.00e+00 0.00e+00
 Chlorine   0  1.12e-03 8.20e-01 1.79e-01 1.32e-04 2.66e-06 0.00e+00 0.00e+00 0.00e+00 0.00e+00 0.00e+00 0.00e+00 0.00e+00 0.00e+00
 Argon      0  1.43e-02 3.50e-01 6.36e-01 1.35e-04 5.06e-06 0.00e+00 0.00e+00 0.00e+00 0.00e+00 0.00e+00 0.00e+00 0.00e+00 0.00e+00
 Potassium  0  6.91e-05 8.77e-01 1.23e-01 3.95e-05 5.08e-05 0.00e+00 0.00e+00 0.00e+00 0.00e+00 0.00e+00 0.00e+00 0.00e+00 0.00e+00
 Calcium    0  1.52e-03 6.28e-01 3.69e-01 1.46e-03 5.17e-06 0.00e+00 0.00e+00 0.00e+00 0.00e+00 0.00e+00 0.00e+00 0.00e+00 0.00e+00
 Scandium   0  3.81e-04 3.16e-01 5.44e-01 1.39e-01 2.66e-04 0.00e+00 0.00e+00 0.00e+00 0.00e+00 0.00e+00 0.00e+00 0.00e+00 0.00e+00
 Titanium   0  8.21e-05 6.06e-01 3.89e-01 4.77e-03 5.24e-04 0.00e+00 0.00e+00 0.00e+00 0.00e+00 0.00e+00 0.00e+00 0.00e+00 0.00e+00
 Vanadium   0  1.16e-03 3.82e-01 6.15e-01 1.19e-03 9.53e-04 0.00e+00 0.00e+00 0.00e+00 0.00e+00 0.00e+00 0.00e+00 0.00e+00 0.00e+00
 Chromium   0  1.28e-03 2.92e-01 7.06e-01 6.05e-04 1.97e-04 0.00e+00 0.00e+00 0.00e+00 0.00e+00 0.00e+00 0.00e+00 0.00e+00 0.00e+00
 Manganese  0  6.83e-05 4.52e-01 5.47e-01 3.92e-04 2.82e-04 2.73e-06 0.00e+00 0.00e+00 0.00e+00 0.00e+00 0.00e+00 0.00e+00 0.00e+00
 Iron       0  1.36e-04 5.95e-01 4.04e-01 1.45e-03 2.18e-05 1.69e-06 0.00e+00 0.00e+00 0.00e+00 0.00e+00 0.00e+00 0.00e+00 0.00e+00
 Cobalt     0  2.34e-02 9.54e-01 2.20e-02 1.33e-04 4.97e-05 0.00e+00 0.00e+00 0.00e+00 0.00e+00 0.00e+00 0.00e+00 0.00e+00 0.00e+00
 Nickel     0  2.31e-04 9.85e-01 1.49e-02 3.57e-05 1.05e-05 0.00e+00 0.00e+00 0.00e+00 0.00e+00 0.00e+00 0.00e+00 0.00e+00 0.00e+00
 Copper     0  1.84e-02 5.14e-01 4.67e-01 4.72e-04 6.58e-06 1.01e-06 0.00e+00 0.00e+00 0.00e+00 0.00e+00 0.00e+00 0.00e+00 0.00e+00
 Zinc       0  4.68e-02 4.12e-01 4.75e-01 6.45e-02 2.40e-03 1.85e-06 0.00e+00 0.00e+00 0.00e+00 0.00e+00 0.00e+00 0.00e+00 0.00e+00
 PROBLEM DISASTER - the kinetic temperature appears to be below the lower limit of the code, 2.800e+00K.  It does not bracket thermal balance.
 This calculation is aborting.
 Sorry.

 This is often due to mixing luminosity/intensity commands, having an unphysical SED, or too high a flux of cosmic rays.
 To find the problem, try setting a constant temperature (and STOP ZONE 1), rerun the model, and check the output to find what is happening.

 ####582  Te:2.800E+00 Hden:6.341E+00 Ne:2.825E-06 R:2.086E+23 R-R0:2.055E+23 dR:2.825E+20 NTR:  2 Htot:4.088E-33 T912: 1.17e+08###
 Hydrogen      8.96e-01 8.03e-08 H+o/Hden 8.96e-01 3.63e-15 H-    H2 5.21e-02 4.27e-16 H2+ HeH+ 4.81e-16 Ho+ ColD 2.61e+24 3.19e+19
 Helium        1.00e+00 8.44e-10 1.77e-19 HeI 2s3S 5.89e-21 Comp H,C 5.17e-40 5.23e-45 Fill Fac 1.00e+00 Gam1/tot 2.00e-02
 He singlet n  1.00e+00 5.88e-26 1.11e-30 3.97e-33 3.93e-32 5.36e-34 He tripl 5.89e-21 1.66e-32 2.65e-34 2.72e-33 1.02e-33
 Pressure      NgasTgas 1.86e+01 P(total) 2.57e-15 P( gas ) 2.57e-15 P(Radtn) 1.54e-19 Rad accl 1.35e-13 ForceMul 2.16e+10
 Texc(La)      3.12e+03 T(I con) 2.31e-01 T(D con) 2.46e-01 T(U tot) 2.84e-01 nT (c+d) 1.15e+05 Prad/Gas 6.01e-05 Pmag/Gas 0.00e+00
 Molecules     CH/Ctot: 6.51e-05 CH+/Ctot 2.39e-08 CO/Ctot: 2.11e-02 CO+/Ctot 1.86e-09 H2O/Otot 3.96e-07 OH/Ototl 2.09e-04
 Lithium       1.28e-03 9.99e-01 4.28e-15 0.00e+00 Berylliu 2.68e-03 9.97e-01 2.68e-10 0.00e+00 0.00e+00 sec ion: 1.20e-23
 Boron         3.86e-04 1.00e+00 0.00e+00 0.00e+00 0.00e+00 0.00e+00
 Carbon        9.50e-03 9.69e-01 8.47e-13 0.00e+00 0.00e+00 0.00e+00 0.00e+00 H2O+/O   1.58e-09 OH+/Otot 1.03e-09 Hex(tot) 0.00e+00
 Nitrogen      1.00e+00 7.12e-11 1.82e-14 0.00e+00 0.00e+00 0.00e+00 0.00e+00 0.00e+00 O2/Ototl 2.67e-11 O2+/Otot 2.04e-13
 Oxygen        9.89e-01 7.57e-14 1.12e-14 0.00e+00 0.00e+00 0.00e+00 0.00e+00 0.00e+00 0.00e+00
 Fluorine      1.00e+00 1.82e-07 1.45e-09 0.00e+00 0.00e+00 0.00e+00 0.00e+00 0.00e+00 0.00e+00 0.00e+00
 Neon          1.00e+00 8.04e-07 1.68e-09 0.00e+00 0.00e+00 0.00e+00 0.00e+00 0.00e+00 0.00e+00 0.00e+00 0.00e+00
 Sodium        2.56e-02 9.74e-01 3.16e-09 0.00e+00 0.00e+00 0.00e+00 0.00e+00 0.00e+00 0.00e+00 0.00e+00 0.00e+00 0.00e+00
 Magnesium     7.58e-03 9.92e-01 5.15e-10 0.00e+00 0.00e+00 0.00e+00 0.00e+00 0.00e+00 0.00e+00 0.00e+00 0.00e+00 0.00e+00 0.00e+00
 Aluminium  0  2.55e-04 1.00e+00 5.86e-09 0.00e+00 0.00e+00 0.00e+00 0.00e+00 0.00e+00 0.00e+00 0.00e+00 0.00e+00 0.00e+00 0.00e+00
 Silicon    0  1.31e-04 1.00e+00 2.49e-14 0.00e+00 0.00e+00 0.00e+00 0.00e+00 0.00e+00 0.00e+00 0.00e+00 0.00e+00 0.00e+00 0.00e+00
 Phosphorus 0  5.38e-03 9.95e-01 9.67e-08 0.00e+00 0.00e+00 0.00e+00 0.00e+00 0.00e+00 0.00e+00 0.00e+00 0.00e+00 0.00e+00 0.00e+00
 Sulphur    0  1.88e-03 9.98e-01 1.31e-12 0.00e+00 0.00e+00 0.00e+00 0.00e+00 0.00e+00 0.00e+00 0.00e+00 0.00e+00 0.00e+00 0.00e+00
 Chlorine   0  8.54e-01 1.63e-04 1.17e-08 0.00e+00 0.00e+00 0.00e+00 0.00e+00 0.00e+00 0.00e+00 0.00e+00 0.00e+00 0.00e+00 0.00e+00
 Argon      0  1.00e+00 3.25e-12 1.11e-11 0.00e+00 0.00e+00 0.00e+00 0.00e+00 0.00e+00 0.00e+00 0.00e+00 0.00e+00 0.00e+00 0.00e+00
 Potassium  0  2.40e-03 9.98e-01 1.78e-08 0.00e+00 0.00e+00 0.00e+00 0.00e+00 0.00e+00 0.00e+00 0.00e+00 0.00e+00 0.00e+00 0.00e+00
 Calcium    0  3.39e-03 5.42e-01 4.55e-01 0.00e+00 0.00e+00 0.00e+00 0.00e+00 0.00e+00 0.00e+00 0.00e+00 0.00e+00 0.00e+00 0.00e+00
 Scandium   0  3.29e-03 9.51e-01 4.54e-02 0.00e+00 0.00e+00 0.00e+00 0.00e+00 0.00e+00 0.00e+00 0.00e+00 0.00e+00 0.00e+00 0.00e+00
 Titanium   0  2.17e-03 9.98e-01 2.40e-04 0.00e+00 0.00e+00 0.00e+00 0.00e+00 0.00e+00 0.00e+00 0.00e+00 0.00e+00 0.00e+00 0.00e+00
 Vanadium   0  7.40e-02 9.26e-01 1.52e-08 0.00e+00 0.00e+00 0.00e+00 0.00e+00 0.00e+00 0.00e+00 0.00e+00 0.00e+00 0.00e+00 0.00e+00
 Chromium   0  1.51e-03 9.98e-01 3.68e-12 0.00e+00 0.00e+00 0.00e+00 0.00e+00 0.00e+00 0.00e+00 0.00e+00 0.00e+00 0.00e+00 0.00e+00
 Manganese  0  7.15e-02 9.29e-01 1.08e-12 0.00e+00 0.00e+00 0.00e+00 0.00e+00 0.00e+00 0.00e+00 0.00e+00 0.00e+00 0.00e+00 0.00e+00
 Iron       0  4.73e-03 9.95e-01 2.12e-13 0.00e+00 0.00e+00 0.00e+00 0.00e+00 0.00e+00 0.00e+00 0.00e+00 0.00e+00 0.00e+00 0.00e+00
 Cobalt     0  2.96e-02 9.70e-01 0.00e+00 0.00e+00 0.00e+00 0.00e+00 0.00e+00 0.00e+00 0.00e+00 0.00e+00 0.00e+00 0.00e+00 0.00e+00
 Nickel     0  1.09e-02 9.89e-01 5.04e-13 0.00e+00 0.00e+00 0.00e+00 0.00e+00 0.00e+00 0.00e+00 0.00e+00 0.00e+00 0.00e+00 0.00e+00
 Copper     0  1.42e-02 9.86e-01 1.81e-08 0.00e+00 0.00e+00 0.00e+00 0.00e+00 0.00e+00 0.00e+00 0.00e+00 0.00e+00 0.00e+00 0.00e+00
 Zinc       0  7.92e-03 9.92e-01 2.00e-08 0.00e+00 0.00e+00 0.00e+00 0.00e+00 0.00e+00 0.00e+00 0.00e+00 0.00e+00 0.00e+00 0.00e+00
   CIV QSO  
 W-Calculation stopped because calculation aborted. Iteration  1 of 10
   The geometry is spherical.
 W-Calculation stopped because calculation aborted.
 W-This was not intended.
 W-The calculation aborted.  Something REALLY went wrong!
 C-Continuum zero at some energies.
 C-Thermal equilibrium timescale, 2.58e+18 s, longer than Hubble time; this cloud is not time-steady.
 C-A temperature discontinuity occurred from 7.20e+03K (zone 145) to 4.29e+03K (zone 146).
 C-The temperature varied by 67.8% between two zones
  !Bound Compton heating reached 42.25% of the local heating.
  !Background cosmic rays are not included - is this physical?  It affects the chemistry.
  !Ionization rate fell below background cosmic ray ionization rate.  Should this be added too?
  !   Use the COSMIC RAY BACKGROUND command.
  !Some input lines contained underscores, these were changed to spaces.
  !Suprathermal collisional ionization of H reached 98.01% of the local H ionization rate.
  !Charge transfer H => H+ reached 21.6% of the local H ionization rate.
  !Charge transfer heating reached 11.38% of the local heating.
  !AGE: Cloud age was not set.  Longest timescale was 7.13e+20 s = 2.26e+13 years.
  !The excitation temp of Lya exceeded the electron temp, largest value was 3.51e+03K (gas temp there was 3.58e+01K, zone 359)
  !Mutual neutralization production of H-alpha was significant.
  !The local H2 cooling rate reached 96.9% of the local cooling.
  !Incident radiation field energy density is less than 2.7K.  Add background with CMB command.
  !The CMB was not included.  This is added with the CMB command.
  !The intensity of the incident radiation field is less than 10 times the Habing diffuse ISM field.  Is this OK?
  !   Consider adding diffuse ISM emission with TABLE ISM command.
  !The fraction of H in H2 reached 10.4% at some point in the cloud.
  !The fraction of Cl in HCl reached 14.0% at some point in the cloud.
  !The optical depth in the H I 21 cm line is 8.03e+02
  !An ionization jump occurred elem Na 1, by 210% from 5.24e-03 (zone 144) to 5.63e-03 (zone 145) to 1.18e-02 (zone 146)
  !An ionization jump occurred elem P  3, by 266% from 1.42e-02 (zone 144) to 1.46e-02 (zone 145) to 3.87e-02 (zone 146)
  !An ionization jump occurred elem Cl 1, by 174% from 1.18e-03 (zone 144) to 1.20e-03 (zone 145) to 2.10e-03 (zone 146)
  !An ionization jump occurred elem K  1, by 224% from 1.00e-03 (zone 144) to 1.08e-03 (zone 145) to 2.41e-03 (zone 146)
  !An ionization jump occurred elem Cu 3, by 456% from 2.85e-03 (zone 144) to 2.94e-03 (zone 145) to 1.34e-02 (zone 146)
  !An ionization jump occurred elem Zn 4, by 470% from 4.48e-03 (zone 144) to 4.65e-03 (zone 145) to 2.18e-02 (zone 146)
  !The electron density varied by 14.5% between two zones
  !The CO density varied by 26.5% between two zones
   Thermal collisional ionization of H reached 0.90% of the local ionization rate.
   Te-ne bounds of Case B lookup table exceeded, H I Case B line intensities set to zero.
   Te-ne bounds of Case B lookup table exceeded, He II Case B line intensities set to zero.
   The density is too low to l-mix the lowest H  I collapsed level.  More resolved levels are needed for accurate line ratios.
   The density is too low to l-mix the lowest He I collapsed level.  More resolved levels are needed for accurate line ratios.
   Grains were not present but might survive in this environment (energy density temperature was 2.06e+00K)
   Cloud thicker than smallest Jeans length=2.36e+19cm; stability problems? (smallest Jeans mass=5.11e+01Mo)
   The local H2 photodissociation heating rate reached 6.8% of the total heating.
   The optical depth to Rayleigh scattering at 1300A is 1.75e+01
   The fraction of C in CO reached 2.10% at some point in the cloud.
   The fraction of Cl in H2Cl+ reached 0.602% at some point in the cloud.
   Is an outer radius of 2.09e+23 reasonable?

                       *********************************> Cloudy 17.03 <**********************************
                       * title CIV QSO                                                                   *
                       * set punch prefix "CIV_QSO"                                                      *
                       * radius = 21.500 23.500                                                          *
                       * iterate to convergence                                                          *
                       * sphere                                                                          *
                       * init "dlaw_HI_exp.ini"                                                          *
                       * table SED "QSO.sed"                                                             *
                       * nuL(nu) = 41.0 at 1 Ryd                                                         *
                       * stop temperature off                                                            *
                       * metals 0.001                                                                    *
                       * save last radius ".rad"                                                         *
                       * save last continuum ".cont"                                                     *
                       * save last physical conditions ".phy"                                            *
                       * save last overview ".ovr"                                                       *
                       * save last heating ".heat"                                                       *
                       * save last cooling ".cool"                                                       *
                       * save last optical depth ".opd"                                                  *
                       * save last element hydrogen ".ele_H"                                             *
                       * save last element helium ".ele_He"                                              *
                       * save last element carbon ".ele_C"                                               *
                       * save last element nitrogen ".ele_N"                                             *
                       * save last element oxygen ".ele_O"                                               *
                       * save last element argon ".ele_Ar"                                               *
                       * save last element neon ".ele_Ne"                                                *
                       * save last element sulphur ".ele_S"                                              *
                       * save last element chlorin ".ele_Cl"                                             *
                       * save last element iron ".ele_Fe"                                                *
                       * save last element silicon ".ele_Si"                                             *
                       * save last lines emissivity  ".emis"                                             *
                       * H  1  1215.67A                                                                  *
                       * H  1  1025.72A                                                                  *
                       * H  1  4861.33A                                                                  *
                       * H  1  6562.81A                                                                  *
                       * O  6  1031.91A                                                                  *
                       * O  6  1037.62A                                                                  *
                       * He 2  949.31A                                                                   *
                       * He 2  972.108A                                                                  *
                       * He 2  1025.27A                                                                  *
                       * He 2  1640.43A                                                                  *
                       * He 2  4859A                                                                     *
                       * He 2  4339A                                                                     *
                       * He 2  6527A                                                                     *
                       * He 2  6560A                                                                     *
                       * C  4  1550.78                                                                   *
                       * O  3  5006.84A                                                                  *
                       * N  5  1238.82                                                                   *
                       * N  5  1242.80                                                                   *
                       * c  4  1548.19                                                                   *
                       * c  4  1550.78                                                                   *
                       * mg 2  2795.53                                                                   *
                       * mg 2  2802.71                                                                   *
                       * end of lines                                                                    *
                       *********************************> Log(U): -4.53 <*********************************
  
                       >>>>>>>>>> Warning!
                       >>>>>>>>>> Warning!
                       >>>>>>>>>> Warning!  Warnings exist, this calculation has serious problems.
                       >>>>>>>>>> Warning!
                       >>>>>>>>>> Warning!
  
                       >>>>>>>>>> The calculation stopped for unintended reasons.

                     Emission Line Spectrum.  Special Density Lw Model.  Closed geometry.  Iteration 1 of 10.
                                    Luminosity (erg/s) emitted by a shell with full coverage.


                                                   Intrinsic line intensities
general properties.............................      He 2                3644.36A   37.021    0.0035      H  1                5.90655m   36.843    0.0023
Inci                      0    41.707  167.9648      He 2                3644.36A   37.144    0.0046      H  1                5.12722m   36.710    0.0017
TotH                      0    40.765   19.2104      He 2                3644.36A   36.931    0.0028      H  1                4.67119m   36.548    0.0012
TotC                      0    40.765   19.1971      He 2                5694.36A   36.618    0.0014      H  1                3.48198m   36.661    0.0015
BFH1                      0    40.579   12.5126      He 2                5694.36A   36.777    0.0020      H  1                19.0565m   36.743    0.0018
BFHe                      0    40.286    6.3661      He 2                5694.36A   36.719    0.0017      H  1                11.3055m   36.637    0.0014
TotM                      0    38.305    0.0665      He 1                504.259A   39.679    1.5766      H  1                8.75760m   36.514    0.0011
Cbnd                      0    38.439    0.0906      He 1                2599.69A   38.227    0.0556      Ca A                234.347A   37.664    0.0152
CT H                      0    38.861    0.2394      He 1                3120.85A   37.716    0.0171      Ca A                232.584A   37.464    0.0096
H FB                      0    39.468    0.9683      He 1                3421.00A   37.725    0.0175      Ca A                231.454A   37.293    0.0065
HFBc                      0    39.468    0.9683      He 1                3420.88A   38.202    0.0526      Ca A                230.686A   37.144    0.0046
H  1c                     0    40.670   15.4418      He 1                3420.88A   38.424    0.0876      Ca A                230.139A   37.012    0.0034
He 1c                     0    36.803    0.0021      He 1                3678.70A   38.005    0.0334      Ca A                229.736A   36.892    0.0026
COc                       0    37.600    0.0131      He 1                6632.16A   37.320    0.0069      Ca A                229.431A   36.783    0.0020
C  1c                     0    38.401    0.0830      He 1                7435.20A   36.899    0.0026      Ca A                229.194A   36.683    0.0016
C  2c                     0    39.025    0.3492      He 1                7843.44A   37.947    0.0292      Ca A                229.006A   36.590    0.0013
Fe 2c                     0    37.932    0.0282      He 1                8188.36A   37.727    0.0176      Ca A                228.855A   36.504    0.0011
N  1c                     0    36.577    0.0012      He 1                8190.64A   37.238    0.0057      Ca A                992.360A   37.030    0.0035
Ne 2c                     0    36.687    0.0016      He 1                8261.30A   37.335    0.0071      Ca A                972.108A   36.850    0.0023
O  1c                     0    38.084    0.0400      He 1                1.24779m   36.769    0.0019      Ca A                958.694A   36.695    0.0016
O  2c                     0    37.318    0.0069      He 1                1.40934m   37.447    0.0092      Ca A                949.324A   36.558    0.0012
S  2c                     0    37.415    0.0086      He 1                1.45602m   37.355    0.0075      Ca A                2385.35A   36.567    0.0012
S  3c                     0    36.553    0.0012      He 1                1.45643m   36.863    0.0024      Ca B                992.360A   37.174    0.0049
Si 2c                     0    37.789    0.0203      He 1                1.45759m   37.002    0.0033      Ca B                972.108A   36.994    0.0033
Ca 2c                     0    36.985    0.0032      He 1                1.45759m   36.525    0.0011      Ca B                958.694A   36.838    0.0023
Mg 2c                     0    37.244    0.0058      He 1                1.46631m   36.863    0.0024      Ca B                949.324A   36.700    0.0017
N  2c                     0    37.014    0.0034      He 1                2.21672m   37.080    0.0040      Ca B                942.508A   36.577    0.0012
Ni 2c                     0    36.482    0.0010      He 1                2.27546m   37.030    0.0035      Ca B                2385.35A   36.614    0.0014
continua.......................................      He 1                2.27605m   36.537    0.0011      He 2                607.567A   38.995    0.3262
Bac                 3646.00A   40.725   17.5259      He 1                2.27752m   36.821    0.0022      He 2                303.784A   38.731    0.1774
nFnu                3645.00A   40.871   24.4765      He 1                2.28864m   36.509    0.0011      He 2                256.317A   36.752    0.0019
nFnu                3647.00A   40.324    6.9507      He 1                3.20640m   36.794    0.0021      He 2                243.027A   36.641    0.0014
cout                3646.00A   40.725   17.5259      He 1                3.27715m   36.761    0.0019      He 2                237.331A   36.577    0.0012
thin                3646.00A   40.726   17.5286      He 1                3.27968m   36.604    0.0013      He 2                234.347A   36.529    0.0011
Inci                4860.00A   40.947   29.1788      He 1                4.46460m   37.203    0.0053      He 2                228.234A   36.483    0.0010
Inci                1215.00A   41.436   90.0247      He 1                5.83132m   37.032    0.0035      He 2                228.203A   37.297    0.0065
Ba C                      0    39.662    1.5135      He 1                7.38026m   36.880    0.0025      He 2                1640.43A   38.488    0.1014
PA C                      0    39.247    0.5819      He 1                9.11143m   36.745    0.0018      He 2                1215.13A   38.015    0.0341
FIR                 83.0000m   40.157    4.7330      He 1                11.0248m   36.622    0.0014      He 2                1084.94A   37.678    0.0157
TIR                 1800.00m   38.447    0.0924      He 1                13.1205m   36.509    0.0011      He 2                1025.27A   37.419    0.0087
NIRa                2.85000m   41.269   61.2818      He 1                61.5933m   36.749    0.0019      He 2                992.360A   37.209    0.0053
NIRb                3.00000m   40.870   24.4519      grains.........................................      He 2                972.108A   37.032    0.0035
MIRa                15.0000m   40.911   26.8660      H-like iso-sequence............................      He 2                958.694A   36.879    0.0025
MIRb                22.5000m   40.986   31.9232      Cool                1215.67A   40.450    9.2959      He 2                949.324A   36.744    0.0018
NMIR                21.7500m   41.269   61.2818      Crst                960.000A   40.270    6.1459      He 2                942.508A   36.880    0.0025
TFIR                611.250m   39.108    0.4229      LA X                1215.67A   39.787    2.0206      He 2                937.389A   36.785    0.0020
TALL                10000.0A   41.907  266.4530      CION                      0    38.232    0.0562      He 2                933.444A   36.698    0.0016
F12                 12.0000m   40.468    9.6989      Q(H)                4861.33A   39.109    0.4242      He 2                930.337A   36.618    0.0014
F25                 25.0000m   40.253    5.9100      Q(H)                1215.67A   40.645   14.5583      He 2                927.846A   36.543    0.0012
F60                 60.0000m   40.084    4.0012      CaBo                4861.33A   39.147    0.4626      He 2                917.221A   36.990    0.0032
F100                100.000m   38.940    0.2875      CaBo                1640.00A   38.519    0.1090      He 2                4685.64A   37.606    0.0133
MIPS                24.0000m   39.958    2.9917      CaBo                4685.64A   37.696    0.0164      He 2                3203.04A   37.283    0.0063
MIPS                70.0000m   39.522    1.0969      Ca A                937.804A   38.855    0.2362      He 2                2733.24A   37.018    0.0034
MIPS                160.000m   39.006    0.3342      Ca A                930.748A   38.653    0.1483      He 2                2511.15A   36.802    0.0021
IRAC                3.60000m   40.077    3.9339      Ca A                926.226A   38.479    0.0994      He 2                2385.35A   36.621    0.0014
IRAC                4.50000m   40.114    4.2913      Ca A                923.150A   38.326    0.0699      He 2                1.01233m   36.992    0.0032
IRAC                5.80000m   40.145    4.6077      Ca A                920.963A   38.190    0.0511      He 2                6559.91A   36.754    0.0019
IRAC                8.00000m   40.301    6.5907      Ca A                919.351A   38.067    0.0385      He 2                5411.37A   36.538    0.0011
SPR1                250.000m   36.885    0.0025      Ca A                918.129A   37.955    0.0297      He 2                1.86362m   36.490    0.0010
SPR2                350.000m   37.036    0.0036      Ca A                917.181A   37.852    0.0235      He-like iso-sequence...........................
SPR3                500.000m   36.794    0.0021      Ca A                916.429A   37.757    0.0188      He 1                1202.81A   39.275    0.6205
PAC1                70.0000m   39.578    1.2489      Ca A                915.824A   37.668    0.0154      He 1                584.334A   38.229    0.0559
PAC2                100.000m   38.893    0.2581      Ca A                915.329A   37.585    0.0127      He 1                537.030A   37.238    0.0057
PAC3                160.000m   39.009    0.3366      Ca A                914.919A   37.508    0.0106      He 1                522.213A   37.096    0.0041
PAH                 3.30000m   39.221    0.5492      Ca A                914.576A   37.435    0.0090      He 1                515.617A   37.016    0.0034
PAHC                3.23000m   38.926    0.2784      Ca A                914.286A   37.367    0.0077      He 1                512.099A   36.952    0.0030
PAHC                3.37000m   38.911    0.2684      Ca A                914.039A   37.303    0.0066      He 1                625.563A   39.917    2.7264
PAH                 6.20000m   39.662    1.5154      Ca A                913.826A   37.242    0.0058      He 1                510.018A   36.816    0.0022
PAHC                5.65000m   39.699    1.6500      Ca A                913.641A   37.185    0.0051      He 1                508.657A   36.786    0.0020
PAH                 7.90000m   39.850    2.3339      Ca A                913.480A   37.132    0.0045      He 1                507.727A   36.762    0.0019
PAHC                6.90000m   39.913    2.7005      Ca A                913.339A   37.082    0.0040      He 1                507.065A   36.739    0.0018
PAH                 11.3000m   39.262    0.6029      Ca A                3970.07A   38.150    0.0466      He 1                506.576A   36.720    0.0017
PAHC                10.9000m   39.284    0.6339      Ca A                3889.05A   37.972    0.0309      He 1                506.204A   36.701    0.0017
PAH                 11.8000m   39.476    0.9865      Ca A                3835.38A   37.817    0.0216      He 1                505.916A   36.682    0.0016
PAHC                12.6500m   39.447    0.9220      Ca A                3797.89A   37.679    0.0157      He 1                505.687A   36.664    0.0015
PAH                 13.3000m   39.475    0.9851      Ca A                3770.63A   37.554    0.0118      He 1                505.502A   36.646    0.0015
PAHC                14.1000m   39.443    0.9154      Ca A                3750.15A   37.441    0.0091      He 1                505.352A   36.629    0.0014
Bcon                3640.00A   41.737  179.9603      Ca A                3734.36A   37.337    0.0072      He 1                505.227A   36.612    0.0013
Pcon                5000.00A   40.822   21.9099      Ca A                3721.93A   37.241    0.0057      He 1                505.122A   36.595    0.0013
O3bn                5007.00A   39.200    0.5222      Ca A                3711.97A   37.152    0.0047      He 1                505.033A   36.580    0.0013
HX                  4.70000A   38.675    0.1559      Ca A                3703.85A   37.069    0.0039      He 1                504.958A   36.488    0.0010
HFFc                      0    39.369    0.7708      Ca A                3697.15A   36.990    0.0032      He 1                504.893A   36.517    0.0011
H FF                      0    39.299    0.6569      Ca A                3691.55A   36.917    0.0027      He 1                504.836A   36.537    0.0011
HeFF                      0    38.382    0.0794      Ca A                3686.83A   36.847    0.0023      He 1                504.744A   36.514    0.0011
ToFF                      0    39.349    0.7363      Ca A                3682.80A   36.781    0.0020      He 1                504.706A   36.586    0.0013
nFnu                122.400m   37.632    0.0141      Ca A                3679.35A   36.718    0.0017      He 1                504.672A   37.355    0.0075
nFnu                60.8322m   37.876    0.0248      Ca A                3676.36A   36.657    0.0015      TOTL                1.08303m   38.536    0.1132
nInu                60.8322m   40.185    5.0479      Ca A                3673.75A   36.600    0.0013      He 1                1.08303m   38.536    0.1132
nFnu                41.2152m   38.030    0.0353      Ca A                3671.47A   36.545    0.0012      He 1                3888.63A   38.257    0.0596
nInu                41.2152m   40.408    8.4400      Ca A                9545.93A   37.612    0.0135      He 1                3187.74A   37.868    0.0243
nFnu                30.8695m   38.130    0.0445      Ca A                9228.97A   37.454    0.0094      He 1                2945.10A   37.555    0.0118
nInu                30.8695m   40.520   10.9270      Ca A                9014.87A   37.314    0.0068      He 1                2829.08A   37.299    0.0066
nFnu                24.7829m   38.208    0.0532      Ca A                8862.74A   37.188    0.0051      He 1                2760.44A   36.733    0.0018
nInu                24.7829m   40.580   12.5258      Ca A                8750.43A   37.074    0.0039      He 1                2721.00A   36.584    0.0013
nFnu                24.2998m   38.214    0.0540      Ca A                8664.98A   36.969    0.0031      He 1                2.05813m   37.452    0.0093
nInu                24.2998m   40.588   12.7788      Ca A                8598.35A   36.872    0.0025      He 1                5015.68A   37.683    0.0159
nFnu                22.8302m   38.242    0.0576      Ca A                8545.34A   36.782    0.0020      He 1                3964.73A   37.294    0.0065
nInu                22.8302m   40.605   13.2935      Ca A                8502.44A   36.698    0.0016      He 1                3613.64A   36.987    0.0032
nFnu                21.4199m   38.258    0.0597      Ca A                8467.21A   36.619    0.0014      He 1                3447.59A   36.735    0.0018
nInu                21.4199m   40.619   13.7211      Ca A                8437.91A   36.545    0.0012      He 1                7065.22A   37.541    0.0115
nFnu                21.1235m   38.263    0.0604      Ca A                1.81740m   37.183    0.0050      He 1                5875.64A   38.272    0.0616
nInu                21.1235m   40.623   13.8359      Ca A                1.73620m   37.040    0.0036      He 1                4713.03A   36.868    0.0024
nFnu                19.6199m   38.293    0.0648      Ca A                1.68064m   36.913    0.0027      He 1                4471.49A   37.863    0.0240
nInu                19.6199m   40.629   14.0259      Ca A                1.64071m   36.797    0.0021      He 1                4026.20A   37.547    0.0116
nFnu                17.6534m   38.341    0.0724      Ca A                1.61092m   36.692    0.0016      He 1                3819.61A   37.292    0.0065
nInu                17.6534m   40.651   14.7695      Ca A                1.58804m   36.594    0.0013      He 1                3704.76A   37.359    0.0075
nFnu                17.3700m   38.340    0.0722      Ca A                1.57006m   36.503    0.0011      He 1                3634.08A   37.199    0.0052
nInu                17.3700m   40.655   14.8931      Ca A                3.03835m   36.819    0.0022      He 1                3587.16A   37.058    0.0038
nFnu                15.6901m   38.369    0.0771      Ca A                2.87219m   36.691    0.0016      He 1                3554.34A   36.934    0.0028
nInu                15.6901m   40.667   15.3256      Ca A                2.75749m   36.574    0.0012      He 1                3530.43A   36.820    0.0022
nFnu                14.6036m   38.400    0.0828      Ca A                12.3684m   37.101    0.0042      He 1                3512.47A   36.717    0.0017
nInu                14.6036m   40.682   15.8715      Ca A                7.50038m   36.936    0.0028      He 1                3498.61A   36.623    0.0014
nFnu                12.4300m   38.461    0.0952      Ca A                5.90655m   36.776    0.0020      He 1                3487.70A   36.537    0.0011
nInu                12.4300m   40.698   16.4469      Ca A                5.12722m   36.632    0.0014      He 1                3439.99A   36.851    0.0023
nFnu                11.4000m   38.486    0.1010      Ca A                4.67119m   36.503    0.0010      He 1                7281.35A   37.035    0.0036
nInu                11.4000m   40.707   16.7841      Ca A                19.0565m   36.743    0.0018      He 1                6678.15A   37.724    0.0175
nFnu                10.4600m   38.526    0.1108      Ca A                11.3055m   36.606    0.0013      He 1                4921.93A   37.295    0.0065
nInu                10.4600m   40.716   17.1681      Ca B                3970.07A   38.315    0.0681      He 1                4387.93A   36.975    0.0031
nFnu                9.48002m   38.554    0.1181      Ca B                3889.05A   38.135    0.0450      He 1                4143.76A   36.719    0.0017
nInu                9.48002m   40.726   17.5681      Ca B                3835.38A   37.978    0.0313      He 1                4009.05A   36.722    0.0017
nFnu                9.32488m   38.559    0.1195      Ca B                3797.89A   37.838    0.0227      He 1                3926.41A   36.560    0.0012
nInu                9.32488m   40.730   17.7143      Ca B                3770.63A   37.713    0.0170      He 1                1.70027m   36.712    0.0017
nFnu                8.21035m   38.612    0.1351      Ca B                3750.15A   37.598    0.0131      He 1                1.19692m   36.551    0.0012
nInu                8.21035m   40.736   17.9773      Ca B                3734.36A   37.494    0.0103      He 1                1.86854m   37.338    0.0072
nFnu                7.58000m   38.636    0.1426      Ca B                3721.93A   37.397    0.0082      He 1                1.27849m   37.007    0.0034
nInu                7.58000m   40.745   18.3315      Ca B                3711.97A   37.307    0.0067      He 1                1.09130m   36.740    0.0018
nFnu                7.05026m   38.681    0.1581      Ca B                3703.85A   37.223    0.0055      He 1                1.00275m   36.543    0.0012
nInu                7.05026m   40.746   18.3961      Ca B                3697.15A   37.145    0.0046      He 1                1.86972m   36.861    0.0024
nFnu                4.11370m   38.897    0.2600      Ca B                3691.55A   37.071    0.0039      He 1                1.27905m   36.529    0.0011
nInu                4.11370m   40.745   18.3268      Ca B                3686.83A   37.001    0.0033      He 1                4.04791m   36.623    0.0014
nFnu                2.32440m   39.108    0.4227      Ca B                3682.80A   36.935    0.0028      Ca B                2945.10A   37.549    0.0117
nInu                2.32440m   40.661   15.1122      Ca B                3679.35A   36.872    0.0025      Ca B                3187.74A   37.866    0.0242
nFnu                1.64313m   40.512   10.7202      Ca B                3676.36A   36.812    0.0021      Ca B                3613.64A   36.961    0.0030
nInu                1.64313m   40.506   10.5695      Ca B                3673.75A   36.756    0.0019      Ca B                3888.63A   38.263    0.0604
nFnu                1.48022m   39.339    0.7202      Ca B                3671.47A   36.702    0.0017      Ca B                3964.73A   37.270    0.0061
nInu                1.48022m   40.473    9.8081      Ca B                9545.93A   37.676    0.0156      Ca B                4026.20A   37.588    0.0128
nFnu                1.43649m   39.523    1.1006      Ca B                9228.97A   37.519    0.0109      Ca B                4120.82A   36.506    0.0011
nInu                1.43649m   40.467    9.6617      Ca B                9014.87A   37.379    0.0079      Ca B                4387.93A   37.013    0.0034
nFnu                1.11867m   39.550    1.1690      Ca B                8862.74A   37.253    0.0059      Ca B                4471.49A   37.912    0.0270
nInu                1.11867m   40.460    9.5166      Ca B                8750.43A   37.138    0.0045      Ca B                4713.03A   36.920    0.0027
nFnu                8329.68A   39.679    1.5756      Ca B                8664.98A   37.033    0.0036      Ca B                4921.93A   37.344    0.0073
nInu                8329.68A   40.525   11.0373      Ca B                8598.35A   36.937    0.0029      Ca B                5015.68A   37.670    0.0154
nFnu                8078.61A   39.942    2.8824      Ca B                8545.34A   36.847    0.0023      Ca B                5047.64A   36.506    0.0011
nInu                8078.61A   40.528   11.1111      Ca B                8502.44A   36.763    0.0019      Ca B                5875.64A   38.358    0.0752
nFnu                6209.66A   39.983    3.1718      Ca B                8467.21A   36.684    0.0016      Ca B                6678.15A   37.812    0.0214
nInu                6209.66A   40.589   12.8018      Ca B                8437.91A   36.610    0.0013      Ca B                7065.22A   37.579    0.0125
nFnu                4885.36A   40.105    4.2022      Ca B                8413.28A   36.540    0.0011      Ca B                7281.35A   37.065    0.0038
nInu                4885.36A   40.850   23.3589      Ca B                1.81740m   37.216    0.0054      Ca B                1.08303m   38.586    0.1272
nFnu                3704.34A   40.301    6.5924      Ca B                1.73620m   37.075    0.0039      Ca B                1.19692m   36.592    0.0013
nInu                3704.34A   40.767   19.2665      Ca B                1.68064m   36.948    0.0029      Ca B                1.27849m   37.106    0.0042
nFnu                3587.67A   40.634   14.2142      Ca B                1.64071m   36.833    0.0022      Ca B                1.27905m   36.629    0.0014
nInu                3587.67A   40.783   20.0095      Ca B                1.61092m   36.727    0.0018      Ca B                1.70027m   36.762    0.0019
nFnu                2430.05A   40.709   16.8639      Ca B                1.58804m   36.630    0.0014      Ca B                1.86854m   37.481    0.0100
nInu                2430.05A   40.906   26.5350      Ca B                1.57006m   36.539    0.0011      Ca B                1.86972m   37.004    0.0033
nFnu                2392.03A   40.717   17.2078      Ca B                3.03835m   36.841    0.0023      Ca B                2.05813m   37.735    0.0179
nInu                2392.03A   40.892   25.6890      Ca B                2.87219m   36.713    0.0017      Pho+                3889.00A   38.919    0.2734
nFnu                2071.34A   40.805   21.0504      Ca B                2.75749m   36.596    0.0013      extra Lyman....................................
nInu                2071.34A   40.908   26.7042      Ca B                2.67438m   36.490    0.0010      database lines.................................
nFnu                2052.68A   40.812   21.4080      Ca B                12.3684m   37.113    0.0043      CO                  2600.05m   37.462    0.0096
nInu                2052.68A   40.899   26.1274      Ca B                7.50038m   36.948    0.0029      CO                  1300.05m   37.029    0.0035
nFnu                1793.44A   40.898   26.0874      Ca B                5.90655m   36.789    0.0020      Ar 1                1048.22A   36.590    0.0013
nInu                1793.44A   40.926   27.8111      Ca B                5.12722m   36.647    0.0015      C  1                1658.12A   36.631    0.0014
nFnu                1585.12A   40.960   30.1102      Ca B                4.67119m   36.518    0.0011      C  1                370.269m   36.711    0.0017
nInu                1585.12A   40.996   32.6655      Ca B                19.0565m   36.754    0.0019      C  1                609.590m   38.390    0.0809
nFnu                1458.33A   40.971   30.8289      Ca B                11.3055m   36.617    0.0014      C  2                1037.02A   37.783    0.0200
nInu                1458.33A   40.937   28.4975      H  1                2431.34A   40.837   22.6415      C  2                1335.66A   37.566    0.0121
nFnu                1356.96A   40.930   28.0931      H  1                1215.67A   41.567  121.6191      C  2                157.636m   39.023    0.3479
nInu                1356.96A   40.971   30.8786      H  1                1025.72A   37.574    0.0124      Fe 2                25.9811m   37.021    0.0035
nFnu                1297.29A   40.820   21.7888      H  1                972.537A   37.434    0.0090      Fe 2                5.33881m   37.289    0.0064
nInu                1297.29A   40.999   32.9283      H  1                949.743A   37.368    0.0077      Fe 2                1.25668m   37.158    0.0047
nFnu                1262.79A   40.648   14.6580      H  1                937.804A   37.324    0.0070      Fe 2                2599.40A   36.602    0.0013
nInu                1262.79A   41.084   39.9974      H  1                930.748A   37.290    0.0064      Fe 2                2382.04A   36.811    0.0021
nFnu                1218.08A   39.181    0.5003      H  1                926.226A   37.260    0.0060      Fe 2                1.32055m   36.580    0.0013
nInu                1218.08A   41.429   88.6370      H  1                923.150A   37.233    0.0056      Fe 2                2625.67A   37.386    0.0080
nFnu                1196.33A   39.192    0.5129      H  1                920.963A   37.206    0.0053      Fe 2                2611.87A   36.967    0.0031
nInu                1196.33A   41.272   61.6694      H  1                919.351A   37.090    0.0041      Fe 2                2395.63A   37.002    0.0033
nFnu                1175.06A   39.203    0.5268      H  1                918.129A   37.069    0.0039      Fe 2                2364.83A   37.034    0.0036
nInu                1175.06A   41.114   42.8970      H  1                917.181A   37.050    0.0037      Fe 2                2631.32A   36.680    0.0016
nFnu                1143.64A   39.225    0.5538      H  1                916.429A   37.034    0.0036      Fe 2                2380.76A   36.786    0.0020
nInu                1143.64A   41.028   35.1457      H  1                915.824A   37.019    0.0034      Fe 2                1.64355m   37.085    0.0040
nFnu                1113.22A   39.245    0.5799      H  1                915.329A   37.005    0.0033      Fe 2                2493.29A   37.419    0.0086
nInu                1113.22A   41.018   34.3940      H  1                914.919A   36.994    0.0032      Mg 1                2852.13A   36.891    0.0026
nFnu                1103.23A   39.250    0.5866      H  1                914.576A   36.983    0.0032      N  1                1134.17A   36.615    0.0014
nInu                1103.23A   41.006   33.4270      H  1                914.286A   36.975    0.0031      N  1                1134.41A   36.754    0.0019
nFnu                1073.86A   39.240    0.5733      H  1                914.039A   36.970    0.0031      N  1                1134.98A   36.826    0.0022
nInu                1073.86A   40.999   32.8902      H  1                913.826A   36.969    0.0031      N  1                1199.55A   37.605    0.0133
nFnu                1064.34A   39.248    0.5837      H  1                913.641A   36.976    0.0031      N  1                1200.22A   37.526    0.0111
nInu                1064.34A   41.003   33.1881      H  1                913.480A   37.000    0.0033      N  1                1200.71A   37.361    0.0076
nFnu                1035.92A   39.268    0.6115      H  1                913.339A   37.068    0.0039      Ne 2                12.8101m   36.687    0.0016
nInu                1035.92A   41.071   38.7940      H  1                913.215A   37.851    0.0234      O  1                1040.94A   36.556    0.0012
nFnu                1000.00A   39.296    0.6522      H  1                6562.81A   39.992    3.2380      O  1                1304.86A   37.429    0.0089
nInu                1000.00A   41.006   33.4530      H  1                4861.33A   39.482    1.0000      O  1                1306.03A   37.350    0.0074
nFnu                925.144A   39.327    0.7001      H  1                4340.46A   39.130    0.4446      O  1                6300.30A   36.713    0.0017
nInu                925.144A   40.951   29.4480      H  1                4101.73A   38.859    0.2381      O  1                63.1679m   38.032    0.0355
RRC............................................      H  1                3970.07A   38.639    0.1437      O  1                145.495m   36.829    0.0022
H  1                911.753A   40.365    7.6506      H  1                3889.05A   38.451    0.0932      O  2                3728.81A   37.079    0.0040
H  1                3645.98A   39.240    0.5727      H  1                3835.38A   38.290    0.0643      O  2                3726.03A   36.912    0.0027
H  1                3645.98A   39.586    1.2705      H  1                3797.89A   38.150    0.0466      S  2                6730.82A   37.026    0.0035
H  1                8203.53A   38.505    0.1054      H  1                3770.63A   37.958    0.0300      S  2                6716.44A   37.160    0.0048
H  1                8203.53A   38.898    0.2606      H  1                3750.15A   37.855    0.0236      S  2                1055.88A   36.570    0.0012
H  1                8203.53A   38.796    0.2063      H  1                3734.36A   37.762    0.0191      Si 2                34.8046m   37.784    0.0201
H  1                1.45841m   38.018    0.0344      H  1                3721.93A   37.677    0.0157      Si 2                1533.43A   37.632    0.0141
H  1                1.45841m   38.417    0.0862      H  1                3711.97A   37.599    0.0131      Si 2                1309.28A   37.353    0.0074
H  1                1.45841m   38.422    0.0871      H  1                3703.85A   37.528    0.0111      Si 2                1265.00A   38.046    0.0367
H  1                1.45841m   38.086    0.0402      H  1                3697.15A   37.463    0.0096      Si 2                1197.39A   38.001    0.0330
H  1                2.27876m   37.661    0.0151      H  1                3691.55A   37.403    0.0083      Si 2                1194.50A   37.851    0.0234
H  1                2.27876m   38.060    0.0378      H  1                3686.83A   37.350    0.0074      Al 2                1670.79A   37.656    0.0150
H  1                2.27876m   38.095    0.0410      H  1                3682.80A   37.303    0.0066      Ca 2                7323.89A   36.603    0.0013
H  1                2.27876m   37.904    0.0264      H  1                3679.35A   37.265    0.0061      Ca 2                7291.47A   36.723    0.0017
H  1                2.27876m   37.420    0.0087      H  1                3676.36A   37.240    0.0057      Mg 2                2802.71A   37.680    0.0158
H  1                3.28142m   37.381    0.0079      H  1                3673.75A   37.236    0.0057      Mg 2                2795.53A   37.863    0.0241
H  1                3.28142m   37.778    0.0198      H  1                3671.47A   37.285    0.0063      N  2                6583.45A   36.838    0.0023
H  1                3.28142m   37.824    0.0220      H  1                3669.46A   38.061    0.0379      level 1 lines..................................
H  1                3.28142m   37.686    0.0160      H  1                1.87510m   38.803    0.2096      recombination..................................
H  1                3.28142m   37.374    0.0078      H  1                1.28180m   38.509    0.1065      C  1                1.06950m   36.875    0.0025
H  1                3.28142m   36.794    0.0021      H  1                1.09380m   38.255    0.0593      C  1                1657.00A   37.816    0.0216
H  1                4.46637m   37.152    0.0047      H  1                1.00493m   38.045    0.0365      level2 lines...................................
H  1                4.46637m   37.546    0.0116      H  1                9545.93A   37.863    0.0240      C  1                943.939A   36.524    0.0011
H  1                4.46637m   37.598    0.0131      H  1                9228.97A   37.705    0.0167      C  1                1247.50A   36.483    0.0010
H  1                4.46637m   37.484    0.0100      H  1                9014.87A   37.566    0.0122      N  1                942.258A   36.549    0.0012
H  1                4.46637m   37.240    0.0057      H  1                8862.74A   37.444    0.0092      O  1                976.791A   37.033    0.0036
H  1                4.46637m   36.850    0.0023      H  1                8750.43A   37.342    0.0072      O  1                969.049A   36.612    0.0014
H  1                5.83363m   36.958    0.0030      H  1                8664.98A   37.249    0.0058      Si 2                1179.59A   38.001    0.0330
H  1                5.83363m   37.351    0.0074      H  1                8598.35A   37.164    0.0048      Si 2                993.354A   36.997    0.0033
H  1                5.83363m   37.404    0.0084      H  1                8545.34A   37.086    0.0040      P  2                967.202A   36.732    0.0018
H  1                5.83363m   37.302    0.0066      H  1                8502.44A   37.015    0.0034      P  2                963.828A   36.988    0.0032
H  1                5.83363m   37.093    0.0041      H  1                8467.21A   36.950    0.0029      Mn 2                1198.85A   36.571    0.0012
H  1                5.83363m   36.785    0.0020      H  1                8437.91A   36.890    0.0026      Ni 2                1744.24A   36.691    0.0016
H  1                7.38319m   36.790    0.0020      H  1                8413.28A   36.837    0.0023      Ni 2                1375.73A   36.788    0.0020
H  1                7.38319m   37.182    0.0050      H  1                8392.35A   36.791    0.0020      Ni 2                1324.11A   36.652    0.0015
H  1                7.38319m   37.235    0.0057      H  1                8374.43A   36.753    0.0019      hyperfine structure............................
H  1                7.38319m   37.140    0.0046      H  1                8358.96A   36.727    0.0018      inner shell....................................
H  1                7.38319m   36.950    0.0029      H  1                8345.51A   36.723    0.0017      molecules......................................
H  1                7.38319m   36.687    0.0016      H  1                8333.74A   36.772    0.0020      H2 l                2.00000m   39.532    1.1220
H  1                9.11505m   36.642    0.0014      H  1                8323.38A   37.549    0.0117      H2dH                      0    37.570    0.0123
H  1                9.11505m   37.032    0.0036      H  1                4.05113m   38.095    0.0410      H2 v                      0    39.512    1.0712
H  1                9.11505m   37.086    0.0040      H  1                2.62513m   37.876    0.0248      H-FB                      0    38.177    0.0496
H  1                9.11505m   36.995    0.0033      H  1                2.16551m   37.674    0.0156      H-FF                      0    38.019    0.0345
H  1                9.11505m   36.817    0.0022      H  1                1.94454m   37.495    0.0103      H-CT                6562.81A   38.093    0.0409
H  1                9.11505m   36.579    0.0013      H  1                1.81740m   37.339    0.0072      H- H                      0    37.501    0.0105
H  1                11.0292m   37.581    0.0126      H  1                1.73620m   37.201    0.0052      H2+                       0    37.787    0.0202
H  1                13.1257m   37.469    0.0097      H  1                1.68064m   37.075    0.0039      HEH+                      0    37.297    0.0065
H  1                15.4044m   37.366    0.0077      H  1                1.64071m   36.973    0.0031      blends.........................................
H  1                17.8655m   37.270    0.0061      H  1                1.61092m   36.880    0.0025      Blnd                1304.00A   37.702    0.0166
H  1                20.5089m   37.180    0.0050      H  1                1.58804m   36.796    0.0021      Blnd                1039.00A   36.775    0.0020
H  1                23.3345m   37.097    0.0041      H  1                1.57006m   36.718    0.0017      Blnd                2798.00A   38.082    0.0398
H  1                26.3425m   37.018    0.0034      H  1                1.55563m   36.647    0.0015      Blnd                6720.00A   37.399    0.0083
H  1                29.5328m   36.944    0.0029      H  1                1.54388m   36.582    0.0013      Blnd                1256.00A   36.543    0.0012
H  1                32.9053m   36.874    0.0025      H  1                1.53417m   36.523    0.0011      Ca2R                3933.00A   36.634    0.0014
H  1                36.4602m   36.807    0.0021      H  1                1.49672m   37.182    0.0050      Blnd                7306.00A   36.968    0.0031
H  1                40.1974m   36.744    0.0018      H  1                7.45777m   37.560    0.0120      Blnd                3933.00A   36.638    0.0014
H  1                44.1168m   36.684    0.0016      H  1                4.65247m   37.391    0.0081      Blnd                1657.00A   37.853    0.0235
H  1                48.2186m   36.626    0.0014      H  1                3.73951m   37.222    0.0055      C 1R                1656.00A   37.814    0.0215
H  1                52.5027m   36.571    0.0012      H  1                3.29607m   37.068    0.0039      Blnd                2326.00A   36.615    0.0014
H  1                56.9691m   37.752    0.0186      H  1                3.03835m   36.931    0.0028      Blnd                1335.00A   37.617    0.0137
He 2                227.838A   39.121    0.4356      H  1                2.87219m   36.786    0.0020      Blnd                5199.00A   36.669    0.0015
He 2                911.351A   37.628    0.0140      H  1                2.75749m   36.685    0.0016      Blnd                6300.00A   36.834    0.0022
He 2                911.351A   38.040    0.0361      H  1                2.67438m   36.592    0.0013      Blnd                3726.00A   36.912    0.0027
He 2                2049.88A   37.088    0.0040      H  1                2.61191m   36.508    0.0011      Blnd                3729.00A   37.079    0.0040
He 2                2049.88A   37.553    0.0118      H  1                2.37371m   36.896    0.0026      Blnd                3727.00A   37.305    0.0067
He 2                2049.88A   37.561    0.0120      H  1                12.3684m   37.120    0.0043
He 2                3644.36A   36.546    0.0012      H  1                7.50038m   36.987    0.0032

                                                    Emergent line intensities
 Caution: emergent intensities are not reliable on the first iteration.
general properties.............................      H  1                8392.35A   36.791    0.0020      He 1                3530.43A   36.820    0.0022
continua.......................................      H  1                8374.43A   36.753    0.0019      He 1                3512.47A   36.717    0.0017
FIR                 83.0000m   40.157    4.7362      H  1                8358.96A   36.727    0.0018      He 1                3498.61A   36.623    0.0014
TIR                 1800.00m   38.447    0.0925      H  1                8345.51A   36.723    0.0017      He 1                3487.70A   36.537    0.0011
NIRa                2.85000m   41.269   61.3229      H  1                8333.74A   36.772    0.0020      He 1                3439.99A   36.851    0.0023
NIRb                3.00000m   40.870   24.4683      H  1                8323.38A   37.549    0.0117      He 1                7281.35A   37.035    0.0036
MIRa                15.0000m   40.911   26.8840      H  1                4.05113m   38.095    0.0411      He 1                6678.15A   37.724    0.0175
MIRb                22.5000m   40.986   31.9446      H  1                2.62513m   37.876    0.0248      He 1                4921.93A   37.295    0.0065
NMIR                21.7500m   41.269   61.3229      H  1                2.16551m   37.674    0.0156      He 1                4387.93A   36.975    0.0031
TFIR                611.250m   39.108    0.4231      H  1                1.94454m   37.495    0.0103      He 1                4143.76A   36.719    0.0017
TALL                10000.0A   41.907  266.1958      H  1                1.81740m   37.339    0.0072      He 1                4009.05A   36.722    0.0017
F12                 12.0000m   40.468    9.7054      H  1                1.73620m   37.201    0.0052      He 1                3926.41A   36.560    0.0012
F25                 25.0000m   40.253    5.9139      H  1                1.68064m   37.075    0.0039      He 1                1.70027m   36.712    0.0017
F60                 60.0000m   40.084    4.0038      H  1                1.64071m   36.973    0.0031      He 1                1.19692m   36.551    0.0012
F100                100.000m   38.940    0.2877      H  1                1.61092m   36.880    0.0025      He 1                1.86854m   37.338    0.0072
MIPS                24.0000m   39.958    2.9937      H  1                1.58804m   36.796    0.0021      He 1                1.27849m   37.007    0.0034
MIPS                70.0000m   39.522    1.0976      H  1                1.57006m   36.718    0.0017      He 1                1.09130m   36.740    0.0018
MIPS                160.000m   39.006    0.3344      H  1                1.55563m   36.647    0.0015      He 1                1.00275m   36.542    0.0012
IRAC                3.60000m   40.077    3.9366      H  1                1.54388m   36.582    0.0013      He 1                1.86972m   36.861    0.0024
IRAC                4.50000m   40.114    4.2942      H  1                1.53417m   36.523    0.0011      He 1                1.27905m   36.529    0.0011
IRAC                5.80000m   40.145    4.6107      H  1                1.49672m   37.182    0.0050      He 1                4.04791m   36.623    0.0014
IRAC                8.00000m   40.301    6.5951      H  1                7.45777m   37.560    0.0120      extra Lyman....................................
SPR1                250.000m   36.885    0.0025      H  1                4.65247m   37.391    0.0081      database lines.................................
SPR2                350.000m   37.036    0.0036      H  1                3.73951m   37.222    0.0055      CO                  2600.05m   37.462    0.0096
SPR3                500.000m   36.794    0.0021      H  1                3.29607m   37.068    0.0039      CO                  1300.05m   37.029    0.0035
PAC1                70.0000m   39.578    1.2497      H  1                3.03835m   36.931    0.0028      Ar 1                1048.22A   36.581    0.0013
PAC2                100.000m   38.893    0.2582      H  1                2.87219m   36.786    0.0020      C  1                1658.12A   36.630    0.0014
PAC3                160.000m   39.009    0.3368      H  1                2.75749m   36.685    0.0016      C  1                370.269m   36.711    0.0017
PAH                 3.30000m   39.221    0.5496      H  1                2.67438m   36.592    0.0013      C  1                609.590m   38.390    0.0810
PAHC                3.23000m   38.926    0.2786      H  1                2.61191m   36.508    0.0011      C  2                1037.02A   37.771    0.0195
PAHC                3.37000m   38.911    0.2686      H  1                2.37371m   36.896    0.0026      C  2                1335.66A   37.566    0.0121
PAH                 6.20000m   39.662    1.5164      H  1                12.3684m   37.120    0.0044      C  2                157.636m   39.023    0.3481
PAHC                5.65000m   39.699    1.6511      H  1                7.50038m   36.987    0.0032      Fe 2                25.9811m   37.021    0.0035
PAH                 7.90000m   39.850    2.3355      H  1                5.90655m   36.843    0.0023      Fe 2                5.33881m   37.289    0.0064
PAHC                6.90000m   39.913    2.7023      H  1                5.12722m   36.710    0.0017      Fe 2                1.25668m   37.157    0.0047
PAH                 11.3000m   39.262    0.6033      H  1                4.67119m   36.548    0.0012      Fe 2                2599.40A   36.602    0.0013
PAHC                10.9000m   39.284    0.6343      H  1                3.48198m   36.661    0.0015      Fe 2                2382.04A   36.811    0.0021
PAH                 11.8000m   39.476    0.9871      H  1                19.0565m   36.743    0.0018      Fe 2                1.32055m   36.580    0.0013
PAHC                12.6500m   39.447    0.9227      H  1                11.3055m   36.637    0.0014      Fe 2                2625.67A   37.386    0.0080
PAH                 13.3000m   39.475    0.9857      H  1                8.75760m   36.514    0.0011      Fe 2                2611.87A   36.967    0.0031
PAHC                14.1000m   39.443    0.9160      He 2                303.784A   38.636    0.1426      Fe 2                2395.63A   37.001    0.0033
Bcon                3640.00A   41.737  179.9770      He 2                256.317A   36.739    0.0018      Fe 2                2364.83A   37.034    0.0036
Pcon                5000.00A   40.822   21.8954      He 2                243.027A   36.627    0.0014      Fe 2                2631.32A   36.680    0.0016
O3bn                5007.00A   39.199    0.5219      He 2                237.331A   36.560    0.0012      Fe 2                2380.76A   36.786    0.0020
HX                  4.70000A   38.375    0.0783      He 2                234.347A   36.510    0.0011      Fe 2                1.64355m   37.085    0.0040
RRC............................................      He 2                228.203A   37.215    0.0054      Fe 2                2493.29A   37.418    0.0086
grains.........................................      He 2                1640.43A   38.488    0.1015      Mg 1                2852.13A   36.891    0.0026
H-like iso-sequence............................      He 2                1215.13A   38.015    0.0342      N  1                1134.17A   36.615    0.0014
H  1                1215.67A   41.566  121.4468      He 2                1084.94A   37.678    0.0157      N  1                1134.41A   36.754    0.0019
H  1                1025.72A   37.574    0.0124      He 2                1025.27A   37.419    0.0087      N  1                1134.98A   36.825    0.0022
H  1                972.537A   37.434    0.0090      He 2                992.360A   37.209    0.0053      N  1                1199.55A   37.605    0.0133
H  1                949.743A   37.368    0.0077      He 2                972.108A   37.032    0.0036      N  1                1200.22A   37.525    0.0111
H  1                937.804A   37.324    0.0070      He 2                958.694A   36.879    0.0025      N  1                1200.71A   37.360    0.0076
H  1                930.748A   37.290    0.0064      He 2                949.324A   36.744    0.0018      Ne 2                12.8101m   36.687    0.0016
H  1                926.226A   37.260    0.0060      He 2                942.508A   36.880    0.0025      O  1                1040.94A   36.546    0.0012
H  1                923.150A   37.233    0.0056      He 2                937.389A   36.785    0.0020      O  1                1304.86A   37.429    0.0089
H  1                920.963A   37.206    0.0053      He 2                933.444A   36.698    0.0016      O  1                1306.03A   37.349    0.0074
H  1                919.351A   37.090    0.0041      He 2                930.337A   36.618    0.0014      O  1                6300.30A   36.713    0.0017
H  1                918.129A   37.069    0.0039      He 2                927.846A   36.543    0.0012      O  1                63.1679m   38.032    0.0355
H  1                917.181A   37.050    0.0037      He 2                917.221A   36.990    0.0032      O  1                145.495m   36.829    0.0022
H  1                916.429A   37.034    0.0036      He 2                4685.64A   37.606    0.0133      O  2                3728.81A   37.079    0.0040
H  1                915.824A   37.019    0.0034      He 2                3203.04A   37.283    0.0063      O  2                3726.03A   36.912    0.0027
H  1                915.329A   37.005    0.0033      He 2                2733.24A   37.018    0.0034      S  2                6730.82A   37.026    0.0035
H  1                914.919A   36.994    0.0033      He 2                2511.15A   36.802    0.0021      S  2                6716.44A   37.160    0.0048
H  1                914.576A   36.983    0.0032      He 2                2385.35A   36.621    0.0014      S  2                1055.88A   36.554    0.0012
H  1                914.286A   36.975    0.0031      He 2                1.01233m   36.992    0.0032      Si 2                34.8046m   37.784    0.0201
H  1                914.039A   36.970    0.0031      He 2                6559.91A   36.754    0.0019      Si 2                1533.43A   37.631    0.0141
H  1                913.826A   36.969    0.0031      He 2                5411.37A   36.538    0.0011      Si 2                1309.28A   37.352    0.0074
H  1                913.641A   36.976    0.0031      He 2                1.86362m   36.490    0.0010      Si 2                1265.00A   38.046    0.0367
H  1                913.480A   37.000    0.0033      He-like iso-sequence...........................      Si 2                1197.39A   38.000    0.0330
H  1                913.339A   37.068    0.0039      He 1                584.334A   38.117    0.0432      Si 2                1194.50A   37.850    0.0234
H  1                913.215A   37.851    0.0234      He 1                537.030A   37.196    0.0052      Al 2                1670.79A   37.656    0.0150
H  1                6562.81A   39.992    3.2372      He 1                522.213A   37.053    0.0037      Ca 2                7323.89A   36.603    0.0013
H  1                4861.33A   39.481    1.0000      He 1                515.617A   36.969    0.0031      Ca 2                7291.47A   36.722    0.0017
H  1                4340.46A   39.129    0.4446      He 1                512.099A   36.900    0.0026      Mg 2                2802.71A   37.680    0.0158
H  1                4101.73A   38.858    0.2382      He 1                625.563A   39.685    1.5974      Mg 2                2795.53A   37.863    0.0241
H  1                3970.07A   38.639    0.1438      He 1                510.018A   36.771    0.0019      N  2                6583.45A   36.838    0.0023
H  1                3889.05A   38.451    0.0932      He 1                508.657A   36.736    0.0018      level 1 lines..................................
H  1                3835.38A   38.290    0.0643      He 1                507.727A   36.705    0.0017      recombination..................................
H  1                3797.89A   38.149    0.0466      He 1                507.065A   36.678    0.0016      level2 lines...................................
H  1                3770.63A   37.958    0.0300      He 1                506.576A   36.653    0.0015      C  1                943.939A   36.506    0.0011
H  1                3750.15A   37.855    0.0237      He 1                506.204A   36.628    0.0014      C  1                1247.50A   36.482    0.0010
H  1                3734.36A   37.762    0.0191      He 1                505.916A   36.604    0.0013      N  1                942.258A   36.544    0.0012
H  1                3721.93A   37.677    0.0157      He 1                505.687A   36.581    0.0013      O  1                976.791A   37.031    0.0035
H  1                3711.97A   37.599    0.0131      He 1                505.502A   36.558    0.0012      O  1                969.049A   36.611    0.0013
H  1                3703.85A   37.528    0.0111      He 1                505.352A   36.536    0.0011      Si 2                1179.59A   38.000    0.0330
H  1                3697.15A   37.463    0.0096      He 1                505.227A   36.514    0.0011      Si 2                993.354A   36.992    0.0032
H  1                3691.55A   37.403    0.0083      He 1                505.122A   36.493    0.0010      P  2                967.202A   36.722    0.0017
H  1                3686.83A   37.350    0.0074      He 1                504.672A   37.231    0.0056      P  2                963.828A   36.976    0.0031
H  1                3682.80A   37.303    0.0066      He 1                1.08303m   38.536    0.1133      Mn 2                1198.85A   36.571    0.0012
H  1                3679.35A   37.265    0.0061      He 1                3888.63A   38.257    0.0596      Ni 2                1744.24A   36.691    0.0016
H  1                3676.36A   37.240    0.0057      He 1                3187.74A   37.868    0.0244      Ni 2                1375.73A   36.787    0.0020
H  1                3673.75A   37.235    0.0057      He 1                2945.10A   37.555    0.0118      Ni 2                1324.11A   36.651    0.0015
H  1                3671.47A   37.284    0.0064      He 1                2829.08A   37.299    0.0066      hyperfine structure............................
H  1                3669.46A   38.061    0.0380      He 1                2760.44A   36.733    0.0018      inner shell....................................
H  1                1.87510m   38.803    0.2097      He 1                2721.00A   36.584    0.0013      molecules......................................
H  1                1.28180m   38.509    0.1065      He 1                2.05813m   37.452    0.0093      blends.........................................
H  1                1.09380m   38.255    0.0593      He 1                5015.68A   37.683    0.0159      Blnd                1304.00A   37.702    0.0166
H  1                1.00493m   38.044    0.0366      He 1                3964.73A   37.294    0.0065      Blnd                1039.00A   36.765    0.0019
H  1                9545.93A   37.862    0.0240      He 1                3613.64A   36.987    0.0032      Blnd                2798.00A   38.082    0.0399
H  1                9228.97A   37.705    0.0167      He 1                3447.59A   36.735    0.0018      Blnd                6720.00A   37.399    0.0083
H  1                9014.87A   37.566    0.0122      He 1                7065.22A   37.541    0.0115      Blnd                1256.00A   36.543    0.0012
H  1                8862.74A   37.444    0.0092      He 1                5875.64A   38.272    0.0617      Ca2R                3933.00A   36.633    0.0014
H  1                8750.43A   37.342    0.0072      He 1                4713.03A   36.868    0.0024      Blnd                7306.00A   36.968    0.0031
H  1                8664.98A   37.249    0.0058      He 1                4471.49A   37.863    0.0240      Blnd                3933.00A   36.638    0.0014
H  1                8598.35A   37.164    0.0048      He 1                4026.20A   37.547    0.0116      Blnd                1657.00A   37.853    0.0235
H  1                8545.34A   37.086    0.0040      He 1                3819.61A   37.292    0.0065      C 1R                1656.00A   37.814    0.0215
H  1                8502.44A   37.015    0.0034      He 1                3704.76A   37.359    0.0075      Blnd                1335.00A   37.617    0.0136
H  1                8467.21A   36.950    0.0029      He 1                3634.08A   37.199    0.0052      Blnd                6300.00A   36.834    0.0022
H  1                8437.91A   36.890    0.0026      He 1                3587.16A   37.058    0.0038      Blnd                3726.00A   36.912    0.0027
H  1                8413.28A   36.837    0.0023      He 1                3554.34A   36.934    0.0028      Blnd                3729.00A   37.079    0.0040



 CIV QSO  
 Cooling:  HFBc                      0 :0.050 H  1c                     0 :0.804 H2 l                2.00000m:0.058  
 Heating:  BFH1                      0 :0.651 BFHe                      0 :0.331  

 These are some of the most important databases used by Cloudy:
 Many recombination coefficients were taken from http://amdpp.phys.strath.ac.uk/tamoc/RR/ and http://amdpp.phys.strath.ac.uk/tamoc/DR/
      and are based on the following papers:
        Badnell N. R., et al., A&A 406, 1151 (2003) [http://adsabs.harvard.edu/abs/2003A%26A...406.1151B]
        Badnell N. R., ApJS 167, 334 (2006) [http://adsabs.harvard.edu/abs/2006ApJS..167..334B]
 Much of the molecular emission data is from LAMDA as accessed on June 30, 2015. This database is described in:
        Schoeier F.L., et al., A&A 432, 369 (2005) [http://adsabs.harvard.edu/abs/2005A%26A...432..369S]
      This database is in part based on the work of the following groups:
        JPL: Pickett H. M. et al., JQSRT, 60, 883 (1998). [http://adsabs.harvard.edu/abs/1998JQSRT..60..883P]
        CDMS: Mueller H. S. et al., A&A 370, L49 (2001). [http://adsabs.harvard.edu/abs/2001A%26A...370L..49M]
              Mueller H. S. et al., J. Mol. Struct. 742, 215 (2005). [http://adsabs.harvard.edu/abs/2005JMoSt.742..215M]
 Some of the ionic emission data is from version 7.1.4 of CHIANTI. CHIANTI is a collaborative project involving the NRL (USA), the
      Universities of Florence (Italy) and Cambridge (UK), and George Mason University (USA). These papers describe Chianti:
        Dere K. P., et al., A&AS, 125, 149 (1997) [http://adsabs.harvard.edu/abs/1997A%26AS..125..149D]
        Landi E., et al., ApJ, 744, 99 (2012) [http://adsabs.harvard.edu/abs/2012ApJ...744...99L]
 Much of the H_2 data is from this web site: http://molat.obspm.fr/index.php?page=pages/Molecules/H2/H2can94.php. These data are
      described in:
        Abgrall H. et al., Can. J. Phys., 72, 856 (1994) [http://adsabs.harvard.edu/abs/1994CaJPh..72..856A]
        Wrathmall S. A. & Flower D. R., J. Phys. B, 40, 3221 (2007) [http://adsabs.harvard.edu/abs/2007JPhB...40.3221W]
 The Case A and Case B recombination predictions for one-electron systems are from
	Storey, P.J. & Hummer, D.G., 1995, MNRAS 272, 41 http://adsabs.harvard.edu/abs/1995MNRAS.272...41S
 The He I recombination predictions are from
	Porter, R. L.; Ferland, G. J.; Storey, P. J.; Detisch, M. J., 2012, MNRAS, 425, 28p http://adsabs.harvard.edu/abs/2012MNRAS.425L..28P
		http://adsabs.harvard.edu/abs/2013MNRAS.433L..89P

 If you find some process or data set to be particularly critical to a result, please follow the trail of references back to the
 original source and cite that.  This will support and encourage atomic, molecular, and chemical physicists to continue their
 valuable work.

 IONIZE PARMET:  U(1-) -4.5255  U(4-): -5.5483  U(sp): -3.95  Q(ion):   46.666  L(ion) 39.269    Q(low): 54.193    L(low) 41.906
 ENERGY BUDGET:  Heat:  40.765  Coolg:  40.765  Error:  0.1%  Rec Lin:  40.855  F-F  H  0.000    P(rad/tot)max     4.55E-04    R(F Con):1.737e+05

     Col(Heff):      5.442E+23  snd travl time  9.35E+18 sec  Te-low: 2.83E+00  Te-hi: 1.11E+04  G0TH85: 4.40E-01  G0DB96:4.11E-01
  Emiss Measure    n(e)n(p) dl       8.599E+19  n(e)n(He+)dl         9.461E+18  En(e)n(He++) dl         2.760E+17  ne nC+:1.98E+14
 He/Ha:4.66E-02  =   0.47*true  Lthin:1.99E+09  itr/zn: 7.71  H2 itr/zn:  0.00  File Opacity: F  MassTot 8.12e+47  (gm)
   Temps(21 cm)   T(21cm/Ly a)  2.43E+03        T(<nH/Tkin>)  8.53E+00          T(<nH/Tspin>)    2.67E+03          TB21cm:2.67E+03
                   N(H0/Tspin)  9.79E+20        N(OH/Tkin)    1.47E+13          B(21cm)          0.00E+00
   <a>:3.76E-12  erdeFe6.2E+27  Tcompt6.88E+12  Tthr2.58E+18  <Tden>: 1.19E+01  <dens>:3.09E-23  <MolWgt>1.30E+00
     Mean Jeans  l(cm)4.83E+19  M(sun)4.41E+02  smallest:     len(cm):2.36E+19  M(sun):5.11E+01  a_ox tran: -3.82
 Rion:3.162E+21  Dist:0.00E+00  Diam:0.000E+00
 Hatom level 70  HatomType: add  HInducImp  F  He tot level: 63  He2 level:   70  ExecTime   199.2
 ConvrgError(%)  <eden>  0.031  MaxEden  0.336  <H-C>   0.08  Max(H-C)    0.49  <Press>   0.000  MaxPrs er  0.000
  Continuity(%)  chng Te  67.8  elec den  14.5  n(H2)    5.0  n(CO)       26.5

                                                        Averaged Quantities
             Te      Te(Ne)   Te(NeNp)  Te(NeHe+)Te(NeHe2+) Te(NeO+)  Te(NeO2+)  Te(H2)     N(H)     Ne(O2+)   Ne(Np)
 Radius:  9.64e+00  3.07e+03  1.04e+04  1.03e+04  1.03e+04  1.05e+04  1.08e+04  6.90e+00  1.32e+01  1.56e+01  2.70e+00
   Area:  6.73e+00  1.07e+03  1.04e+04  1.03e+04  1.03e+04  1.05e+04  1.08e+04  6.16e+00  1.04e+01  1.50e+01  1.18e+00
 Volume:  6.04e+00  6.75e+01  1.04e+04  1.03e+04  1.03e+04  1.05e+04  1.08e+04  5.83e+00  9.15e+00  1.37e+01  1.09e-01
 
 Peimbert T(OIIIr)9.86E+03 T(Bac)8.16E+03 T(Hth)0.00E+00 t2(Hstrc) 9.86e-03 T(O3-BAC)0.00E+00 t2(O3-BC) 0.00e+00 t2(O3str) 9.07e-04

 Contin Optical Depths: COMP: 2.37e-05    H-: 3.96e-04 R(1300): 1.75e+01  H2+: 2.12e-05  Bra:1.21E-05
                          Pa: 1.80e-05    Ba: 6.33e-04      Hb: 1.69e-03   La: 2.16e+04     1r:5.833E+07  1.8:1.45E+07 4.:2.118E+06

 Old, new H  1 continuum optical depths:
     1 1.00e+08     2 0.00e+00     3 0.00e+00     4 0.00e+00     5 0.00e+00     6 0.00e+00     7 0.00e+00     8 0.00e+00
     9 0.00e+00    10 0.00e+00    11 0.00e+00    12 0.00e+00    13 0.00e+00    14 0.00e+00    15 0.00e+00    16 0.00e+00
    17 0.00e+00    18 0.00e+00    19 0.00e+00    20 0.00e+00    21 0.00e+00    22 0.00e+00    23 0.00e+00    24 0.00e+00
    25 0.00e+00    26 0.00e+00    27 0.00e+00    28 0.00e+00    29 0.00e+00    30 0.00e+00    31 0.00e+00    32 0.00e+00
    33 0.00e+00    34 0.00e+00    35 0.00e+00    36 0.00e+00    37 0.00e+00    38 0.00e+00    39 0.00e+00    40 0.00e+00
    41 0.00e+00    42 0.00e+00    43 0.00e+00    44 0.00e+00    45 0.00e+00    46 0.00e+00    47 0.00e+00    48 0.00e+00
    49 0.00e+00    50 0.00e+00    51 0.00e+00    52 0.00e+00    53 0.00e+00    54 0.00e+00
     1 5.83e+07     2 1.02e-04     3 2.01e-04     4 2.01e-04     5 2.01e-04     6 5.16e-05     7 5.16e-05     8 5.16e-05
     9 5.16e-05    10 2.57e-16    11 2.57e-16    12 2.57e-16    13 2.57e-16    14 2.57e-16    15 6.22e-16    16 6.22e-16
    17 6.22e-16    18 6.22e-16    19 6.22e-16    20 6.22e-16    21 1.32e-15    22 1.32e-15    23 1.32e-15    24 1.32e-15
    25 1.32e-15    26 1.32e-15    27 1.32e-15    28 2.55e-15    29 2.55e-15    30 2.55e-15    31 2.55e-15    32 2.55e-15
    33 2.55e-15    34 2.55e-15    35 2.55e-15    36 4.61e-15    37 4.61e-15    38 4.61e-15    39 4.61e-15    40 4.61e-15
    41 4.61e-15    42 4.61e-15    43 4.61e-15    44 4.61e-15    45 7.79e-15    46 7.79e-15    47 7.79e-15    48 7.79e-15
    49 7.79e-15    50 7.79e-15    51 7.79e-15    52 7.79e-15    53 7.79e-15    54 7.79e-15

 Old, new H  1 mean line optical depths:
  2- 1 1.61e+20  3- 2 8.61e-06  4- 3 0.00e+00  5- 4 0.00e+00  6- 5 0.00e+00  7- 6 0.00e+00  8- 7 0.00e+00
  9- 8 0.00e+00 10- 9 0.00e+00 11-10 0.00e+00 12-11 0.00e+00 13-12 0.00e+00 14-13 0.00e+00 15-14 0.00e+00 16-15 0.00e+00
 17-16 0.00e+00 18-17 0.00e+00 19-18 0.00e+00 20-19 0.00e+00 21-20 0.00e+00 22-21 0.00e+00 23-22 0.00e+00 24-23 0.00e+00
 25-24 0.00e+00
  2- 1 9.00e+12  3- 2 9.69e-02  4- 3 3.57e-12  5- 4 3.39e-12  6- 5 4.84e-12  7- 6 8.10e-12  8- 7 1.45e-11
  9- 8 2.51e-11 10- 9 4.12e-11 11-10 1.79e-10 12-11 7.87e-14 13-12 4.88e-14 14-13 1.06e-14 15-14 1.85e-15 16-15 0.00e+00
 17-16 0.00e+00 18-17 0.00e+00 19-18 0.00e+00 20-19 0.00e+00 21-20 0.00e+00 22-21 0.00e+00 23-22 0.00e+00 24-23 0.00e+00
 25-24 0.00e+00

 Old, new He 2 continuum optical depths:
     1 3.43e+06     2 9.96e+07     3 0.00e+00     4 0.00e+00     5 0.00e+00     6 0.00e+00     7 0.00e+00     8 0.00e+00
     9 0.00e+00    10 0.00e+00    11 0.00e+00    12 0.00e+00    13 0.00e+00    14 0.00e+00    15 0.00e+00    16 0.00e+00
    17 0.00e+00    18 0.00e+00    19 0.00e+00    20 0.00e+00    21 0.00e+00    22 0.00e+00    23 0.00e+00    24 0.00e+00
    25 0.00e+00    26 0.00e+00    27 0.00e+00    28 0.00e+00    29 0.00e+00    30 0.00e+00    31 0.00e+00    32 0.00e+00
    33 0.00e+00    34 0.00e+00    35 0.00e+00    36 0.00e+00    37 0.00e+00    38 0.00e+00    39 0.00e+00    40 0.00e+00
    41 0.00e+00    42 0.00e+00    43 0.00e+00    44 0.00e+00    45 0.00e+00    46 0.00e+00    47 0.00e+00    48 0.00e+00
    49 0.00e+00    50 0.00e+00    51 0.00e+00    52 0.00e+00    53 0.00e+00    54 0.00e+00
     1 2.12e+06     2 5.81e+07     3 6.42e-05     4 6.42e-05     5 6.42e-05     6 1.02e-04     7 1.02e-04     8 1.02e-04
     9 1.02e-04    10 1.63e-04    11 1.63e-04    12 1.63e-04    13 1.63e-04    14 1.63e-04    15 2.01e-04    16 2.01e-04
    17 2.01e-04    18 2.01e-04    19 2.01e-04    20 2.01e-04    21 1.68e-04    22 1.68e-04    23 1.68e-04    24 1.68e-04
    25 1.68e-04    26 1.68e-04    27 1.68e-04    28 5.16e-05    29 5.16e-05    30 5.16e-05    31 5.16e-05    32 5.16e-05
    33 5.16e-05    34 5.16e-05    35 5.16e-05    36 1.50e-16    37 1.50e-16    38 1.50e-16    39 1.50e-16    40 1.50e-16
    41 1.50e-16    42 1.50e-16    43 1.50e-16    44 1.50e-16    45 2.57e-16    46 2.57e-16    47 2.57e-16    48 2.57e-16
    49 2.57e-16    50 2.57e-16    51 2.57e-16    52 2.57e-16    53 2.57e-16    54 2.57e-16

 Old, new He 2 mean line optical depths:
  2- 1 1.61e+19  3- 2 8.61e-07  4- 3 0.00e+00  5- 4 0.00e+00  6- 5 0.00e+00  7- 6 0.00e+00  8- 7 0.00e+00
  9- 8 0.00e+00 10- 9 0.00e+00 11-10 0.00e+00 12-11 0.00e+00 13-12 0.00e+00 14-13 0.00e+00 15-14 0.00e+00 16-15 0.00e+00
 17-16 0.00e+00 18-17 0.00e+00 19-18 0.00e+00 20-19 0.00e+00 21-20 0.00e+00 22-21 0.00e+00 23-22 0.00e+00 24-23 0.00e+00
 25-24 0.00e+00
  2- 1 5.52e+05  3- 2 1.47e+00  4- 3 5.40e-02  5- 4 3.06e-16  6- 5 4.49e-16  7- 6 1.33e-15  8- 7 3.10e-15
  9- 8 6.29e-15 10- 9 1.18e-14 11-10 7.55e-14 12-11 0.00e+00 13-12 0.00e+00 14-13 0.00e+00 15-14 0.00e+00 16-15 0.00e+00
 17-16 0.00e+00 18-17 0.00e+00 19-18 0.00e+00 20-19 0.00e+00 21-20 0.00e+00 22-21 0.00e+00 23-22 0.00e+00 24-23 0.00e+00
 25-24 0.00e+00

 Old He Is optical depths:    1 2.36e+07    2 0.00e+00    3 0.00e+00    4 0.00e+00    5 0.00e+00
 New He Is optical depths:    1 1.45e+07    2 6.71e-05    3 8.49e-05    4 9.48e-05    5 9.48e-05
          Old He Is Lines:  584 0.00e+00 3889 0.00e+00 5016 0.00e+00 5876 0.00e+00
          New He Is Lines:  584 5.79e+11 3889 8.19e-02 5016 4.66e-02 5876 3.30e-02
CIV QSO  

---------------Convergence statistics---------------
       2.1 mean iterations/state convergence
      2.68 mean cx acceleration loops/iteration
      1.17 mean iso convergence loops/ion solve
         1 mean steps/chemistry solve
         1 mean step length searches/chemistry step
----------------------------------------------------

 Cloudy ends: 582 zones, 1 iteration, ABORT DISASTER PROBLEM, 3 warnings, 4 cautions. (single thread) ExecTime(s) 199.18
 [Stop in cdMain at maincl.cpp:496, something went wrong]
