                                                          Cloudy 17.03
                                                         www.nublado.org

                       **************************************17Jun01**************************************
                       *                                                                                 *
                       * title CIV QSO                                                                   *
                       * set punch prefix "CIV_QSO"                                                      *
                       * radius = 21.500 23.500                                                          *
                       * iterate to convergence                                                          *
                       * sphere                                                                          *
                       * init "dlaw_HI_exp.ini"                                                          *
                       * dlaw table                                                                      *
                       * table SED "QSO.sed"                                                             *
                       * no line transfer                                                                *
                       * nuL(nu) = 40.0 at 1 Ryd                                                         *
                       * stop temperature off                                                            *
                       * metals 10.0                                                                     *
                       * save last radius ".rad"                                                         *
                       * save last continuum ".cont"                                                     *
                       * save last physical conditions ".phy"                                            *
                       * save last overview ".ovr"                                                       *
                       * save last heating ".heat"                                                       *
                       * save last cooling ".cool"                                                       *
                       * save last optical depth ".opd"                                                  *
                       * save last element hydrogen ".ele_H"                                             *
                       * save last element helium ".ele_He"                                              *
                       * save last element carbon ".ele_C"                                               *
                       * save last element nitrogen ".ele_N"                                             *
                       * save last element oxygen ".ele_O"                                               *
                       * save last element argon ".ele_Ar"                                               *
                       * save last element neon ".ele_Ne"                                                *
                       * save last element sulphur ".ele_S"                                              *
                       * save last element chlorin ".ele_Cl"                                             *
                       * save last element iron ".ele_Fe"                                                *
                       * save last element silicon ".ele_Si"                                             *
                       * save last lines emissivity  ".emis"                                             *
                       *                                                                                 *
                       ***********************************************************************************



 NOTE NO LINE TRANSER set but fine opacities still computed.
 NOTE Turning off fine opacities.


 NOTE
 NOTE The simulation is going into neutral gas but cosmic rays are not included.
 NOTE Ion-molecule chemistry will not occur without a source of ionization.
 NOTE The chemistry network may collapse deep in molecular regions.
 NOTE Consider adding galactic background cosmic rays with the COSMIC RAYS BACKGROUND command.
 NOTE You may be making a BIG mistake.
 NOTE



 NOTE Setcon: continuum has zero intensity starting at  3.0447e-09 Ryd.
  3800 cells in the incident continuum have zero intensity.  Problems???

           8228CellPeak1.00E+00   Lo 3.04e-09=  29.98m   Hi-Con:7.13E+06 Ryd   E(hi):7.35E+06Ryd     E(hi):     100.00 MeV
           L(nu>1ryd):  40.1904   Average nu:2.632E+00   L( X-ray):  39.4171   L(BalC):  40.1154     Q(Balmer C):  51.0776
           Q(1.0-1.8):  50.2340   Q(1.8-4.0):  49.8640   Q(4.0-20):  49.3799   Q(20--):  48.2166     Ion pht flx:2.150E+06
           L(gam ray):  38.5061   Q(gam ray):  44.9900   L(Infred):  40.3499   Alf(ox):  -1.5331     Total lumin:  40.7070
           log L/Lsun:   7.1240   Abs bol mg: -13.0674   Abs V mag: -10.6281   Bol cor:  -2.4394     nuFnu(Bbet):  39.9467
           U(1.0----):9.542E-07   U(4.0----):9.053E-08   T(En-Den):1.156E+00   T(Comp):2.661E+06     nuJnu(912A):7.958E-05
           Occ(FarIR):0.000E+00   Occ(H n=6):3.303E-15   Occ(1Ryd):3.672E-21   Occ(4R):5.387E-24     Occ (Nu-hi):0.000E+00
           Tbr(FarIR):0.000E+00   Tbr(H n=6):1.447E-11   Tbr(1Ryd):5.795E-16   Tbr(4R):3.407E-18     Tbr (Nu-hi):0.000E+00
  
                                                  Gas Phase Chemical Composition
        H :  0.0000  He: -1.0000  Li: -7.6904  Be: -9.5800  B : -8.2097  C : -2.6108  N : -3.0701  O : -2.3098  F : -6.5200
        Ne: -3.0000  Na: -4.6696  Mg: -3.4597  Al: -4.5302  Si: -3.4597  P : -5.4949  S : -3.7352  Cl: -5.7190  Ar: -4.6003
        K : -5.8794  Ca: -4.6402  Sc: -7.8297  Ti: -5.9788  V : -7.0000  Cr: -5.3298  Mn: -5.5406  Fe: -3.5498  Co: -6.0799
                                               Ni: -4.7496  Cu: -6.7905  Zn: -6.4001
 
 ####  1  Te:1.927E+02 Hden:7.515E+01 Ne:8.089E+00 R:3.162E+21 R-R0:4.191E+11 dR:8.383E+11 NTR: 10 Htot:2.682E-21 T912: 1.00e+08###
 Hydrogen      8.97e-01 1.03e-01 H+o/Hden 1.00e+00 9.00e-10 H-    H2 2.95e-06 3.14e-10 H2+ HeH+ 1.71e-08 Ho+ ColD 5.65e+13 6.46e+12
 Helium        9.62e-01 3.79e-02 2.19e-05 HeI 2s3S 6.93e-09 Comp H,C 3.88e-30 2.81e-34 Fill Fac 1.00e+00 Gam1/tot 1.00e+00
 He singlet n  9.62e-01 4.24e-16 1.03e-22 3.06e-22 6.70e-23 1.27e-21 He tripl 6.93e-09 6.47e-20 1.18e-21 1.17e-20 3.53e-21
 Pressure      NgasTgas 1.76e+04 P(total) 2.44e-12 P( gas ) 2.44e-12 P(Radtn) 0.00e+00 Rad accl 3.39e-09 ForceMul 9.24e+06
 Texc(La)      2.58e+03 T(I con) 1.16e+00 T(D con) 9.27e-02 T(U tot) 1.16e+00 nT (c+d) 3.02e+05 Prad/Gas 0.00e+00 Pmag/Gas 0.00e+00
 Molecules     CH/Ctot: 3.90e-08 CH+/Ctot 6.11e-10 CO/Ctot: 8.68e-09 CO+/Ctot 2.82e-12 H2O/Otot 3.51e-16 OH/Ototl 8.33e-09
 Lithium       7.79e-01 2.21e-01 7.74e-07 0.00e+00 Berylliu 8.92e-01 1.07e-01 6.93e-04 0.00e+00 0.00e+00 sec ion: 2.59e-15
 Boron         5.83e-01 4.17e-01 2.55e-04 6.70e-06 0.00e+00 0.00e+00
 Carbon        7.52e-01 2.46e-01 1.61e-03 0.00e+00 0.00e+00 0.00e+00 0.00e+00 H2O+/O   2.63e-15 OH+/Otot 4.28e-08 Hex(tot) 0.00e+00
 Nitrogen      9.02e-01 9.81e-02 6.13e-06 0.00e+00 0.00e+00 0.00e+00 0.00e+00 0.00e+00 O2/Ototl 9.15e-12 O2+/Otot 5.07e-12
 Oxygen        9.57e-01 4.26e-02 2.97e-06 0.00e+00 0.00e+00 0.00e+00 0.00e+00 0.00e+00 0.00e+00
 Fluorine      8.46e-01 1.53e-01 1.63e-03 0.00e+00 0.00e+00 0.00e+00 0.00e+00 0.00e+00 0.00e+00 0.00e+00
 Neon          8.75e-01 1.24e-01 7.21e-04 0.00e+00 0.00e+00 0.00e+00 0.00e+00 0.00e+00 0.00e+00 0.00e+00 0.00e+00
 Sodium        3.60e-01 6.36e-01 3.03e-03 0.00e+00 0.00e+00 0.00e+00 0.00e+00 0.00e+00 0.00e+00 0.00e+00 0.00e+00 0.00e+00
 Magnesium     4.14e-01 5.81e-01 4.46e-03 0.00e+00 0.00e+00 0.00e+00 0.00e+00 0.00e+00 0.00e+00 0.00e+00 0.00e+00 0.00e+00 0.00e+00
 Aluminium  0  1.44e-03 9.95e-01 2.82e-03 5.74e-04 0.00e+00 0.00e+00 0.00e+00 0.00e+00 0.00e+00 0.00e+00 0.00e+00 0.00e+00 0.00e+00
 Silicon    0  3.02e-01 6.98e-01 4.43e-06 4.58e-06 0.00e+00 0.00e+00 0.00e+00 0.00e+00 0.00e+00 0.00e+00 0.00e+00 0.00e+00 0.00e+00
 Phosphorus 0  1.24e-02 9.85e-01 2.08e-03 9.69e-06 0.00e+00 0.00e+00 0.00e+00 0.00e+00 0.00e+00 0.00e+00 0.00e+00 0.00e+00 0.00e+00
 Sulphur    0  2.97e-01 7.01e-01 2.09e-03 0.00e+00 0.00e+00 0.00e+00 0.00e+00 0.00e+00 0.00e+00 0.00e+00 0.00e+00 0.00e+00 0.00e+00
 Chlorine   0  1.96e-02 9.76e-01 4.78e-03 0.00e+00 0.00e+00 0.00e+00 0.00e+00 0.00e+00 0.00e+00 0.00e+00 0.00e+00 0.00e+00 0.00e+00
 Argon      0  5.27e-01 4.59e-01 1.37e-02 0.00e+00 0.00e+00 0.00e+00 0.00e+00 0.00e+00 0.00e+00 0.00e+00 0.00e+00 0.00e+00 0.00e+00
 Potassium  0  5.81e-01 4.17e-01 2.00e-03 0.00e+00 0.00e+00 0.00e+00 0.00e+00 0.00e+00 0.00e+00 0.00e+00 0.00e+00 0.00e+00 0.00e+00
 Calcium    0  7.51e-01 2.45e-01 4.49e-03 2.73e-05 0.00e+00 0.00e+00 0.00e+00 0.00e+00 0.00e+00 0.00e+00 0.00e+00 0.00e+00 0.00e+00
 Scandium   0  6.69e-01 3.18e-01 1.34e-02 2.23e-04 1.16e-06 0.00e+00 0.00e+00 0.00e+00 0.00e+00 0.00e+00 0.00e+00 0.00e+00 0.00e+00
 Titanium   0  1.69e-03 9.92e-01 6.38e-03 5.81e-06 4.31e-06 0.00e+00 0.00e+00 0.00e+00 0.00e+00 0.00e+00 0.00e+00 0.00e+00 0.00e+00
 Vanadium   0  7.40e-01 2.55e-01 4.94e-03 3.53e-07 0.00e+00 0.00e+00 0.00e+00 0.00e+00 0.00e+00 0.00e+00 0.00e+00 0.00e+00 0.00e+00
 Chromium   0  5.16e-01 4.82e-01 1.83e-03 0.00e+00 0.00e+00 0.00e+00 0.00e+00 0.00e+00 0.00e+00 0.00e+00 0.00e+00 0.00e+00 0.00e+00
 Manganese  0  1.85e-03 9.98e-01 6.33e-04 4.53e-07 0.00e+00 0.00e+00 0.00e+00 0.00e+00 0.00e+00 0.00e+00 0.00e+00 0.00e+00 0.00e+00
 Iron       0  1.05e-03 9.99e-01 1.40e-04 8.27e-06 0.00e+00 0.00e+00 0.00e+00 0.00e+00 0.00e+00 0.00e+00 0.00e+00 0.00e+00 0.00e+00
 Cobalt     0  8.26e-01 1.74e-01 8.80e-05 4.22e-07 0.00e+00 0.00e+00 0.00e+00 0.00e+00 0.00e+00 0.00e+00 0.00e+00 0.00e+00 0.00e+00
 Nickel     0  2.24e-03 9.97e-01 4.85e-04 0.00e+00 0.00e+00 0.00e+00 0.00e+00 0.00e+00 0.00e+00 0.00e+00 0.00e+00 0.00e+00 0.00e+00
 Copper     0  6.75e-01 3.00e-01 2.49e-02 0.00e+00 0.00e+00 0.00e+00 0.00e+00 0.00e+00 0.00e+00 0.00e+00 0.00e+00 0.00e+00 0.00e+00
 Zinc       0  8.45e-01 1.49e-01 6.13e-03 9.32e-05 1.92e-06 0.00e+00 0.00e+00 0.00e+00 0.00e+00 0.00e+00 0.00e+00 0.00e+00 0.00e+00
 PROBLEM DISASTER - the kinetic temperature appears to be below the lower limit of the code, 2.800e+00K.  It does not bracket thermal balance.
 This calculation is aborting.
 Sorry.

 This is often due to mixing luminosity/intensity commands, having an unphysical SED, or too high a flux of cosmic rays.
 To find the problem, try setting a constant temperature (and STOP ZONE 1), rerun the model, and check the output to find what is happening.

 ####309  Te:2.800E+00 Hden:7.514E+01 Ne:1.755E-02 R:3.183E+21 R-R0:2.060E+19 dR:1.970E+17 NTR:  4 Htot:3.561E-26 T912: 1.00e+08###
 Hydrogen      9.80e-01 1.42e-07 H+o/Hden 9.80e-01 1.45e-12 H-    H2 1.00e-02 6.07e-12 H2+ HeH+ 1.11e-13 Ho+ ColD 1.52e+21 1.31e+17
 Helium        1.00e+00 1.27e-07 2.89e-13 HeI 2s3S 1.29e-15 Comp H,C 8.00e-33 8.47e-39 Fill Fac 1.00e+00 Gam1/tot 8.46e-03
 He singlet n  1.00e+00 6.27e-22 1.38e-27 2.10e-28 1.04e-27 2.79e-28 He tripl 1.29e-15 1.23e-26 2.00e-28 2.05e-27 7.53e-28
 Pressure      NgasTgas 2.32e+02 P(total) 3.20e-14 P( gas ) 3.20e-14 P(Radtn) 0.00e+00 Rad accl 9.59e-14 ForceMul 1.26e+05
 Texc(La)      2.69e+03 T(I con) 1.02e+00 T(D con) 8.97e-01 T(U tot) 1.14e+00 nT (c+d) 4.62e+05 Prad/Gas 0.00e+00 Pmag/Gas 0.00e+00
 Molecules     CH/Ctot: 1.38e-05 CH+/Ctot 2.78e-09 CO/Ctot: 1.23e-01 CO+/Ctot 2.59e-10 H2O/Otot 9.08e-11 OH/Ototl 1.81e-05
 Lithium       6.82e-02 9.32e-01 3.83e-10 0.00e+00 Berylliu 9.94e-01 5.99e-03 1.35e-06 0.00e+00 0.00e+00 sec ion: 1.39e-17
 Boron         9.62e-01 3.77e-02 1.11e-08 0.00e+00 0.00e+00 0.00e+00
 Carbon        8.77e-01 1.01e-05 1.65e-07 0.00e+00 0.00e+00 0.00e+00 0.00e+00 H2O+/O   5.61e-12 OH+/Otot 4.88e-10 Hex(tot) 0.00e+00
 Nitrogen      1.00e+00 1.87e-06 1.91e-09 0.00e+00 0.00e+00 0.00e+00 0.00e+00 0.00e+00 O2/Ototl 3.60e-09 O2+/Otot 1.37e-12
 Oxygen        9.39e-01 1.78e-09 6.16e-10 0.00e+00 0.00e+00 0.00e+00 0.00e+00 0.00e+00 0.00e+00
 Fluorine      1.00e+00 1.95e-05 7.22e-06 0.00e+00 0.00e+00 0.00e+00 0.00e+00 0.00e+00 0.00e+00 0.00e+00
 Neon          1.00e+00 7.52e-05 8.17e-06 0.00e+00 0.00e+00 0.00e+00 0.00e+00 0.00e+00 0.00e+00 0.00e+00 0.00e+00
 Sodium        9.11e-01 8.89e-02 1.10e-05 0.00e+00 0.00e+00 0.00e+00 0.00e+00 0.00e+00 0.00e+00 0.00e+00 0.00e+00 0.00e+00
 Magnesium     6.22e-01 3.78e-01 7.12e-06 0.00e+00 0.00e+00 0.00e+00 0.00e+00 0.00e+00 0.00e+00 0.00e+00 0.00e+00 0.00e+00 0.00e+00
 Aluminium  0  5.22e-03 9.95e-01 1.67e-05 6.90e-06 0.00e+00 0.00e+00 0.00e+00 0.00e+00 0.00e+00 0.00e+00 0.00e+00 0.00e+00 0.00e+00
 Silicon    0  9.83e-01 1.71e-02 3.24e-10 0.00e+00 0.00e+00 0.00e+00 0.00e+00 0.00e+00 0.00e+00 0.00e+00 0.00e+00 0.00e+00 0.00e+00
 Phosphorus 0  9.96e-01 4.14e-03 1.42e-05 0.00e+00 0.00e+00 0.00e+00 0.00e+00 0.00e+00 0.00e+00 0.00e+00 0.00e+00 0.00e+00 0.00e+00
 Sulphur    0  1.00e+00 6.18e-05 7.79e-08 0.00e+00 0.00e+00 0.00e+00 0.00e+00 0.00e+00 0.00e+00 0.00e+00 0.00e+00 0.00e+00 0.00e+00
 Chlorine   0  1.00e+00 1.56e-05 9.25e-06 0.00e+00 0.00e+00 0.00e+00 0.00e+00 0.00e+00 0.00e+00 0.00e+00 0.00e+00 0.00e+00 0.00e+00
 Argon      0  1.00e+00 2.45e-07 1.37e-07 0.00e+00 0.00e+00 0.00e+00 0.00e+00 0.00e+00 0.00e+00 0.00e+00 0.00e+00 0.00e+00 0.00e+00
 Potassium  0  2.42e-01 7.58e-01 2.74e-05 0.00e+00 0.00e+00 0.00e+00 0.00e+00 0.00e+00 0.00e+00 0.00e+00 0.00e+00 0.00e+00 0.00e+00
 Calcium    0  2.74e-01 7.26e-01 4.43e-05 0.00e+00 0.00e+00 0.00e+00 0.00e+00 0.00e+00 0.00e+00 0.00e+00 0.00e+00 0.00e+00 0.00e+00
 Scandium   0  8.90e-01 1.10e-01 1.58e-05 0.00e+00 0.00e+00 0.00e+00 0.00e+00 0.00e+00 0.00e+00 0.00e+00 0.00e+00 0.00e+00 0.00e+00
 Titanium   0  9.36e-01 6.40e-02 2.06e-06 0.00e+00 0.00e+00 0.00e+00 0.00e+00 0.00e+00 0.00e+00 0.00e+00 0.00e+00 0.00e+00 0.00e+00
 Vanadium   0  8.91e-01 1.09e-01 2.84e-06 0.00e+00 0.00e+00 0.00e+00 0.00e+00 0.00e+00 0.00e+00 0.00e+00 0.00e+00 0.00e+00 0.00e+00
 Chromium   0  9.65e-01 3.49e-02 5.86e-08 0.00e+00 0.00e+00 0.00e+00 0.00e+00 0.00e+00 0.00e+00 0.00e+00 0.00e+00 0.00e+00 0.00e+00
 Manganese  0  8.58e-01 1.42e-01 1.91e-08 0.00e+00 0.00e+00 0.00e+00 0.00e+00 0.00e+00 0.00e+00 0.00e+00 0.00e+00 0.00e+00 0.00e+00
 Iron       0  8.58e-01 1.42e-01 3.97e-09 0.00e+00 0.00e+00 0.00e+00 0.00e+00 0.00e+00 0.00e+00 0.00e+00 0.00e+00 0.00e+00 0.00e+00
 Cobalt     0  9.48e-01 5.21e-02 8.67e-09 0.00e+00 0.00e+00 0.00e+00 0.00e+00 0.00e+00 0.00e+00 0.00e+00 0.00e+00 0.00e+00 0.00e+00
 Nickel     0  6.72e-01 3.28e-01 1.04e-08 0.00e+00 0.00e+00 0.00e+00 0.00e+00 0.00e+00 0.00e+00 0.00e+00 0.00e+00 0.00e+00 0.00e+00
 Copper     0  8.93e-01 1.07e-01 9.61e-05 0.00e+00 0.00e+00 0.00e+00 0.00e+00 0.00e+00 0.00e+00 0.00e+00 0.00e+00 0.00e+00 0.00e+00
 Zinc       0  9.98e-01 2.25e-03 9.42e-05 5.78e-05 5.83e-06 0.00e+00 0.00e+00 0.00e+00 0.00e+00 0.00e+00 0.00e+00 0.00e+00 0.00e+00
   CIV QSO  
 W-Calculation stopped because calculation aborted. Iteration  1 of 10
   The geometry is plane-parallel.
 W-Calculation stopped because calculation aborted.
 W-This was not intended.
 W-The calculation aborted.  Something REALLY went wrong!
 C-Continuum zero at some energies.
  !Background cosmic rays are not included - is this physical?  It affects the chemistry.
  !Ionization rate fell below background cosmic ray ionization rate.  Should this be added too?
  !   Use the COSMIC RAY BACKGROUND command.
  !Some input lines contained underscores, these were changed to spaces.
  !Suprathermal collisional ionization of H reached 99.15% of the local H ionization rate.
  !Charge transfer H => H+ reached 297.0% of the local H ionization rate.
  !AGE: Cloud age was not set.  Longest timescale was 1.14e+16 s = 3.62e+08 years.
  !The excitation temp of Lya exceeded the electron temp, largest value was 3.30e+03K (gas temp there was 1.67e+02K, zone 17)
  !Incident radiation field energy density is less than 2.7K.  Add background with CMB command.
  !The CMB was not included.  This is added with the CMB command.
  !The intensity of the incident radiation field is less than 10 times the Habing diffuse ISM field.  Is this OK?
  !   Consider adding diffuse ISM emission with TABLE ISM command.
  !The fraction of C in CO reached 12.3% at some point in the cloud.
  !The optical depth in the H I 21 cm line is 7.34e+01
   Te-ne bounds of Case B lookup table exceeded, H I Case B line intensities set to zero.
   Te-ne bounds of Case B lookup table exceeded, He II Case B line intensities set to zero.
   Charge transfer heating reached 0.88% of the local heating.
   The density is too low to l-mix the lowest H  I collapsed level.  More resolved levels are needed for accurate line ratios.
   The density is too low to l-mix the lowest He I collapsed level.  More resolved levels are needed for accurate line ratios.
   Grains were not present but might survive in this environment (energy density temperature was 1.16e+00K)
   Cloud thicker than smallest Jeans length=6.20e+18cm; stability problems? (smallest Jeans mass=1.25e+01Mo)
   The continuum optical depth at the lowest energy considered (3.045e-09 Ryd) was 2.103e+00.
   The optical depth to Rayleigh scattering at 1300A is 1.02e-02
   The fraction of H in H2 reached 2.01% at some point in the cloud.

                       *********************************> Cloudy 17.03 <**********************************
                       * title CIV QSO                                                                   *
                       * set punch prefix "CIV_QSO"                                                      *
                       * radius = 21.500 23.500                                                          *
                       * iterate to convergence                                                          *
                       * sphere                                                                          *
                       * init "dlaw_HI_exp.ini"                                                          *
                       * table SED "QSO.sed"                                                             *
                       * no line transfer                                                                *
                       * nuL(nu) = 40.0 at 1 Ryd                                                         *
                       * stop temperature off                                                            *
                       * metals 10.0                                                                     *
                       * save last radius ".rad"                                                         *
                       * save last continuum ".cont"                                                     *
                       * save last physical conditions ".phy"                                            *
                       * save last overview ".ovr"                                                       *
                       * save last heating ".heat"                                                       *
                       * save last cooling ".cool"                                                       *
                       * save last optical depth ".opd"                                                  *
                       * save last element hydrogen ".ele_H"                                             *
                       * save last element helium ".ele_He"                                              *
                       * save last element carbon ".ele_C"                                               *
                       * save last element nitrogen ".ele_N"                                             *
                       * save last element oxygen ".ele_O"                                               *
                       * save last element argon ".ele_Ar"                                               *
                       * save last element neon ".ele_Ne"                                                *
                       * save last element sulphur ".ele_S"                                              *
                       * save last element chlorin ".ele_Cl"                                             *
                       * save last element iron ".ele_Fe"                                                *
                       * save last element silicon ".ele_Si"                                             *
                       * save last lines emissivity  ".emis"                                             *
                       * H  1  1215.67A                                                                  *
                       * H  1  1025.72A                                                                  *
                       * H  1  4861.33A                                                                  *
                       * H  1  6562.81A                                                                  *
                       * O  6  1031.91A                                                                  *
                       * O  6  1037.62A                                                                  *
                       * He 2  949.31A                                                                   *
                       * He 2  972.108A                                                                  *
                       * He 2  1025.27A                                                                  *
                       * He 2  1640.43A                                                                  *
                       * He 2  4859A                                                                     *
                       * He 2  4339A                                                                     *
                       * He 2  6527A                                                                     *
                       * He 2  6560A                                                                     *
                       * C  4  1550.78                                                                   *
                       * O  3  5006.84A                                                                  *
                       * N  5  1238.82                                                                   *
                       * N  5  1242.80                                                                   *
                       * c  4  1548.19                                                                   *
                       * c  4  1550.78                                                                   *
                       * mg 2  2795.53                                                                   *
                       * mg 2  2802.71                                                                   *
                       * end of lines                                                                    *
                       *********************************> Log(U): -6.02 <*********************************
  
                       >>>>>>>>>> Warning!
                       >>>>>>>>>> Warning!
                       >>>>>>>>>> Warning!  Warnings exist, this calculation has serious problems.
                       >>>>>>>>>> Warning!
                       >>>>>>>>>> Warning!
  
                       >>>>>>>>>> The calculation stopped for unintended reasons.

                     Emission Line Spectrum.  Special Density Lw Model.  Closed geometry.  Iteration 1 of 10.
                                    Luminosity (erg/s) emitted by a shell with full coverage.


                                                   Intrinsic line intensities
general properties.............................      He 1                6632.16A   35.410    0.0032      He 1                2662.47A   35.115    0.0016
Inci                      0    40.707  639.4694      He 1                7435.20A   35.038    0.0014      He 1                2652.24A   35.053    0.0014
TotH                      0    39.845   87.8483      He 1                7843.44A   36.217    0.0207      He 1                2644.33A   34.996    0.0012
TotC                      0    39.845   87.8654      He 1                8188.36A   36.191    0.0195      He 1                2638.09A   34.943    0.0011
BFH1                      0    39.481   37.9779      He 1                8190.64A   35.705    0.0064      He 1                2610.71A   35.707    0.0064
BFHe                      0    39.114   16.3431      He 1                8261.30A   35.648    0.0056      He 1                3355.42A   34.949    0.0011
TotM                      0    39.423   33.2655      He 1                1.40934m   35.620    0.0052      He 1                3136.75A   35.218    0.0021
CT H                      0    37.301    0.2508      He 1                1.45602m   35.742    0.0069      He 1                7065.22A   36.106    0.0160
H FB                      0    36.688    0.0612      He 1                1.45643m   35.253    0.0022      He 1                5875.64A   37.072    0.1483
HFBc                      0    36.688    0.0612      He 1                1.45759m   35.597    0.0050      He 1                4713.03A   35.367    0.0029
He 1h                     0    35.177    0.0019      He 1                1.45759m   35.120    0.0017      He 1                4471.49A   36.625    0.0529
COc                       0    37.689    0.6129      He 1                1.46631m   35.092    0.0016      He 1                4120.82A   34.903    0.0010
^13COc                    0    36.227    0.0212      He 1                2.21672m   35.160    0.0018      He 1                4026.20A   36.292    0.0246
C  1c                     0    39.336   27.2290      He 1                2.27546m   35.339    0.0027      He 1                3819.61A   36.029    0.0134
C  2c                     0    39.429   33.7156      He 1                2.27752m   35.351    0.0028      He 1                3704.76A   36.071    0.0148
Fe 2c                     0    38.366    2.9191      He 1                2.27778m   35.082    0.0015      He 1                3634.08A   35.965    0.0116
Ne 2c                     0    35.869    0.0093      He 1                3.27715m   34.996    0.0012      He 1                3587.16A   35.873    0.0094
O  1c                     0    38.328    2.6738      He 1                3.27968m   35.069    0.0015      He 1                3554.34A   35.792    0.0078
P  2c                     0    37.669    0.5866      He 1                3.28001m   34.984    0.0012      He 1                3530.43A   35.718    0.0066
S  1c                     0    36.198    0.0198      He 1                4.46460m   35.553    0.0045      He 1                3512.47A   35.653    0.0056
S  3c                     0    36.210    0.0204      He 1                5.83132m   35.382    0.0030      He 1                3498.61A   35.594    0.0049
Si 1c                     0    37.335    0.2717      He 1                7.38026m   35.230    0.0021      He 1                3487.70A   35.539    0.0043
Si 2c                     0    39.176   18.8417      He 1                9.11143m   35.095    0.0016      He 1                3478.94A   35.489    0.0039
Cl 2c                     0    35.401    0.0032      He 1                11.0248m   34.972    0.0012      He 1                3471.80A   35.444    0.0035
N  2c                     0    37.828    0.8444      He 1                61.5933m   35.344    0.0028      He 1                3465.91A   35.403    0.0032
continua.......................................      grains.........................................      He 1                3460.99A   35.365    0.0029
Bac                 3646.00A   40.516  411.6061      H-like iso-sequence............................      He 1                3456.84A   35.332    0.0027
nFnu                3645.00A   40.518  413.7862      LA X                1215.67A   38.771    7.4070      He 1                3453.30A   35.304    0.0025
nFnu                3647.00A   38.240    2.1801      Dest                1215.67A   38.816    8.2256      He 1                3450.26A   35.283    0.0024
cout                3646.00A   40.516  411.6061      Q(H)                4861.33A   38.108    1.6112      He 1                3447.63A   35.270    0.0023
thin                3646.00A   40.516  411.6064      Q(H)                1215.67A   39.645   55.4258      He 1                3445.34A   35.270    0.0023
Inci                4860.00A   39.947  111.0882      CaBo                4861.33A   38.063    1.4522      He 1                3443.33A   35.296    0.0025
Inci                1215.00A   40.436  342.7383      CaBo                1640.00A   36.108    0.0161      He 1                3441.56A   35.383    0.0030
Ba C                      0    38.261    2.2892      CaBo                4685.64A   35.744    0.0070      He 1                3439.99A   36.295    0.0247
PA C                      0    37.910    1.0196      H  1                2431.34A   38.527    4.2269      He 1                7281.35A   35.328    0.0027
FIR                 83.0000m   39.668   58.5005      H  1                1215.67A   39.455   35.7826      He 1                6678.15A   36.526    0.0422
TIR                 1800.00m   39.281   23.9806      H  1                1025.72A   38.750    7.0586      He 1                4921.93A   36.058    0.0143
NIRa                2.85000m   40.297  248.9782      H  1                972.537A   38.309    2.5550      He 1                4387.93A   35.720    0.0066
NIRb                3.00000m   39.853   89.5049      H  1                949.743A   37.995    1.2410      He 1                4143.76A   35.460    0.0036
MIRa                15.0000m   39.909  101.7777      H  1                937.804A   37.751    0.7080      He 1                4009.05A   35.434    0.0034
MIRb                22.5000m   40.056  142.7468      H  1                930.748A   37.552    0.4473      He 1                3926.41A   35.326    0.0027
NMIR                21.7500m   40.297  248.9782      H  1                926.226A   37.383    0.3033      He 1                3871.69A   35.233    0.0021
TFIR                611.250m   39.692   61.8456      H  1                923.150A   37.237    0.2166      He 1                3833.48A   35.151    0.0018
TALL                10000.0A   40.593  492.3225      H  1                920.963A   37.108    0.1610      He 1                3805.69A   35.077    0.0015
F12                 12.0000m   39.467   36.7737      H  1                919.351A   37.787    0.7687      He 1                3784.82A   35.011    0.0013
F25                 25.0000m   39.304   25.3006      H  1                918.129A   37.721    0.6600      He 1                3768.74A   34.951    0.0011
F60                 60.0000m   39.162   18.2442      H  1                917.181A   37.661    0.5746      He 1                3700.80A   35.650    0.0056
F100                100.000m   37.932    1.0737      H  1                916.429A   37.606    0.5064      He 1                4.29459m   34.907    0.0010
MIPS                24.0000m   39.054   14.2218      H  1                915.824A   37.555    0.4511      He 1                1.25274m   34.993    0.0012
MIPS                70.0000m   38.725    6.6678      H  1                915.329A   37.510    0.4061      He 1                9463.57A   34.912    0.0010
MIPS                160.000m   39.431   33.8949      H  1                914.919A   37.468    0.3692      He 1                1.70027m   35.474    0.0037
IRAC                3.60000m   39.072   14.8221      H  1                914.576A   37.432    0.3393      He 1                1.19692m   35.296    0.0025
IRAC                4.50000m   39.111   16.2125      H  1                914.286A   37.400    0.3155      He 1                1.03113m   35.089    0.0015
IRAC                5.80000m   39.141   17.3890      H  1                914.039A   37.375    0.2977      He 1                9515.06A   35.184    0.0019
IRAC                8.00000m   39.299   24.9674      H  1                913.826A   37.358    0.2864      He 1                9062.39A   35.094    0.0016
SPR1                250.000m   34.992    0.0012      H  1                913.641A   37.355    0.2841      He 1                8776.14A   35.012    0.0013
SPR2                350.000m   38.491    3.8911      H  1                913.480A   37.376    0.2982      He 1                8582.23A   34.937    0.0011
PAC1                70.0000m   38.792    7.7838      H  1                913.339A   37.457    0.3596      He 1                7944.61A   35.461    0.0036
PAC2                100.000m   38.010    1.2857      H  1                913.215A   38.355    2.8409      He 1                1.86854m   36.198    0.0198
PAC3                160.000m   39.431   33.8966      H  1                6562.81A   38.415    3.2657      He 1                1.27849m   35.856    0.0090
PAH                 3.30000m   38.219    2.0800      H  1                4861.33A   37.901    1.0000      He 1                1.09130m   35.577    0.0047
PAHC                3.23000m   37.928    1.0646      H  1                4340.46A   37.547    0.4424      He 1                1.00275m   35.255    0.0023
PAHC                3.37000m   37.904    1.0056      H  1                4101.73A   37.282    0.2402      He 1                9526.01A   35.140    0.0017
PAH                 6.20000m   38.659    5.7212      H  1                3970.07A   37.070    0.1476      He 1                9210.23A   35.042    0.0014
PAHC                5.65000m   38.697    6.2480      H  1                3889.05A   36.894    0.0985      He 1                8996.90A   34.957    0.0011
PAH                 7.90000m   38.848    8.8395      H  1                3835.38A   36.744    0.0697      He 1                8298.68A   35.441    0.0035
PAHC                6.90000m   38.911   10.2247      H  1                3797.89A   36.613    0.0515      He 1                1.86972m   35.721    0.0066
PAH                 11.3000m   38.260    2.2853      H  1                3770.63A   36.923    0.1052      He 1                1.27905m   35.378    0.0030
PAHC                10.9000m   38.283    2.4062      H  1                3750.15A   36.857    0.0904      He 1                1.09171m   35.100    0.0016
PAH                 11.8000m   38.474    3.7381      H  1                3734.36A   36.797    0.0787      He 1                8301.03A   34.956    0.0011
PAHC                12.6500m   38.446    3.5038      H  1                3721.93A   36.742    0.0694      He 1                1.90894m   35.023    0.0013
PAH                 13.3000m   38.474    3.7358      H  1                3711.97A   36.692    0.0618      He 1                4.03664m   35.109    0.0016
PAHC                14.1000m   38.442    3.4738      H  1                3703.85A   36.647    0.0557      He 1                2.61850m   34.973    0.0012
Bcon                3640.00A   39.895   98.6413      H  1                3697.15A   36.606    0.0506      He 1                1.49127m   34.985    0.0012
Pcon                5000.00A   39.664   57.9856      H  1                3691.55A   36.569    0.0465      He 1                4.04791m   35.498    0.0039
O3bn                5007.00A   38.098    1.5716      H  1                3686.83A   36.538    0.0433      He 1                2.62338m   35.224    0.0021
SX                  25.0000A   38.119    1.6530      H  1                3682.80A   36.512    0.0408      He 1                4.04793m   35.021    0.0013
HX                  4.70000A   38.787    7.6884      H  1                3679.35A   36.496    0.0393      Ca B                2945.10A   36.783    0.0762
HFFc                      0    36.048    0.0140      H  1                3676.36A   36.492    0.0390      Ca B                3187.74A   37.104    0.1594
H FF                      0    35.933    0.0107      H  1                3673.75A   36.513    0.0409      Ca B                3613.64A   36.214    0.0206
MeFB                      0    36.016    0.0130      H  1                3671.47A   36.595    0.0494      Ca B                3888.63A   37.511    0.4071
MeFF                      0    35.026    0.0013      H  1                3669.46A   37.492    0.3899      Ca B                3964.73A   36.525    0.0421
ToFF                      0    36.008    0.0128      H  1                1.87510m   37.693    0.6199      Ca B                4026.20A   36.892    0.0978
nFnu                122.400m   35.536    0.0043      H  1                1.28180m   37.324    0.2646      Ca B                4120.82A   35.685    0.0061
nFnu                60.8322m   36.010    0.0128      H  1                1.09380m   37.034    0.1359      Ca B                4387.93A   36.319    0.0262
nInu                60.8322m   39.185   19.2432      H  1                1.00493m   36.805    0.0802      Ca B                4437.55A   35.329    0.0027
nFnu                41.2152m   36.664    0.0580      H  1                9545.93A   36.617    0.0520      Ca B                4471.49A   37.229    0.2127
nInu                41.2152m   39.409   32.1738      H  1                9228.97A   36.457    0.0360      Ca B                4713.03A   36.109    0.0162
nFnu                30.8695m   36.613    0.0515      H  1                9014.87A   36.319    0.0262      Ca B                4921.93A   36.665    0.0580
nInu                30.8695m   39.521   41.6545      H  1                8862.74A   36.408    0.0321      Ca B                5015.68A   36.934    0.1079
nFnu                24.7829m   36.612    0.0514      H  1                8750.43A   36.342    0.0276      Ca B                5047.64A   35.715    0.0065
nInu                24.7829m   39.580   47.7494      H  1                8664.98A   36.283    0.0241      Ca B                5875.64A   37.707    0.6401
nFnu                24.2998m   36.583    0.0481      H  1                8598.35A   36.228    0.0212      Ca B                6678.15A   37.165    0.1835
nInu                24.2998m   39.589   48.7138      H  1                8545.34A   36.178    0.0189      Ca B                7065.22A   36.788    0.0771
nFnu                22.8302m   36.707    0.0639      H  1                8502.44A   36.133    0.0170      Ca B                7281.35A   36.285    0.0242
nInu                22.8302m   39.606   50.6756      H  1                8467.21A   36.092    0.0155      Ca B                9463.57A   35.526    0.0042
nFnu                21.4199m   36.589    0.0488      H  1                8437.91A   36.055    0.0143      Ca B                1.08303m   37.851    0.8919
nInu                21.4199m   39.620   52.3058      H  1                8413.28A   36.024    0.0133      Ca B                1.10131m   35.116    0.0016
nFnu                21.1235m   36.562    0.0458      H  1                8392.35A   35.999    0.0125      Ca B                1.19692m   35.895    0.0099
nInu                21.1235m   39.623   52.7436      H  1                8374.43A   35.982    0.0120      Ca B                1.25274m   35.609    0.0051
nFnu                19.6199m   36.692    0.0618      H  1                8358.96A   35.979    0.0120      Ca B                1.27849m   36.474    0.0374
nInu                19.6199m   39.629   53.4678      H  1                8345.51A   36.000    0.0125      Ca B                1.27905m   35.996    0.0125
nFnu                17.6534m   36.850    0.0889      H  1                8333.74A   36.081    0.0151      Ca B                1.28461m   34.979    0.0012
nInu                17.6534m   39.652   56.3024      H  1                8323.38A   36.979    0.1196      Ca B                1.29684m   35.422    0.0033
nFnu                17.3700m   36.793    0.0779      H  1                4.05113m   37.127    0.1681      Ca B                1.29849m   35.070    0.0015
nInu                17.3700m   39.655   56.7735      H  1                2.62513m   36.858    0.0906      Ca B                1.50837m   35.251    0.0022
nFnu                15.6901m   36.545    0.0440      H  1                2.16551m   36.621    0.0525      Ca B                1.70027m   36.078    0.0150
nInu                15.6901m   39.668   58.4226      H  1                1.94454m   36.424    0.0333      Ca B                1.86854m   36.873    0.0937
nFnu                14.6036m   36.789    0.0773      H  1                1.81740m   36.256    0.0226      Ca B                1.86972m   36.395    0.0312
nInu                14.6036m   39.683   60.5036      H  1                1.73620m   36.112    0.0162      Ca B                1.90894m   35.630    0.0054
nFnu                12.4300m   36.860    0.0910      H  1                1.68064m   36.038    0.0137      Ca B                1.95430m   35.375    0.0030
nInu                12.4300m   39.698   62.6968      H  1                1.64071m   35.973    0.0118      Ca B                2.05813m   37.032    0.1351
nFnu                11.4000m   36.585    0.0483      H  1                1.61092m   35.914    0.0103      Ca B                2.11180m   35.293    0.0025
nInu                11.4000m   39.707   63.9824      H  1                1.58804m   35.860    0.0091      Ca B                2.11303m   34.924    0.0011
nFnu                10.4600m   36.958    0.1139      H  1                1.57006m   35.810    0.0081      Ca B                2.16080m   35.387    0.0031
nInu                10.4600m   39.717   65.4465      H  1                1.55563m   35.765    0.0073      Ca B                2.16170m   34.910    0.0010
nFnu                9.48002m   36.591    0.0489      H  1                1.54388m   35.724    0.0067      Pho+                3889.00A   37.582    0.4797
nInu                9.48002m   39.727   66.9711      H  1                1.53417m   35.688    0.0061      extra Lyman....................................
nFnu                9.32488m   36.528    0.0423      H  1                1.52604m   35.656    0.0057      database lines.................................
nInu                9.32488m   39.731   67.5282      H  1                1.51917m   35.631    0.0054      CO                  2600.05m   37.531    0.4265
nFnu                8.21035m   36.841    0.0870      H  1                1.51331m   35.615    0.0052      CO                  1300.05m   37.160    0.1816
nInu                8.21035m   39.737   68.5310      H  1                1.50827m   35.611    0.0051      CO                  866.727m   35.577    0.0047
nFnu                7.58000m   36.475    0.0375      H  1                1.50389m   35.633    0.0054      ^13CO               2719.67m   36.057    0.0143
nInu                7.58000m   39.746   69.8810      H  1                1.50008m   35.714    0.0065      ^13CO               1359.86m   35.725    0.0067
nFnu                7.05026m   37.246    0.2210      H  1                1.49672m   36.612    0.0513      C  1                370.269m   38.492    3.8939
nInu                7.05026m   39.747   70.1275      H  1                7.45777m   36.647    0.0558      C  1                609.590m   39.269   23.3351
nFnu                4.11370m   37.228    0.2121      H  1                4.65247m   36.453    0.0357      C  2                157.636m   39.429   33.7156
nInu                4.11370m   39.745   69.8634      H  1                3.73951m   36.260    0.0229      Fe 2                25.9811m   38.358    2.8636
nFnu                2.32440m   35.938    0.0109      H  1                3.29607m   36.090    0.0155      Fe 2                35.3394m   36.619    0.0523
nInu                2.32440m   39.662   57.6087      H  1                3.03835m   35.943    0.0110      Fe 2                51.2865m   35.378    0.0030
nFnu                1.64313m   38.171    1.8617      H  1                2.87219m   35.749    0.0071      Ne 2                12.8101m   35.869    0.0093
nInu                1.64313m   39.506   40.2918      H  1                2.75749m   35.685    0.0061      O  1                63.1679m   38.308    2.5503
nFnu                1.48022m   36.506    0.0403      H  1                2.67438m   35.626    0.0053      O  1                145.495m   36.993    0.1235
nInu                1.48022m   39.474   37.3923      H  1                2.61191m   35.573    0.0047      P  2                60.6263m   37.635    0.5414
nFnu                1.43649m   38.775    7.4782      H  1                2.56361m   35.523    0.0042      P  2                32.8620m   36.556    0.0452
nInu                1.43649m   39.467   36.8356      H  1                2.52538m   35.478    0.0038      S  1                25.2421m   36.185    0.0192
nFnu                1.11867m   36.792    0.0778      H  1                2.49455m   35.437    0.0034      S  3                33.4704m   36.207    0.0202
nInu                1.11867m   39.461   36.2900      H  1                2.46929m   35.401    0.0032      Si 1                68.4548m   36.877    0.0947
nFnu                8329.68A   37.117    0.1645      H  1                2.44831m   35.370    0.0029      Si 1                129.641m   37.149    0.1770
nInu                8329.68A   39.525   42.0922      H  1                2.43068m   35.345    0.0028      Si 2                34.8046m   39.176   18.8417
nFnu                8078.61A   39.007   12.7501      H  1                2.41571m   35.328    0.0027      Cl 2                14.3639m   35.398    0.0031
nInu                8078.61A   39.528   42.3733      H  1                2.40288m   35.325    0.0027      N  2                205.244m   37.616    0.5187
nFnu                6209.66A   37.431    0.3389      H  1                2.39180m   35.346    0.0028      N  2                121.767m   37.414    0.3258
nInu                6209.66A   39.590   48.8187      H  1                2.38215m   35.428    0.0034      level 1 lines..................................
nFnu                4885.36A   37.678    0.5987      H  1                2.37371m   36.326    0.0266      FeKa                1.78000A   35.607    0.0051
nInu                4885.36A   39.851   89.0712      H  1                12.3684m   36.229    0.0213      FeKC                1.75000A   35.607    0.0051
nFnu                3704.34A   37.953    1.1259      H  1                7.50038m   36.091    0.0155      recombination..................................
nInu                3704.34A   39.767   73.4608      H  1                5.90655m   35.933    0.0108      C  1                1.06950m   37.206    0.2017
nFnu                3587.67A   39.059   14.3945      H  1                5.12722m   35.789    0.0077      C  1                9088.00A   36.390    0.0308
nInu                3587.67A   39.784   76.2932      H  1                4.67119m   35.511    0.0041      C  1                9658.00A   35.812    0.0081
nFnu                2430.05A   38.341    2.7543      H  1                4.37522m   35.448    0.0035      C  1                1657.00A   38.148    1.7662
nInu                2430.05A   39.906  101.1554      H  1                4.16962m   35.390    0.0031      C  1                6828.00A   35.313    0.0026
nFnu                2392.03A   38.355    2.8408      H  1                4.01974m   35.336    0.0027      C  2                9903.00A   35.087    0.0015
nInu                2392.03A   39.891   97.7338      H  1                3.90645m   35.287    0.0024      C  2                4267.00A   35.533    0.0043
nFnu                2071.34A   38.467    3.6811      H  1                3.81838m   35.243    0.0022      C  2                1335.00A   35.536    0.0043
nInu                2071.34A   39.901   99.9453      H  1                3.74834m   35.202    0.0020      N  1                8692.00A   35.133    0.0017
nFnu                2052.68A   38.486    3.8479      H  1                3.69159m   35.166    0.0018      N  1                1200.00A   36.158    0.0180
nInu                2052.68A   39.892   97.8248      H  1                3.64490m   35.135    0.0017      O  1                7773.00A   35.631    0.0054
nFnu                1793.44A   38.560    4.5566      H  1                3.60595m   35.110    0.0016      O  1                9264.00A   35.424    0.0033
nInu                1793.44A   39.906  101.0489      H  1                3.57310m   35.094    0.0016      O  1                1357.00A   36.440    0.0346
nFnu                1585.12A   38.528    4.2315      H  1                3.54510m   35.091    0.0015      level2 lines...................................
nInu                1585.12A   39.874   93.8755      H  1                3.52103m   35.112    0.0016      hyperfine structure............................
nInu                1458.33A   35.031    0.0013      H  1                3.50018m   35.193    0.0020      inner shell....................................
nFnu                1356.96A   35.035    0.0014      H  1                3.48198m   36.091    0.0155      C  2                44.7920A   35.543    0.0044
nInu                1356.96A   35.942    0.0110      H  1                19.0565m   35.857    0.0090      C  3                1907.45A   36.633    0.0539
nFnu                1297.29A   35.242    0.0022      H  1                11.3055m   35.761    0.0072      C  2                2339.32A   35.016    0.0013
nInu                1297.29A   36.483    0.0382      H  1                8.75760m   35.635    0.0054      C  4                527.592A   35.933    0.0108
nFnu                1262.79A   35.274    0.0024      H  1                7.50599m   35.307    0.0025      N  2                31.9136A   35.270    0.0023
nInu                1262.79A   36.838    0.0864      H  1                6.77008m   35.245    0.0022      N  2                31.9136A   34.969    0.0012
nInu                1218.08A   37.526    0.4218      H  1                6.29014m   35.188    0.0019      N  3                1746.26A   35.704    0.0064
RRC............................................      H  1                5.95517m   35.136    0.0017      N  3                558.487A   35.898    0.0099
H  1                911.753A   38.891    9.7678      H  1                5.70985m   35.087    0.0015      O  2                23.6476A   35.930    0.0107
H  1                3645.98A   37.689    0.6142      H  1                5.52363m   35.043    0.0014      O  2                23.6476A   35.930    0.0107
H  1                3645.98A   38.127    1.6824      H  1                5.37826m   35.002    0.0013      O  3                1653.12A   35.930    0.0107
H  1                8203.53A   36.866    0.0923      H  1                5.26220m   34.967    0.0012      O  3                1653.12A   35.930    0.0107
H  1                8203.53A   37.356    0.2852      H  1                5.16782m   34.936    0.0011      O  2                832.109A   35.040    0.0014
H  1                8203.53A   37.416    0.3275      H  1                5.08989m   34.911    0.0010      O  2                832.109A   35.040    0.0014
H  1                1.45841m   36.290    0.0245      H  1                4.92232m   34.913    0.0010      Ne 2                14.6139A   35.278    0.0024
H  1                1.45841m   36.790    0.0774      H  1                4.88165m   34.995    0.0012      Ne 2                14.6104A   35.575    0.0047
H  1                1.45841m   36.966    0.1160      H  1                4.84633m   35.892    0.0098      Ne 3                490.056A   35.130    0.0017
H  1                1.45841m   36.833    0.0854      H  1                27.7955m   35.524    0.0042      Ne 3                490.056A   35.431    0.0034
H  1                2.27876m   35.848    0.0088      H  1                16.2045m   35.461    0.0036      Na 2                427.532A   36.002    0.0126
H  1                2.27876m   36.348    0.0280      H  1                12.3837m   35.125    0.0017      Na 2                429.011A   36.001    0.0126
H  1                2.27876m   36.562    0.0458      H  1                10.5005m   35.067    0.0015      Mg 3                246.489A   35.191    0.0020
H  1                2.27876m   36.587    0.0485      H  1                9.38937m   35.012    0.0013      Mg 3                247.968A   35.472    0.0037
H  1                2.27876m   36.317    0.0260      H  1                8.66206m   34.960    0.0011      Mg 3                9.77870A   35.143    0.0017
H  1                3.28142m   35.489    0.0039      H  1                8.15259m   34.913    0.0010      Mg 4                190.452A   35.096    0.0016
H  1                3.28142m   35.989    0.0122      H  1                6.49914m   35.720    0.0066      Mg 3                246.489A   37.559    0.4545
H  1                3.28142m   36.219    0.0208      H  1                38.8589m   35.224    0.0021      Mg 3                247.968A   37.556    0.4518
H  1                3.28142m   36.305    0.0254      H  1                22.3342m   34.957    0.0011      Al 4                165.312A   35.289    0.0024
H  1                3.28142m   36.219    0.0208      H  1                16.8759m   34.906    0.0010      Al 4                166.199A   35.571    0.0047
H  1                3.28142m   35.843    0.0087      H  1                8.48253m   35.567    0.0046      Si 3                1878.55A   35.435    0.0034
H  1                4.46637m   35.189    0.0019      H  1                10.8512m   35.431    0.0034      Si 3                1878.55A   35.776    0.0075
H  1                4.46637m   35.687    0.0061      H  1                13.6771m   35.307    0.0025      Si 3                7.12553A   35.068    0.0015
H  1                4.46637m   35.924    0.0105      H  1                17.0552m   35.193    0.0020      Si 5                120.490A   35.129    0.0017
H  1                4.46637m   36.041    0.0138      H  1                21.1135m   35.089    0.0015      Si 4                124.607A   34.961    0.0011
H  1                4.46637m   36.035    0.0136      H  1                26.0278m   34.992    0.0012      Si 4                720.838A   35.936    0.0108
H  1                4.46637m   35.860    0.0091      He 2                607.567A   35.681    0.0060      Si 3                130.372A   35.519    0.0041
H  1                4.46637m   35.395    0.0031      He 2                303.784A   36.594    0.0493      Si 4                720.838A   36.864    0.0918
H  1                5.83363m   34.931    0.0011      He 2                256.317A   35.853    0.0090      Si 3                1878.55A   34.945    0.0011
H  1                5.83363m   35.427    0.0034      He 2                243.027A   35.414    0.0033      S  2                5.36449A   34.972    0.0012
H  1                5.83363m   35.667    0.0058      He 2                237.331A   35.103    0.0016      S  4                607.766A   34.971    0.0012
H  1                5.83363m   35.801    0.0079      He 2                229.736A   34.990    0.0012      S  3                1698.41A   35.085    0.0015
H  1                5.83363m   35.838    0.0086      He 2                229.431A   34.929    0.0011      S  3                1698.41A   35.124    0.0017
H  1                5.83363m   35.756    0.0072      He 2                228.203A   35.714    0.0065      S  3                1698.41A   34.914    0.0010
H  1                5.83363m   35.506    0.0040      He 2                1640.43A   35.602    0.0050      S  5                1203.73A   35.215    0.0021
H  1                5.83363m   34.967    0.0012      He 2                1215.13A   35.079    0.0015      S  5                362.527A   35.189    0.0019
H  1                7.38319m   35.200    0.0020      He-like iso-sequence...........................      S  4                1408.91A   35.583    0.0048
H  1                7.38319m   35.441    0.0035      He 1                1202.81A   37.004    0.1268      S  4                607.766A   35.902    0.0100
H  1                7.38319m   35.585    0.0048      He 1                584.334A   38.030    1.3466      S  4                1408.91A   35.904    0.0101
H  1                7.38319m   35.648    0.0056      He 1                537.030A   37.390    0.3081      S  4                607.766A   35.483    0.0038
H  1                7.38319m   35.617    0.0052      He 1                522.213A   36.986    0.1216      Ca 4                312.303A   35.283    0.0024
H  1                7.38319m   35.470    0.0037      He 1                515.617A   36.693    0.0619      Ca 4                315.481A   35.111    0.0016
H  1                7.38319m   35.156    0.0018      He 1                512.099A   36.450    0.0354      Ca 4                315.481A   35.404    0.0032
H  1                9.11505m   34.998    0.0012      He 1                625.563A   38.590    4.8867      Ca 3                467.865A   35.537    0.0043
H  1                9.11505m   35.239    0.0022      He 1                510.018A   37.270    0.2336      Ca 3                475.035A   35.531    0.0043
H  1                9.11505m   35.390    0.0031      He 1                508.657A   37.165    0.1834      Fe 2                1.93583A   35.006    0.0013
H  1                9.11505m   35.469    0.0037      He 1                507.727A   37.074    0.1487      Fe 2                17.2921A   35.203    0.0020
H  1                9.11505m   35.471    0.0037      He 1                507.065A   36.993    0.1236      Fe 2                17.6114A   35.052    0.0014
H  1                9.11505m   35.384    0.0030      He 1                506.576A   36.922    0.1049      Fe 3                1.93137A   35.144    0.0018
H  1                9.11505m   35.179    0.0019      He 1                506.204A   36.856    0.0902      Fe 3                16.7682A   35.587    0.0048
H  1                11.0292m   36.085    0.0153      He 1                505.916A   36.797    0.0786      Fe 3                17.0683A   34.960    0.0011
H  1                13.1257m   35.973    0.0118      He 1                505.687A   36.742    0.0694      Fe 3                17.0683A   35.437    0.0034
H  1                15.4044m   35.869    0.0093      He 1                505.502A   36.692    0.0618      molecules......................................
H  1                17.8655m   35.774    0.0075      He 1                505.352A   36.647    0.0557      H2dH                      0    35.722    0.0066
H  1                20.5089m   35.685    0.0061      He 1                505.227A   36.605    0.0506      H2 v                      0    36.572    0.0469
H  1                23.3345m   35.601    0.0050      He 1                505.122A   36.568    0.0465      H-FF                      0    34.994    0.0012
H  1                26.3425m   35.523    0.0042      He 1                505.033A   36.535    0.0431      H-CT                6562.81A   35.478    0.0038
H  1                29.5328m   35.449    0.0035      He 1                504.958A   36.507    0.0404      HEH+                      0    35.407    0.0032
H  1                32.9053m   35.379    0.0030      He 1                504.893A   36.486    0.0384      blends.........................................
H  1                36.4602m   35.313    0.0026      He 1                504.836A   36.473    0.0373      Ca2R                3933.00A   35.571    0.0047
H  1                40.1974m   35.250    0.0022      He 1                504.787A   36.473    0.0373      Blnd                1657.00A   38.148    1.7662
H  1                44.1168m   35.190    0.0019      He 1                504.744A   36.498    0.0396      C 1R                1656.00A   38.148    1.7662
H  1                48.2186m   35.132    0.0017      He 1                504.706A   36.585    0.0483      Blnd                1335.00A   35.536    0.0043
H  1                52.5027m   35.077    0.0015      He 1                504.672A   37.497    0.3947      C 2R                1335.00A   35.536    0.0043
H  1                56.9691m   36.480    0.0379      TOTL                1.08303m   37.227    0.2117      Blnd                5199.00A   35.739    0.0069
He 2                227.838A   36.087    0.0154      He 1                1.08303m   37.227    0.2117      N 1R                5199.00A   35.540    0.0044
He 2                911.351A   34.952    0.0011      He 1                3888.63A   36.895    0.0987      N 1C                5199.00A   35.303    0.0025
He 1                504.259A   38.028    1.3384      He 1                3187.74A   36.487    0.0386      O 2H                3727.00A   37.243    0.2196
He 1                2599.69A   36.462    0.0364      He 1                2945.10A   36.169    0.0185      Blnd                3727.00A   37.243    0.2196
He 1                3120.85A   35.972    0.0118      He 1                2829.08A   35.904    0.0101      O 2H                7325.00A   36.620    0.0523
He 1                3421.00A   36.090    0.0155      He 1                2760.44A   35.446    0.0035      Blnd                1666.00A   35.844    0.0088
He 1                3420.88A   36.568    0.0464      He 1                2721.00A   35.351    0.0028      O 3A                1665.00A   35.844    0.0088
He 1                3420.88A   36.789    0.0773      He 1                2694.61A   35.267    0.0023
He 1                3678.70A   36.399    0.0315      He 1                2676.05A   35.191    0.0019

                                                    Emergent line intensities
 Caution: emergent intensities are not reliable on the first iteration.
general properties.............................      H  1                1.68064m   36.038    0.0137      He 1                3187.74A   36.487    0.0386
continua.......................................      H  1                1.64071m   35.973    0.0118      He 1                2945.10A   36.169    0.0185
FIR                 83.0000m   39.668   58.5005      H  1                1.61092m   35.914    0.0103      He 1                2829.08A   35.904    0.0101
TIR                 1800.00m   39.281   23.9806      H  1                1.58804m   35.860    0.0091      He 1                2760.44A   35.446    0.0035
NIRa                2.85000m   40.297  248.9783      H  1                1.57006m   35.810    0.0081      He 1                2721.00A   35.351    0.0028
NIRb                3.00000m   39.853   89.5049      H  1                1.55563m   35.765    0.0073      He 1                2694.61A   35.267    0.0023
MIRa                15.0000m   39.909  101.7777      H  1                1.54388m   35.724    0.0067      He 1                2676.05A   35.191    0.0019
MIRb                22.5000m   40.056  142.7468      H  1                1.53417m   35.688    0.0061      He 1                2662.47A   35.115    0.0016
NMIR                21.7500m   40.297  248.9783      H  1                1.52604m   35.656    0.0057      He 1                2652.24A   35.053    0.0014
TFIR                611.250m   39.692   61.8456      H  1                1.51917m   35.631    0.0054      He 1                2644.33A   34.996    0.0012
TALL                10000.0A   40.593  492.3208      H  1                1.51331m   35.615    0.0052      He 1                2638.09A   34.943    0.0011
F12                 12.0000m   39.467   36.7737      H  1                1.50827m   35.611    0.0051      He 1                2610.71A   35.707    0.0064
F25                 25.0000m   39.304   25.3007      H  1                1.50389m   35.633    0.0054      He 1                3355.42A   34.949    0.0011
F60                 60.0000m   39.162   18.2442      H  1                1.50008m   35.714    0.0065      He 1                3136.75A   35.218    0.0021
F100                100.000m   37.932    1.0737      H  1                1.49672m   36.612    0.0513      He 1                7065.22A   36.106    0.0160
MIPS                24.0000m   39.054   14.2218      H  1                7.45777m   36.647    0.0558      He 1                5875.64A   37.072    0.1483
MIPS                70.0000m   38.725    6.6678      H  1                4.65247m   36.453    0.0357      He 1                4713.03A   35.367    0.0029
MIPS                160.000m   39.431   33.8949      H  1                3.73951m   36.260    0.0229      He 1                4471.49A   36.625    0.0529
IRAC                3.60000m   39.072   14.8221      H  1                3.29607m   36.090    0.0155      He 1                4120.82A   34.903    0.0010
IRAC                4.50000m   39.111   16.2125      H  1                3.03835m   35.943    0.0110      He 1                4026.20A   36.292    0.0246
IRAC                5.80000m   39.141   17.3890      H  1                2.87219m   35.749    0.0071      He 1                3819.61A   36.029    0.0134
IRAC                8.00000m   39.299   24.9674      H  1                2.75749m   35.685    0.0061      He 1                3704.76A   36.071    0.0148
SPR1                250.000m   34.992    0.0012      H  1                2.67438m   35.626    0.0053      He 1                3634.08A   35.965    0.0116
SPR2                350.000m   38.491    3.8911      H  1                2.61191m   35.573    0.0047      He 1                3587.16A   35.873    0.0094
PAC1                70.0000m   38.792    7.7838      H  1                2.56361m   35.523    0.0042      He 1                3554.34A   35.792    0.0078
PAC2                100.000m   38.010    1.2857      H  1                2.52538m   35.478    0.0038      He 1                3530.43A   35.718    0.0066
PAC3                160.000m   39.431   33.8966      H  1                2.49455m   35.437    0.0034      He 1                3512.47A   35.653    0.0056
PAH                 3.30000m   38.219    2.0800      H  1                2.46929m   35.401    0.0032      He 1                3498.61A   35.594    0.0049
PAHC                3.23000m   37.928    1.0646      H  1                2.44831m   35.370    0.0029      He 1                3487.70A   35.539    0.0043
PAHC                3.37000m   37.904    1.0056      H  1                2.43068m   35.345    0.0028      He 1                3478.94A   35.489    0.0039
PAH                 6.20000m   38.659    5.7212      H  1                2.41571m   35.328    0.0027      He 1                3471.80A   35.444    0.0035
PAHC                5.65000m   38.697    6.2480      H  1                2.40288m   35.325    0.0027      He 1                3465.91A   35.403    0.0032
PAH                 7.90000m   38.848    8.8395      H  1                2.39180m   35.346    0.0028      He 1                3460.99A   35.365    0.0029
PAHC                6.90000m   38.911   10.2247      H  1                2.38215m   35.428    0.0034      He 1                3456.84A   35.332    0.0027
PAH                 11.3000m   38.260    2.2853      H  1                2.37371m   36.326    0.0266      He 1                3453.30A   35.304    0.0025
PAHC                10.9000m   38.283    2.4062      H  1                12.3684m   36.229    0.0213      He 1                3450.26A   35.283    0.0024
PAH                 11.8000m   38.474    3.7381      H  1                7.50038m   36.091    0.0155      He 1                3447.63A   35.270    0.0023
PAHC                12.6500m   38.446    3.5038      H  1                5.90655m   35.933    0.0108      He 1                3445.34A   35.270    0.0023
PAH                 13.3000m   38.474    3.7358      H  1                5.12722m   35.789    0.0077      He 1                3443.33A   35.296    0.0025
PAHC                14.1000m   38.442    3.4738      H  1                4.67119m   35.511    0.0041      He 1                3441.56A   35.383    0.0030
Bcon                3640.00A   39.856   90.1343      H  1                4.37522m   35.448    0.0035      He 1                3439.99A   36.295    0.0247
Pcon                5000.00A   39.664   57.9854      H  1                4.16962m   35.390    0.0031      He 1                7281.35A   35.328    0.0027
O3bn                5007.00A   38.098    1.5716      H  1                4.01974m   35.336    0.0027      He 1                6678.15A   36.526    0.0422
SX                  25.0000A   37.820    0.8288      H  1                3.90645m   35.287    0.0024      He 1                4921.93A   36.058    0.0143
HX                  4.70000A   38.730    6.7379      H  1                3.81838m   35.243    0.0022      He 1                4387.93A   35.720    0.0066
RRC............................................      H  1                3.74834m   35.202    0.0020      He 1                4143.76A   35.460    0.0036
grains.........................................      H  1                3.69159m   35.166    0.0018      He 1                4009.05A   35.434    0.0034
H-like iso-sequence............................      H  1                3.64490m   35.135    0.0017      He 1                3926.41A   35.326    0.0027
H  1                1215.67A   39.438   34.4052      H  1                3.60595m   35.110    0.0016      He 1                3871.69A   35.233    0.0021
H  1                1025.72A   38.693    6.1986      H  1                3.57310m   35.094    0.0016      He 1                3833.48A   35.151    0.0018
H  1                972.537A   38.254    2.2542      H  1                3.54510m   35.091    0.0015      He 1                3805.69A   35.077    0.0015
H  1                949.743A   37.942    1.0985      H  1                3.52103m   35.112    0.0016      He 1                3784.82A   35.011    0.0013
H  1                937.804A   37.699    0.6285      H  1                3.50018m   35.193    0.0020      He 1                3768.74A   34.951    0.0011
H  1                930.748A   37.501    0.3980      H  1                3.48198m   36.091    0.0155      He 1                3700.80A   35.650    0.0056
H  1                926.226A   37.333    0.2704      H  1                19.0565m   35.857    0.0090      He 1                4.29459m   34.907    0.0010
H  1                923.150A   37.188    0.1935      H  1                11.3055m   35.761    0.0072      He 1                1.25274m   34.993    0.0012
H  1                920.963A   37.060    0.1440      H  1                8.75760m   35.635    0.0054      He 1                9463.57A   34.912    0.0010
H  1                919.351A   37.760    0.7223      H  1                7.50599m   35.307    0.0025      He 1                1.70027m   35.474    0.0037
H  1                918.129A   37.694    0.6202      H  1                6.77008m   35.245    0.0022      He 1                1.19692m   35.296    0.0025
H  1                917.181A   37.634    0.5400      H  1                6.29014m   35.188    0.0019      He 1                1.03113m   35.089    0.0015
H  1                916.429A   37.579    0.4758      H  1                5.95517m   35.136    0.0017      He 1                9515.06A   35.184    0.0019
H  1                915.824A   37.528    0.4238      H  1                5.70985m   35.087    0.0015      He 1                9062.39A   35.094    0.0016
H  1                915.329A   37.483    0.3814      H  1                5.52363m   35.043    0.0014      He 1                8776.14A   35.012    0.0013
H  1                914.919A   37.441    0.3467      H  1                5.37826m   35.002    0.0013      He 1                8582.23A   34.937    0.0011
H  1                914.576A   37.404    0.3185      H  1                5.26220m   34.967    0.0012      He 1                7944.61A   35.461    0.0036
H  1                914.286A   37.373    0.2960      H  1                5.16782m   34.936    0.0011      He 1                1.86854m   36.198    0.0198
H  1                914.039A   37.347    0.2791      H  1                5.08989m   34.911    0.0010      He 1                1.27849m   35.856    0.0090
H  1                913.826A   37.330    0.2684      H  1                4.92232m   34.913    0.0010      He 1                1.09130m   35.577    0.0047
H  1                913.641A   37.326    0.2660      H  1                4.88165m   34.995    0.0012      He 1                1.00275m   35.255    0.0023
H  1                913.480A   37.347    0.2789      H  1                4.84633m   35.892    0.0098      He 1                9526.01A   35.140    0.0017
H  1                913.339A   37.427    0.3358      H  1                27.7955m   35.524    0.0042      He 1                9210.23A   35.042    0.0014
H  1                913.215A   38.323    2.6439      H  1                16.2045m   35.461    0.0036      He 1                8996.90A   34.957    0.0011
H  1                6562.81A   38.415    3.2657      H  1                12.3837m   35.125    0.0017      He 1                8298.68A   35.441    0.0035
H  1                4861.33A   37.901    1.0000      H  1                10.5005m   35.067    0.0015      He 1                1.86972m   35.721    0.0066
H  1                4340.46A   37.547    0.4424      H  1                9.38937m   35.012    0.0013      He 1                1.27905m   35.378    0.0030
H  1                4101.73A   37.282    0.2402      H  1                8.66206m   34.960    0.0011      He 1                1.09171m   35.100    0.0016
H  1                3970.07A   37.070    0.1476      H  1                8.15259m   34.913    0.0010      He 1                8301.03A   34.956    0.0011
H  1                3889.05A   36.894    0.0985      H  1                6.49914m   35.720    0.0066      He 1                1.90894m   35.023    0.0013
H  1                3835.38A   36.744    0.0697      H  1                38.8589m   35.224    0.0021      He 1                4.03664m   35.109    0.0016
H  1                3797.89A   36.613    0.0515      H  1                22.3342m   34.957    0.0011      He 1                2.61850m   34.973    0.0012
H  1                3770.63A   36.923    0.1052      H  1                16.8759m   34.906    0.0010      He 1                1.49127m   34.985    0.0012
H  1                3750.15A   36.857    0.0904      H  1                8.48253m   35.567    0.0046      He 1                4.04791m   35.498    0.0039
H  1                3734.36A   36.797    0.0787      H  1                10.8512m   35.431    0.0034      He 1                2.62338m   35.224    0.0021
H  1                3721.93A   36.742    0.0694      H  1                13.6771m   35.307    0.0025      He 1                4.04793m   35.021    0.0013
H  1                3711.97A   36.692    0.0618      H  1                17.0552m   35.193    0.0020      extra Lyman....................................
H  1                3703.85A   36.647    0.0557      H  1                21.1135m   35.089    0.0015      database lines.................................
H  1                3697.15A   36.606    0.0506      H  1                26.0278m   34.992    0.0012      CO                  2600.05m   37.531    0.4265
H  1                3691.55A   36.569    0.0465      He 2                303.784A   36.399    0.0315      CO                  1300.05m   37.160    0.1816
H  1                3686.83A   36.538    0.0433      He 2                256.317A   35.684    0.0061      CO                  866.727m   35.577    0.0047
H  1                3682.80A   36.512    0.0408      He 2                243.027A   35.252    0.0022      ^13CO               2719.67m   36.057    0.0143
H  1                3679.35A   36.496    0.0393      He 2                237.331A   34.945    0.0011      ^13CO               1359.86m   35.725    0.0067
H  1                3676.36A   36.492    0.0390      He 2                228.203A   35.556    0.0045      C  1                370.269m   38.492    3.8939
H  1                3673.75A   36.513    0.0409      He 2                1640.43A   35.602    0.0050      C  1                609.590m   39.269   23.3351
H  1                3671.47A   36.595    0.0494      He 2                1215.13A   35.074    0.0015      C  2                157.636m   39.429   33.7156
H  1                3669.46A   37.492    0.3899      He-like iso-sequence...........................      Fe 2                25.9811m   38.358    2.8636
H  1                1.87510m   37.693    0.6199      He 1                584.334A   37.191    0.1950      Fe 2                35.3394m   36.619    0.0523
H  1                1.28180m   37.324    0.2646      He 1                537.030A   36.610    0.0511      Fe 2                51.2865m   35.378    0.0030
H  1                1.09380m   37.034    0.1359      He 1                522.213A   36.225    0.0211      Ne 2                12.8101m   35.869    0.0093
H  1                1.00493m   36.805    0.0802      He 1                515.617A   35.944    0.0110      O  1                63.1679m   38.308    2.5503
H  1                9545.93A   36.617    0.0520      He 1                512.099A   35.708    0.0064      O  1                145.495m   36.993    0.1235
H  1                9228.97A   36.457    0.0360      He 1                625.563A   37.779    0.7552      P  2                60.6263m   37.635    0.5414
H  1                9014.87A   36.319    0.0262      He 1                510.018A   36.622    0.0526      P  2                32.8620m   36.556    0.0452
H  1                8862.74A   36.408    0.0321      He 1                508.657A   36.518    0.0414      S  1                25.2421m   36.185    0.0192
H  1                8750.43A   36.342    0.0276      He 1                507.727A   36.426    0.0335      S  3                33.4704m   36.207    0.0202
H  1                8664.98A   36.283    0.0241      He 1                507.065A   36.348    0.0280      Si 1                68.4548m   36.877    0.0947
H  1                8598.35A   36.228    0.0212      He 1                506.576A   36.275    0.0236      Si 1                129.641m   37.149    0.1770
H  1                8545.34A   36.178    0.0189      He 1                506.204A   36.208    0.0203      Si 2                34.8046m   39.176   18.8417
H  1                8502.44A   36.133    0.0170      He 1                505.916A   36.149    0.0177      Cl 2                14.3639m   35.398    0.0031
H  1                8467.21A   36.092    0.0155      He 1                505.687A   36.093    0.0156      N  2                205.244m   37.616    0.5187
H  1                8437.91A   36.055    0.0143      He 1                505.502A   36.042    0.0138      N  2                121.767m   37.414    0.3258
H  1                8413.28A   36.024    0.0133      He 1                505.352A   35.994    0.0124      level 1 lines..................................
H  1                8392.35A   35.999    0.0125      He 1                505.227A   35.951    0.0112      recombination..................................
H  1                8374.43A   35.982    0.0120      He 1                505.122A   35.911    0.0102      level2 lines...................................
H  1                8358.96A   35.979    0.0120      He 1                505.033A   35.876    0.0094      hyperfine structure............................
H  1                8345.51A   36.000    0.0125      He 1                504.958A   35.845    0.0088      inner shell....................................
H  1                8333.74A   36.081    0.0151      He 1                504.893A   35.820    0.0083      molecules......................................
H  1                8323.38A   36.979    0.1196      He 1                504.836A   35.804    0.0080      blends.........................................
H  1                4.05113m   37.127    0.1681      He 1                504.787A   35.800    0.0079      Ca2R                3933.00A   35.571    0.0047
H  1                2.62513m   36.858    0.0906      He 1                504.744A   35.821    0.0083      Blnd                1657.00A   38.147    1.7598
H  1                2.16551m   36.621    0.0525      He 1                504.706A   35.901    0.0100      C 1R                1656.00A   38.147    1.7598
H  1                1.94454m   36.424    0.0333      He 1                504.672A   36.798    0.0788      Blnd                1335.00A   35.508    0.0040
H  1                1.81740m   36.256    0.0226      He 1                1.08303m   37.227    0.2117      C 2R                1335.00A   35.508    0.0040
H  1                1.73620m   36.112    0.0162      He 1                3888.63A   36.895    0.0987      N 1R                5199.00A   35.540    0.0044



 CIV QSO  
 Cooling:  C  1c                     0 :0.310 C  2c                     0 :0.384 Si 2c                     0 :0.214  
 Heating:  BFH1                      0 :0.432 BFHe                      0 :0.186 TotM                      0 :0.379  

 These are some of the most important databases used by Cloudy:
 Many recombination coefficients were taken from http://amdpp.phys.strath.ac.uk/tamoc/RR/ and http://amdpp.phys.strath.ac.uk/tamoc/DR/
      and are based on the following papers:
        Badnell N. R., et al., A&A 406, 1151 (2003) [http://adsabs.harvard.edu/abs/2003A%26A...406.1151B]
        Badnell N. R., ApJS 167, 334 (2006) [http://adsabs.harvard.edu/abs/2006ApJS..167..334B]
 Much of the molecular emission data is from LAMDA as accessed on June 30, 2015. This database is described in:
        Schoeier F.L., et al., A&A 432, 369 (2005) [http://adsabs.harvard.edu/abs/2005A%26A...432..369S]
      This database is in part based on the work of the following groups:
        JPL: Pickett H. M. et al., JQSRT, 60, 883 (1998). [http://adsabs.harvard.edu/abs/1998JQSRT..60..883P]
        CDMS: Mueller H. S. et al., A&A 370, L49 (2001). [http://adsabs.harvard.edu/abs/2001A%26A...370L..49M]
              Mueller H. S. et al., J. Mol. Struct. 742, 215 (2005). [http://adsabs.harvard.edu/abs/2005JMoSt.742..215M]
 Some of the ionic emission data is from version 7.1.4 of CHIANTI. CHIANTI is a collaborative project involving the NRL (USA), the
      Universities of Florence (Italy) and Cambridge (UK), and George Mason University (USA). These papers describe Chianti:
        Dere K. P., et al., A&AS, 125, 149 (1997) [http://adsabs.harvard.edu/abs/1997A%26AS..125..149D]
        Landi E., et al., ApJ, 744, 99 (2012) [http://adsabs.harvard.edu/abs/2012ApJ...744...99L]
 Much of the H_2 data is from this web site: http://molat.obspm.fr/index.php?page=pages/Molecules/H2/H2can94.php. These data are
      described in:
        Abgrall H. et al., Can. J. Phys., 72, 856 (1994) [http://adsabs.harvard.edu/abs/1994CaJPh..72..856A]
        Wrathmall S. A. & Flower D. R., J. Phys. B, 40, 3221 (2007) [http://adsabs.harvard.edu/abs/2007JPhB...40.3221W]
 The Case A and Case B recombination predictions for one-electron systems are from
	Storey, P.J. & Hummer, D.G., 1995, MNRAS 272, 41 http://adsabs.harvard.edu/abs/1995MNRAS.272...41S
 The He I recombination predictions are from
	Porter, R. L.; Ferland, G. J.; Storey, P. J.; Detisch, M. J., 2012, MNRAS, 425, 28p http://adsabs.harvard.edu/abs/2012MNRAS.425L..28P
		http://adsabs.harvard.edu/abs/2013MNRAS.433L..89P

 If you find some process or data set to be particularly critical to a result, please follow the trail of references back to the
 original source and cite that.  This will support and encourage atomic, molecular, and chemical physicists to continue their
 valuable work.

 IONIZE PARMET:  U(1-) -6.0203  U(4-): -7.0432  U(sp): -6.02  Q(ion):   47.178  L(ion) 39.226    Q(low): 54.028    L(low) 40.678
 ENERGY BUDGET:  Heat:  39.845  Coolg:  39.845  Error:  0.0%  Rec Lin:  38.792  F-F  H  0.000    P(rad/tot)max     0.00E+00    R(F Con):1.737e+05

     Col(Heff):      1.018E+22  snd travl time  1.05E+15 sec  Te-low: 2.83E+00  Te-hi: 1.93E+02  G0TH85: 4.40E-02  G0DB96:4.11E-02
  Emiss Measure    n(e)n(p) dl       3.553E+17  n(e)n(He+)dl         2.505E+16  En(e)n(He++) dl         2.533E+13  ne nC+:2.34E+16
 He/Ha:1.10E-01  =   1.10*true  Lthin:2.12E+03  itr/zn: 6.48  H2 itr/zn:  0.00  File Opacity: F  MassTot 5.15e+41  (gm)
   Temps(21 cm)   T(21cm/Ly a)  1.85E+01        T(<nH/Tkin>)  6.42E+00          T(<nH/Tspin>)    2.52E+01          TB21cm:2.52E+01
                   N(H0/Tspin)  6.05E+19        N(OH/Tkin)    1.18E+13          B(21cm)          0.00E+00
   <a>:3.80E-12  erdeFe6.2E+28  Tcompt1.91E+14  Tthr1.28E+12  <Tden>: 7.79E+00  <dens>:1.97E-22  <MolWgt>1.44E+00
     Mean Jeans  l(cm)1.03E+19  M(sun)5.71E+01  smallest:     len(cm):6.20E+18  M(sun):1.25E+01  a_ox tran: -1.61
 Rion:3.162E+21  Dist:0.00E+00  Diam:0.000E+00
 Hatom level 70  HatomType: add  HInducImp  F  He tot level: 63  He2 level:   70  ExecTime   247.1
 ConvrgError(%)  <eden>  0.051  MaxEden  0.626  <H-C>   0.07  Max(H-C)    0.40  <Press>   0.000  MaxPrs er  0.000
  Continuity(%)  chng Te   3.2  elec den   4.5  n(H2)    5.2  n(CO)       13.0

                                                        Averaged Quantities
             Te      Te(Ne)   Te(NeNp)  Te(NeHe+)Te(NeHe2+) Te(NeO+)  Te(NeO2+)  Te(H2)     N(H)     Ne(O2+)   Ne(Np)
 Radius:  7.79e+00  1.95e+01  1.56e+02  1.39e+02  1.29e+02  1.65e+02  1.53e+02  5.71e+00  7.51e+01  8.62e-01  2.71e+00
   Area:  7.78e+00  1.95e+01  1.56e+02  1.39e+02  1.29e+02  1.65e+02  1.53e+02  5.71e+00  7.51e+01  8.61e-01  2.71e+00
 Volume:  7.78e+00  1.95e+01  1.56e+02  1.39e+02  1.29e+02  1.65e+02  1.53e+02  5.71e+00  7.51e+01  8.60e-01  2.71e+00
 
 Peimbert T(OIIIr)0.00E+00 T(Bac)1.14E+02 T(Hth)0.00E+00 t2(Hstrc) 4.37e-02 T(O3-BAC)0.00E+00 t2(O3-BC) 0.00e+00 t2(O3str) 9.91e-02

 Contin Optical Depths: COMP: 9.41e-07    H-: 4.83e-07 R(1300): 1.02e-02  H2+: 1.88e-07  Bra:4.71E-07
                          Pa: 4.75e-07    Ba: 9.48e-07      Hb: 1.55e-06   La: 1.60e+01     1r:5.004E+07  1.8:1.18E+07 4.:1.715E+06

 Old, new H  1 continuum optical depths:
     1 1.00e+08     2 0.00e+00     3 0.00e+00     4 0.00e+00     5 0.00e+00     6 0.00e+00     7 0.00e+00     8 0.00e+00
     9 0.00e+00    10 0.00e+00    11 0.00e+00    12 0.00e+00    13 0.00e+00    14 0.00e+00    15 0.00e+00    16 0.00e+00
    17 0.00e+00    18 0.00e+00    19 0.00e+00    20 0.00e+00    21 0.00e+00    22 0.00e+00    23 0.00e+00    24 0.00e+00
    25 0.00e+00    26 0.00e+00    27 0.00e+00    28 0.00e+00    29 0.00e+00    30 0.00e+00    31 0.00e+00    32 0.00e+00
    33 0.00e+00    34 0.00e+00    35 0.00e+00    36 0.00e+00    37 0.00e+00    38 0.00e+00    39 0.00e+00    40 0.00e+00
    41 0.00e+00    42 0.00e+00    43 0.00e+00    44 0.00e+00    45 0.00e+00    46 0.00e+00    47 0.00e+00    48 0.00e+00
    49 0.00e+00    50 0.00e+00    51 0.00e+00    52 0.00e+00    53 0.00e+00    54 0.00e+00
     1 5.00e+07     2 1.23e-07     3 2.42e-07     4 2.42e-07     5 2.42e-07     6 6.29e-08     7 6.29e-08     8 6.29e-08
     9 6.29e-08    10 9.26e-17    11 9.26e-17    12 9.26e-17    13 9.26e-17    14 9.26e-17    15 2.39e-16    16 2.39e-16
    17 2.39e-16    18 2.39e-16    19 2.39e-16    20 2.39e-16    21 5.32e-16    22 5.32e-16    23 5.32e-16    24 5.32e-16
    25 5.32e-16    26 5.32e-16    27 5.32e-16    28 1.07e-15    29 1.07e-15    30 1.07e-15    31 1.07e-15    32 1.07e-15
    33 1.07e-15    34 1.07e-15    35 1.07e-15    36 1.99e-15    37 1.99e-15    38 1.99e-15    39 1.99e-15    40 1.99e-15
    41 1.99e-15    42 1.99e-15    43 1.99e-15    44 1.99e-15    45 3.47e-15    46 3.47e-15    47 3.47e-15    48 3.47e-15
    49 3.47e-15    50 3.47e-15    51 3.47e-15    52 3.47e-15    53 3.47e-15    54 3.47e-15

 Old, new H  1 mean line optical depths:
  2- 1 1.60e+20  3- 2 8.53e-07  4- 3 0.00e+00  5- 4 0.00e+00  6- 5 0.00e+00  7- 6 0.00e+00  8- 7 0.00e+00
  9- 8 0.00e+00 10- 9 0.00e+00 11-10 0.00e+00 12-11 0.00e+00 13-12 0.00e+00 14-13 0.00e+00 15-14 0.00e+00 16-15 0.00e+00
 17-16 0.00e+00 18-17 0.00e+00 19-18 0.00e+00 20-19 0.00e+00 21-20 0.00e+00 22-21 0.00e+00 23-22 0.00e+00 24-23 0.00e+00
 25-24 0.00e+00
  2- 1 6.27e+09  3- 2 6.28e-06  4- 3 1.19e-13  5- 4 1.65e-13  6- 5 2.73e-13  7- 6 4.57e-13  8- 7 7.45e-13
  9- 8 1.17e-12 10- 9 4.38e-12 11-10 2.89e-10 12-11 8.32e-15 13-12 6.12e-15 14-13 2.49e-15 15-14 0.00e+00 16-15 0.00e+00
 17-16 0.00e+00 18-17 0.00e+00 19-18 0.00e+00 20-19 0.00e+00 21-20 0.00e+00 22-21 0.00e+00 23-22 0.00e+00 24-23 0.00e+00
 25-24 0.00e+00

 Old, new He 2 continuum optical depths:
     1 3.43e+06     2 9.96e+07     3 0.00e+00     4 0.00e+00     5 0.00e+00     6 0.00e+00     7 0.00e+00     8 0.00e+00
     9 0.00e+00    10 0.00e+00    11 0.00e+00    12 0.00e+00    13 0.00e+00    14 0.00e+00    15 0.00e+00    16 0.00e+00
    17 0.00e+00    18 0.00e+00    19 0.00e+00    20 0.00e+00    21 0.00e+00    22 0.00e+00    23 0.00e+00    24 0.00e+00
    25 0.00e+00    26 0.00e+00    27 0.00e+00    28 0.00e+00    29 0.00e+00    30 0.00e+00    31 0.00e+00    32 0.00e+00
    33 0.00e+00    34 0.00e+00    35 0.00e+00    36 0.00e+00    37 0.00e+00    38 0.00e+00    39 0.00e+00    40 0.00e+00
    41 0.00e+00    42 0.00e+00    43 0.00e+00    44 0.00e+00    45 0.00e+00    46 0.00e+00    47 0.00e+00    48 0.00e+00
    49 0.00e+00    50 0.00e+00    51 0.00e+00    52 0.00e+00    53 0.00e+00    54 0.00e+00
     1 1.72e+06     2 4.98e+07     3 9.02e-03     4 9.02e-03     5 9.02e-03     6 1.23e-07     7 1.23e-07     8 1.23e-07
     9 1.23e-07    10 1.96e-07    11 1.96e-07    12 1.96e-07    13 1.96e-07    14 1.96e-07    15 2.42e-07    16 2.42e-07
    17 2.42e-07    18 2.42e-07    19 2.42e-07    20 2.42e-07    21 2.05e-07    22 2.05e-07    23 2.05e-07    24 2.05e-07
    25 2.05e-07    26 2.05e-07    27 2.05e-07    28 6.29e-08    29 6.29e-08    30 6.29e-08    31 6.29e-08    32 6.29e-08
    33 6.29e-08    34 6.29e-08    35 6.29e-08    36 5.36e-17    37 5.36e-17    38 5.36e-17    39 5.36e-17    40 5.36e-17
    41 5.36e-17    42 5.36e-17    43 5.36e-17    44 5.36e-17    45 9.26e-17    46 9.26e-17    47 9.26e-17    48 9.26e-17
    49 9.26e-17    50 9.26e-17    51 9.26e-17    52 9.26e-17    53 9.26e-17    54 9.26e-17

 Old, new He 2 mean line optical depths:
  2- 1 1.60e+19  3- 2 8.53e-08  4- 3 0.00e+00  5- 4 0.00e+00  6- 5 0.00e+00  7- 6 0.00e+00  8- 7 0.00e+00
  9- 8 0.00e+00 10- 9 0.00e+00 11-10 0.00e+00 12-11 0.00e+00 13-12 0.00e+00 14-13 0.00e+00 15-14 0.00e+00 16-15 0.00e+00
 17-16 0.00e+00 18-17 0.00e+00 19-18 0.00e+00 20-19 0.00e+00 21-20 0.00e+00 22-21 0.00e+00 23-22 0.00e+00 24-23 0.00e+00
 25-24 0.00e+00
  2- 1 1.24e+04  3- 2 3.21e-13  4- 3 1.41e-18  5- 4 2.08e-18  6- 5 3.53e-18  7- 6 6.00e-18  8- 7 9.87e-18
  9- 8 1.57e-17 10- 9 3.77e-17 11-10 4.16e-15 12-11 0.00e+00 13-12 0.00e+00 14-13 0.00e+00 15-14 0.00e+00 16-15 0.00e+00
 17-16 0.00e+00 18-17 0.00e+00 19-18 0.00e+00 20-19 0.00e+00 21-20 0.00e+00 22-21 0.00e+00 23-22 0.00e+00 24-23 0.00e+00
 25-24 0.00e+00

 Old He Is optical depths:    1 2.36e+07    2 0.00e+00    3 0.00e+00    4 0.00e+00    5 0.00e+00
 New He Is optical depths:    1 1.18e+07    2 3.54e-05    3 1.02e-07    4 1.14e-07    5 1.14e-07
          Old He Is Lines:  584 0.00e+00 3889 0.00e+00 5016 0.00e+00 5876 0.00e+00
          New He Is Lines:  584 4.03e+08 3889 8.34e-04 5016 8.34e-04 5876 8.34e-04
CIV QSO  

---------------Convergence statistics---------------
      2.62 mean iterations/state convergence
       2.9 mean cx acceleration loops/iteration
      1.09 mean iso convergence loops/ion solve
         1 mean steps/chemistry solve
         1 mean step length searches/chemistry step
----------------------------------------------------

 Cloudy ends: 309 zones, 1 iteration, ABORT DISASTER PROBLEM, 3 warnings, 1 caution. (single thread) ExecTime(s) 247.10
 [Stop in cdMain at maincl.cpp:496, something went wrong]
